Component: ARM Compiler 5.06 update 7 (build 960) Tool: armlink [4d3601]

==============================================================================

Section Cross References

    startup_stm32f407xx.o(STACK) refers (Special) to heapauxi.o(.text) for __use_two_region_memory
    startup_stm32f407xx.o(HEAP) refers (Special) to heapauxi.o(.text) for __use_two_region_memory
    startup_stm32f407xx.o(RESET) refers (Special) to heapauxi.o(.text) for __use_two_region_memory
    startup_stm32f407xx.o(RESET) refers to startup_stm32f407xx.o(STACK) for __initial_sp
    startup_stm32f407xx.o(RESET) refers to startup_stm32f407xx.o(.text) for Reset_Handler
    startup_stm32f407xx.o(RESET) refers to stm32f4xx_it.o(i.NMI_Handler) for NMI_Handler
    startup_stm32f407xx.o(RESET) refers to stm32f4xx_it.o(i.HardFault_Handler) for HardFault_Handler
    startup_stm32f407xx.o(RESET) refers to stm32f4xx_it.o(i.MemManage_Handler) for MemManage_Handler
    startup_stm32f407xx.o(RESET) refers to stm32f4xx_it.o(i.BusFault_Handler) for BusFault_Handler
    startup_stm32f407xx.o(RESET) refers to stm32f4xx_it.o(i.UsageFault_Handler) for UsageFault_Handler
    startup_stm32f407xx.o(RESET) refers to port.o(.emb_text) for SVC_Handler
    startup_stm32f407xx.o(RESET) refers to stm32f4xx_it.o(i.DebugMon_Handler) for DebugMon_Handler
    startup_stm32f407xx.o(RESET) refers to cmsis_os2.o(i.SysTick_Handler) for SysTick_Handler
    startup_stm32f407xx.o(RESET) refers to stm32f4xx_it.o(i.USART1_IRQHandler) for USART1_IRQHandler
    startup_stm32f407xx.o(RESET) refers to stm32f4xx_it.o(i.TIM6_DAC_IRQHandler) for TIM6_DAC_IRQHandler
    startup_stm32f407xx.o(RESET) refers to stm32f4xx_it.o(i.ETH_IRQHandler) for ETH_IRQHandler
    startup_stm32f407xx.o(.text) refers (Special) to heapauxi.o(.text) for __use_two_region_memory
    startup_stm32f407xx.o(.text) refers to system_stm32f4xx.o(i.SystemInit) for SystemInit
    startup_stm32f407xx.o(.text) refers to __main.o(!!!main) for __main
    startup_stm32f407xx.o(.text) refers to startup_stm32f407xx.o(HEAP) for Heap_Mem
    startup_stm32f407xx.o(.text) refers to startup_stm32f407xx.o(STACK) for Stack_Mem
    main.o(i.Error_Handler) refers to noretval__2printf.o(.text) for __2printf
    main.o(i.HAL_TIM_PeriodElapsedCallback) refers to stm32f4xx_hal.o(i.HAL_IncTick) for HAL_IncTick
    main.o(i.SystemClock_Config) refers to rt_memclr_w.o(.text) for __aeabi_memclr4
    main.o(i.SystemClock_Config) refers to stm32f4xx_hal_rcc.o(i.HAL_RCC_OscConfig) for HAL_RCC_OscConfig
    main.o(i.SystemClock_Config) refers to stm32f4xx_hal_rcc.o(i.HAL_RCC_ClockConfig) for HAL_RCC_ClockConfig
    main.o(i.SystemClock_Config) refers to main.o(i.Error_Handler) for Error_Handler
    main.o(i.main) refers to stm32f4xx_hal.o(i.HAL_Init) for HAL_Init
    main.o(i.main) refers to main.o(i.SystemClock_Config) for SystemClock_Config
    main.o(i.main) refers to gpio.o(i.MX_GPIO_Init) for MX_GPIO_Init
    main.o(i.main) refers to usart.o(i.MX_USART1_UART_Init) for MX_USART1_UART_Init
    main.o(i.main) refers to noretval__2printf.o(.text) for __2printf
    main.o(i.main) refers to cmsis_os2.o(i.osKernelInitialize) for osKernelInitialize
    main.o(i.main) refers to freertos.o(i.MX_FREERTOS_Init) for MX_FREERTOS_Init
    main.o(i.main) refers to cmsis_os2.o(i.osKernelStart) for osKernelStart
    freertos.o(i.MX_FREERTOS_Init) refers to cmsis_os2.o(i.osThreadNew) for osThreadNew
    freertos.o(i.MX_FREERTOS_Init) refers to freertos.o(.constdata) for .constdata
    freertos.o(i.MX_FREERTOS_Init) refers to freertos.o(i.StartDefaultTask) for StartDefaultTask
    freertos.o(i.MX_FREERTOS_Init) refers to freertos.o(.data) for .data
    freertos.o(i.StartDefaultTask) refers to _printf_percent.o(.ARM.Collect$$_printf_percent$$00000000) for _printf_percent
    freertos.o(i.StartDefaultTask) refers to _printf_s.o(.ARM.Collect$$_printf_percent$$00000014) for _printf_s
    freertos.o(i.StartDefaultTask) refers to _printf_str.o(.text) for _printf_str
    freertos.o(i.StartDefaultTask) refers to _printf_pad.o(.text) for _printf_pre_padding
    freertos.o(i.StartDefaultTask) refers to _printf_x.o(.ARM.Collect$$_printf_percent$$0000000C) for _printf_x
    freertos.o(i.StartDefaultTask) refers to _printf_hex_int.o(.text) for _printf_longlong_hex
    freertos.o(i.StartDefaultTask) refers to _printf_d.o(.ARM.Collect$$_printf_percent$$00000009) for _printf_d
    freertos.o(i.StartDefaultTask) refers to _printf_dec.o(.text) for _printf_int_dec
    freertos.o(i.StartDefaultTask) refers to noretval__2printf.o(.text) for __2printf
    freertos.o(i.StartDefaultTask) refers to lwip.o(i.MX_LWIP_Init) for MX_LWIP_Init
    freertos.o(i.StartDefaultTask) refers to dhcp.o(i.dhcp_supplied_address) for dhcp_supplied_address
    freertos.o(i.StartDefaultTask) refers to ip4_addr.o(i.ip4addr_ntoa) for ip4addr_ntoa
    freertos.o(i.StartDefaultTask) refers to dns_server.o(i.dns_server_start) for dns_server_start
[...]
    xQueueGenericSend                        0x08014781   Thumb Code   346  queue.o(i.xQueueGenericSend)
    xQueueGenericSendFromISR                 0x080148e1   Thumb Code   190  queue.o(i.xQueueGenericSendFromISR)
    xQueueGiveFromISR                        0x0801499f   Thumb Code   156  queue.o(i.xQueueGiveFromISR)
    xQueueGiveMutexRecursive                 0x08014a3b   Thumb Code    62  queue.o(i.xQueueGiveMutexRecursive)
    xQueueReceive                            0x08014a79   Thumb Code   308  queue.o(i.xQueueReceive)
    xQueueReceiveFromISR                     0x08014bb1   Thumb Code   154  queue.o(i.xQueueReceiveFromISR)
    xQueueSemaphoreTake                      0x08014c4d   Thumb Code   372  queue.o(i.xQueueSemaphoreTake)
    xQueueTakeMutexRecursive                 0x08014dc5   Thumb Code    64  queue.o(i.xQueueTakeMutexRecursive)
    xTaskCheckForTimeOut                     0x08014e05   Thumb Code   112  tasks.o(i.xTaskCheckForTimeOut)
    xTaskCreate                              0x08014e79   Thumb Code    90  tasks.o(i.xTaskCreate)
    xTaskCreateStatic                        0x08014ed3   Thumb Code    86  tasks.o(i.xTaskCreateStatic)
    xTaskGetCurrentTaskHandle                0x08014f29   Thumb Code     6  tasks.o(i.xTaskGetCurrentTaskHandle)
    xTaskGetSchedulerState                   0x08014f35   Thumb Code    22  tasks.o(i.xTaskGetSchedulerState)
    xTaskGetTickCount                        0x08014f51   Thumb Code     6  tasks.o(i.xTaskGetTickCount)
    xTaskGetTickCountFromISR                 0x08014f5d   Thumb Code    12  tasks.o(i.xTaskGetTickCountFromISR)
    xTaskIncrementTick                       0x08014f6d   Thumb Code   192  tasks.o(i.xTaskIncrementTick)
    xTaskPriorityDisinherit                  0x08015035   Thumb Code   118  tasks.o(i.xTaskPriorityDisinherit)
    xTaskPriorityInherit                     0x080150b5   Thumb Code   112  tasks.o(i.xTaskPriorityInherit)
    xTaskRemoveFromEventList                 0x0801512d   Thumb Code    98  tasks.o(i.xTaskRemoveFromEventList)
    xTaskResumeAll                           0x0801519d   Thumb Code   182  tasks.o(i.xTaskResumeAll)
    xTimerCreateTimerTask                    0x08015261   Thumb Code    78  timers.o(i.xTimerCreateTimerTask)
    xTimerGenericCommand                     0x080152c1   Thumb Code    98  timers.o(i.xTimerGenericCommand)
    _fp_init                                 0x08015329   Thumb Code    10  fpinit.o(x$fpl$fpinit)
    __fplib_config_fpu_vfp                   0x08015331   Thumb Code     0  fpinit.o(x$fpl$fpinit)
    __fplib_config_pureend_doubles           0x08015331   Thumb Code     0  fpinit.o(x$fpl$fpinit)
    defaultTask_attributes                   0x08015334   Data          36  freertos.o(.constdata)
    memp_RX_POOL                             0x08015358   Data          12  ethernetif.o(.constdata)
    AHBPrescTable                            0x08015488   Data          16  system_stm32f4xx.o(.constdata)
    APBPrescTable                            0x08015498   Data           8  system_stm32f4xx.o(.constdata)
    ethbroadcast                             0x080154a0   Data           6  ethernet.o(.constdata)
    ethzero                                  0x080154a6   Data           6  ethernet.o(.constdata)
    netconn_aborted                          0x080154ac   Data           1  api_msg.o(.constdata)
    netconn_reset                            0x080154ad   Data           1  api_msg.o(.constdata)
    netconn_closed                           0x080154ae   Data           1  api_msg.o(.constdata)
    memp_UDP_PCB                             0x080154b0   Data          12  memp.o(.constdata)
    memp_TCP_PCB                             0x080154bc   Data          12  memp.o(.constdata)
    memp_TCP_PCB_LISTEN                      0x080154c8   Data          12  memp.o(.constdata)
    memp_TCP_SEG                             0x080154d4   Data          12  memp.o(.constdata)
    memp_REASSDATA                           0x080154e0   Data          12  memp.o(.constdata)
    memp_FRAG_PBUF                           0x080154ec   Data          12  memp.o(.constdata)
    memp_NETBUF                              0x080154f8   Data          12  memp.o(.constdata)
    memp_NETCONN                             0x08015504   Data          12  memp.o(.constdata)
    memp_TCPIP_MSG_API                       0x08015510   Data          12  memp.o(.constdata)
    memp_TCPIP_MSG_INPKT                     0x0801551c   Data          12  memp.o(.constdata)
    memp_SYS_TIMEOUT                         0x08015528   Data          12  memp.o(.constdata)
    memp_PBUF                                0x08015534   Data          12  memp.o(.constdata)
    memp_PBUF_POOL                           0x08015540   Data          12  memp.o(.constdata)
    memp_pools                               0x0801554c   Data          52  memp.o(.constdata)
    tcp_pcb_lists                            0x080155c4   Data          16  tcp.o(.constdata)
    lwip_cyclic_timers                       0x080155d4   Data          40  timeouts.o(.constdata)
    ip_addr_any                              0x080155fc   Data           4  ip4_addr.o(.constdata)
    ip_addr_broadcast                        0x08015600   Data           4  ip4_addr.o(.constdata)
    Region$$Table$$Base                      0x080157fc   Number         0  anon$$obj.o(Region$$Table)
    Region$$Table$$Limit                     0x0801581c   Number         0  anon$$obj.o(Region$$Table)
    defaultTaskHandle                        0x20000004   Data           4  freertos.o(.data)
    __stdout                                 0x20000008   Data           4  usart.o(.data)
    RxPktSemaphore                           0x20000010   Data           4  ethernetif.o(.data)
    TxPktSemaphore                           0x20000014   Data           4  ethernetif.o(.data)
    ipaddr                                   0x2000001c   Data           4  lwip.o(.data)
    netmask                                  0x20000020   Data           4  lwip.o(.data)
    gw                                       0x20000024   Data           4  lwip.o(.data)
    uwTickFreq                               0x20000030   Data           1  stm32f4xx_hal.o(.data)
    uwTickPrio                               0x20000034   Data           4  stm32f4xx_hal.o(.data)
    uwTick                                   0x20000038   Data           4  stm32f4xx_hal.o(.data)
    SystemCoreClock                          0x2000003c   Data           4  system_stm32f4xx.o(.data)
    pxCurrentTCB                             0x20000040   Data           4  tasks.o(.data)
    lock_tcpip_core                          0x200000cc   Data           4  tcpip.o(.data)
    netif_list                               0x20000118   Data           4  netif.o(.data)
    netif_default                            0x2000011c   Data           4  netif.o(.data)
    pbuf_free_ooseq_pending                  0x20000120   Data           1  pbuf.o(.data)
    tcp_active_pcbs_changed                  0x20000124   Data           1  tcp.o(.data)
    tcp_ticks                                0x20000130   Data           4  tcp.o(.data)
    tcp_bound_pcbs                           0x20000134   Data           4  tcp.o(.data)
    tcp_listen_pcbs                          0x20000138   Data           4  tcp.o(.data)
    tcp_active_pcbs                          0x2000013c   Data           4  tcp.o(.data)
    tcp_tw_pcbs                              0x20000140   Data           4  tcp.o(.data)
    tcp_input_pcb                            0x20000164   Data           4  tcp_in.o(.data)
    udp_pcbs                                 0x20000178   Data           4  udp.o(.data)
    dhcp_rx_options_given                    0x20000188   Data           8  dhcp.o(.data)
    lwip_sys_mutex                           0x2000019c   Data           4  sys_arch.o(.data)
    huart1                                   0x200001a0   Data          72  usart.o(.bss)
    htim6                                    0x200001e8   Data          72  stm32f4xx_hal_timebase_tim.o(.bss)
    memp_memory_RX_POOL_base                 0x20000230   Data       18819  ethernetif.o(.bss)
    DMARxDscrTab                             0x20004bb4   Data         160  ethernetif.o(.bss)
    DMATxDscrTab                             0x20004c54   Data         160  ethernetif.o(.bss)
    heth                                     0x20004cf4   Data         176  ethernetif.o(.bss)
    TxConfig                                 0x20004da4   Data          56  ethernetif.o(.bss)
    gnetif                                   0x20004ddc   Data          56  lwip.o(.bss)
    attributes                               0x20004e14   Data          36  lwip.o(.bss)
    xQueueRegistry                           0x20004e38   Data          64  queue.o(.bss)
    ip_data                                  0x2000db0c   Data          24  ip.o(.bss)
    ram_heap                                 0x2000db24   Data        8211  mem.o(.bss)
    memp_memory_UDP_PCB_base                 0x2000fb37   Data         131  memp.o(.bss)
    memp_memory_TCP_PCB_base                 0x2000fbba   Data         783  memp.o(.bss)
    memp_memory_TCP_PCB_LISTEN_base          0x2000fec9   Data         227  memp.o(.bss)
    memp_memory_TCP_SEG_base                 0x2000ffac   Data         259  memp.o(.bss)
    memp_memory_REASSDATA_base               0x200100af   Data         163  memp.o(.bss)
    memp_memory_FRAG_PBUF_base               0x20010152   Data         363  memp.o(.bss)
    memp_memory_NETBUF_base                  0x200102bd   Data          35  memp.o(.bss)
    memp_memory_NETCONN_base                 0x200102e0   Data         163  memp.o(.bss)
    memp_memory_TCPIP_MSG_API_base           0x20010383   Data         131  memp.o(.bss)
    memp_memory_TCPIP_MSG_INPKT_base         0x20010406   Data         131  memp.o(.bss)
    memp_memory_SYS_TIMEOUT_base             0x20010489   Data          83  memp.o(.bss)
    memp_memory_PBUF_base                    0x200104dc   Data         259  memp.o(.bss)
    memp_memory_PBUF_POOL_base               0x200105df   Data        9731  memp.o(.bss)
    dhcp_rx_options_val                      0x20012bf4   Data          32  dhcp.o(.bss)
    _random_number_data                      0x20012d14   Data         228  rand.o(.bss)
    __libspace_start                         0x20012df8   Data          96  libspace.o(.bss)
    __temporary_stack_top$libspace           0x20012e58   Data           0  libspace.o(.bss)



==============================================================================

Memory Map of the image

  Image Entry point : 0x08000189

  Load Region LR_IROM1 (Base: 0x08000000, Size: 0x000159bc, Max: 0x00080000, ABSOLUTE, COMPRESSED[0x00015838])

    Execution Region ER_IROM1 (Exec base: 0x08000000, Load base: 0x08000000, Size: 0x0001581c, Max: 0x00080000, ABSOLUTE)

    Exec Addr    Load Addr    Size         Type   Attr      Idx    E Section Name        Object

    0x08000000   0x08000000   0x00000188   Data   RO            3    RESET               startup_stm32f407xx.o
    0x08000188   0x08000188   0x00000008   Code   RO        10565  * !!!main             c_w.l(__main.o)
    0x08000190   0x08000190   0x00000034   Code   RO        10770    !!!scatter          c_w.l(__scatter.o)
    0x080001c4   0x080001c4   0x0000005a   Code   RO        10768    !!dczerorl2         c_w.l(__dczerorl2.o)
    0x0800021e   0x0800021e   0x00000002   PAD
    0x08000220   0x08000220   0x0000001c   Code   RO        10772    !!handler_zi        c_w.l(__scatter_zi.o)
    0x0800023c   0x0800023c   0x00000000   Code   RO        10531    .ARM.Collect$$_printf_percent$$00000000  c_w.l(_printf_percent.o)
    0x0800023c   0x0800023c   0x00000006   Code   RO        10530    .ARM.Collect$$_printf_percent$$00000009  c_w.l(_printf_d.o)
    0x08000242   0x08000242   0x00000006   Code   RO        10529    .ARM.Collect$$_printf_percent$$0000000C  c_w.l(_printf_x.o)
    0x08000248   0x08000248   0x00000006   Code   RO        10528    .ARM.Collect$$_printf_percent$$00000014  c_w.l(_printf_s.o)
    0x0800024e   0x0800024e   0x00000004   Code   RO        10590    .ARM.Collect$$_printf_percent$$00000017  c_w.l(_printf_percent_end.o)
    0x08000252   0x08000252   0x00000002   Code   RO        10696    .ARM.Collect$$libinit$$00000000  c_w.l(libinit.o)
    0x08000254   0x08000254   0x00000004   Code   RO        10598    .ARM.Collect$$libinit$$00000001  c_w.l(libinit2.o)
    0x08000258   0x08000258   0x00000000   Code   RO        10601    .ARM.Collect$$libinit$$00000004  c_w.l(libinit2.o)
    0x08000258   0x08000258   0x00000000   Code   RO        10604    .ARM.Collect$$libinit$$0000000A  c_w.l(libinit2.o)
    0x08000258   0x08000258   0x00000000   Code   RO        10606    .ARM.Collect$$libinit$$0000000C  c_w.l(libinit2.o)
    0x08000258   0x08000258   0x00000004   Code   RO        10607    .ARM.Collect$$libinit$$0000000D  c_w.l(libinit2.o)
    0x0800025c   0x0800025c   0x00000000   Code   RO        10608    .ARM.Collect$$libinit$$0000000E  c_w.l(libinit2.o)
    0x0800025c   0x0800025c   0x00000000   Code   RO        10611    .ARM.Collect$$libinit$$00000011  c_w.l(libinit2.o)
    0x0800025c   0x0800025c   0x00000000   Code   RO        10613    .ARM.Collect$$libinit$$00000013  c_w.l(libinit2.o)
    0x0800025c   0x0800025c   0x00000000   Code   RO        10615    .ARM.Collect$$libinit$$00000015  c_w.l(libinit2.o)
    0x0800025c   0x0800025c   0x00000000   Code   RO        10617    .ARM.Collect$$libinit$$00000017  c_w.l(libinit2.o)
    0x0800025c   0x0800025c   0x00000000   Code   RO        10619    .ARM.Collect$$libinit$$00000019  c_w.l(libinit2.o)
    0x0800025c   0x0800025c   0x00000000   Code   RO        10621    .ARM.Collect$$libinit$$0000001B  c_w.l(libinit2.o)
    0x0800025c   0x0800025c   0x00000000   Code   RO        10623    .ARM.Collect$$libinit$$0000001D  c_w.l(libinit2.o)
    0x0800025c   0x0800025c   0x00000000   Code   RO        10625    .ARM.Collect$$libinit$$0000001F  c_w.l(libinit2.o)
    0x0800025c   0x0800025c   0x00000000   Code   RO        10627    .ARM.Collect$$libinit$$00000021  c_w.l(libinit2.o)
    0x0800025c   0x0800025c   0x00000000   Code   RO        10629    .ARM.Collect$$libinit$$00000023  c_w.l(libinit2.o)
    0x0800025c   0x0800025c   0x00000000   Code   RO        10631    .ARM.Collect$$libinit$$00000025  c_w.l(libinit2.o)
    0x0800025c   0x0800025c   0x00000000   Code   RO        10635    .ARM.Collect$$libinit$$0000002C  c_w.l(libinit2.o)
    0x0800025c   0x0800025c   0x00000000   Code   RO        10637    .ARM.Collect$$libinit$$0000002E  c_w.l(libinit2.o)
    0x0800025c   0x0800025c   0x00000000   Code   RO        10639    .ARM.Collect$$libinit$$00000030  c_w.l(libinit2.o)
    0x0800025c   0x0800025c   0x00000000   Code   RO        10641    .ARM.Collect$$libinit$$00000032  c_w.l(libinit2.o)
    0x0800025c   0x0800025c   0x00000002   Code   RO        10642    .ARM.Collect$$libinit$$00000033  c_w.l(libinit2.o)
    0x0800025e   0x0800025e   0x00000002   Code   RO        10733    .ARM.Collect$$libshutdown$$00000000  c_w.l(libshutdown.o)
    0x08000260   0x08000260   0x00000000   Code   RO        10749    .ARM.Collect$$libshutdown$$00000002  c_w.l(libshutdown2.o)
    0x08000260   0x08000260   0x00000000   Code   RO        10751    .ARM.Collect$$libshutdown$$00000004  c_w.l(libshutdown2.o)
    0x08000260   0x08000260   0x00000000   Code   RO        10753    .ARM.Collect$$libshutdown$$00000006  c_w.l(libshutdown2.o)
    0x08000260   0x08000260   0x00000000   Code   RO        10756    .ARM.Collect$$libshutdown$$00000009  c_w.l(libshutdown2.o)
    0x08000260   0x08000260   0x00000000   Code   RO        10759    .ARM.Collect$$libshutdown$$0000000C  c_w.l(libshutdown2.o)
    0x08000260   0x08000260   0x00000000   Code   RO        10761    .ARM.Collect$$libshutdown$$0000000E  c_w.l(libshutdown2.o)
    0x08000260   0x08000260   0x00000000   Code   RO        10764    .ARM.Collect$$libshutdown$$00000011  c_w.l(libshutdown2.o)
    0x08000260   0x08000260   0x00000002   Code   RO        10765    .ARM.Collect$$libshutdown$$00000012  c_w.l(libshutdown2.o)
    0x08000262   0x08000262   0x00000000   Code   RO        10569    .ARM.Collect$$rtentry$$00000000  c_w.l(__rtentry.o)
    0x08000262   0x08000262   0x00000000   Code   RO        10647    .ARM.Collect$$rtentry$$00000002  c_w.l(__rtentry2.o)
    0x08000262   0x08000262   0x00000006   Code   RO        10659    .ARM.Collect$$rtentry$$00000004  c_w.l(__rtentry4.o)
    0x08000268   0x08000268   0x00000000   Code   RO        10649    .ARM.Collect$$rtentry$$00000009  c_w.l(__rtentry2.o)
    0x08000268   0x08000268   0x00000004   Code   RO        10650    .ARM.Collect$$rtentry$$0000000A  c_w.l(__rtentry2.o)
    0x0800026c   0x0800026c   0x00000000   Code   RO        10652    .ARM.Collect$$rtentry$$0000000C  c_w.l(__rtentry2.o)
    0x0800026c   0x0800026c   0x00000008   Code   RO        10653    .ARM.Collect$$rtentry$$0000000D  c_w.l(__rtentry2.o)
    0x08000274   0x08000274   0x00000002   Code   RO        10699    .ARM.Collect$$rtexit$$00000000  c_w.l(rtexit.o)
    0x08000276   0x08000276   0x00000000   Code   RO        10715    .ARM.Collect$$rtexit$$00000002  c_w.l(rtexit2.o)
    0x08000276   0x08000276   0x00000004   Code   RO        10716    .ARM.Collect$$rtexit$$00000003  c_w.l(rtexit2.o)
    0x0800027a   0x0800027a   0x00000006   Code   RO        10717    .ARM.Collect$$rtexit$$00000004  c_w.l(rtexit2.o)
    0x08000280   0x08000280   0x000000be   Code   RO         5503    .emb_text           port.o
    0x0800033e   0x0800033e   0x00000002   PAD
    0x08000340   0x08000340   0x00000034   Code   RO        10534    .emb_text           c_w.l(rand.o)
    0x08000374   0x08000374   0x00000040   Code   RO            4    .text               startup_stm32f407xx.o
    0x080003b4   0x080003b4   0x00000002   Code   RO        10469    .text               c_w.l(use_no_semi_2.o)
    0x080003b6   0x080003b6   0x000000ee   Code   RO        10473    .text               c_w.l(lludivv7m.o)
    0x080004a4   0x080004a4   0x00000018   Code   RO        10477    .text               c_w.l(noretval__2printf.o)
    0x080004bc   0x080004bc   0x0000004e   Code   RO        10481    .text               c_w.l(_printf_pad.o)
    0x0800050a   0x0800050a   0x00000052   Code   RO        10483    .text               c_w.l(_printf_str.o)
    0x0800055c   0x0800055c   0x00000078   Code   RO        10485    .text               c_w.l(_printf_dec.o)
    0x080005d4   0x080005d4   0x00000058   Code   RO        10490    .text               c_w.l(_printf_hex_int.o)
    0x0800062c   0x0800062c   0x00000188   Code   RO        10525    .text               c_w.l(__printf_flags_ss_wp.o)
    0x080007b4   0x080007b4   0x0000003c   Code   RO        10535    .text               c_w.l(rand.o)
    0x080007f0   0x080007f0   0x00000058   Code   RO        10541    .text               c_w.l(memcmp.o)
    0x08000848   0x08000848   0x0000008a   Code   RO        10547    .text               c_w.l(rt_memcpy_v6.o)
    0x080008d2   0x080008d2   0x00000064   Code   RO        10551    .text               c_w.l(rt_memcpy_w.o)
    0x08000936   0x08000936   0x00000010   Code   RO        10555    .text               c_w.l(aeabi_memset.o)
    0x08000946   0x08000946   0x00000044   Code   RO        10557    .text               c_w.l(rt_memclr.o)
    0x0800098a   0x0800098a   0x0000004e   Code   RO        10559    .text               c_w.l(rt_memclr_w.o)
    0x080009d8   0x080009d8   0x00000006   Code   RO        10563    .text               c_w.l(heapauxi.o)
    0x080009de   0x080009de   0x00000002   Code   RO        10567    .text               c_w.l(use_no_semi.o)
    0x080009e0   0x080009e0   0x000000b2   Code   RO        10584    .text               c_w.l(_printf_intcommon.o)
    0x08000a92   0x08000a92   0x0000002c   Code   RO        10586    .text               c_w.l(_printf_char.o)
    0x08000abe   0x08000abe   0x00000002   PAD
    0x08000ac0   0x08000ac0   0x00000024   Code   RO        10588    .text               c_w.l(_printf_char_file.o)
    0x08000ae4   0x08000ae4   0x00000008   Code   RO        10643    .text               c_w.l(libspace.o)
    0x08000aec   0x08000aec   0x00000030   Code   RO        10663    .text               c_w.l(_printf_char_common.o)
    0x08000b1c   0x08000b1c   0x00000008   Code   RO        10667    .text               c_w.l(ferror.o)
    0x08000b24   0x08000b24   0x0000004a   Code   RO        10675    .text               c_w.l(sys_stackheap_outer.o)
    0x08000b6e   0x08000b6e   0x00000012   Code   RO        10681    .text               c_w.l(exit.o)
    0x08000b80   0x08000b80   0x00000002   Code   RO          467    i.BusFault_Handler  stm32f4xx_it.o
    0x08000b82   0x08000b82   0x00000002   Code   RO          468    i.DebugMon_Handler  stm32f4xx_it.o
    0x08000b84   0x08000b84   0x0000006a   Code   RO         3074    i.ETH_DMARxDescListInit  stm32f4xx_hal_eth.o
    0x08000bee   0x08000bee   0x0000002e   Code   RO         3075    i.ETH_FlushTransmitFIFO  stm32f4xx_hal_eth.o
    0x08000c1c   0x08000c1c   0x0000000c   Code   RO          469    i.ETH_IRQHandler    stm32f4xx_it.o
    0x08000c28   0x08000c28   0x0000009e   Code   RO         3076    i.ETH_MACDMAConfig  stm32f4xx_hal_eth.o
    0x08000cc6   0x08000cc6   0x00000002   PAD
    0x08000cc8   0x08000cc8   0x0000017c   Code   RO         3077    i.ETH_Prepare_Tx_Descriptors  stm32f4xx_hal_eth.o
    0x08000e44   0x08000e44   0x000000c0   Code   RO         3078    i.ETH_SetDMAConfig  stm32f4xx_hal_eth.o
    0x08000f04   0x08000f04   0x00000100   Code   RO         3079    i.ETH_SetMACConfig  stm32f4xx_hal_eth.o
    0x08001004   0x08001004   0x0000009c   Code   RO         3080    i.ETH_UpdateDescriptor  stm32f4xx_hal_eth.o
    0x080010a0   0x080010a0   0x0000002c   Code   RO           13    i.Error_Handler     main.o
    0x080010cc   0x080010cc   0x00000092   Code   RO         2386    i.HAL_DMA_Abort     stm32f4xx_hal_dma.o
    0x0800115e   0x0800115e   0x00000024   Code   RO         2387    i.HAL_DMA_Abort_IT  stm32f4xx_hal_dma.o
    0x08001182   0x08001182   0x00000002   PAD
    0x08001184   0x08001184   0x00000024   Code   RO         2823    i.HAL_Delay         stm32f4xx_hal.o
    0x080011a8   0x080011a8   0x0000001c   Code   RO          618    i.HAL_ETH_ErrorCallback  ethernetif.o
    0x080011c4   0x080011c4   0x00000006   Code   RO         3086    i.HAL_ETH_GetDMAError  stm32f4xx_hal_eth.o
    0x080011ca   0x080011ca   0x00000006   Code   RO         3087    i.HAL_ETH_GetError  stm32f4xx_hal_eth.o
    0x080011d0   0x080011d0   0x000000d8   Code   RO         3095    i.HAL_ETH_IRQHandler  stm32f4xx_hal_eth.o
    0x080012a8   0x080012a8   0x00000144   Code   RO         3096    i.HAL_ETH_Init      stm32f4xx_hal_eth.o
    0x080013ec   0x080013ec   0x000000e8   Code   RO          544    i.HAL_ETH_MspInit   stm32f4xx_hal_msp.o
    0x080014d4   0x080014d4   0x00000002   Code   RO         3099    i.HAL_ETH_PMTCallback  stm32f4xx_hal_eth.o
    0x080014d6   0x080014d6   0x000000e4   Code   RO         3100    i.HAL_ETH_ReadData  stm32f4xx_hal_eth.o
    0x080015ba   0x080015ba   0x00000002   PAD
    0x080015bc   0x080015bc   0x00000062   Code   RO         3101    i.HAL_ETH_ReadPHYRegister  stm32f4xx_hal_eth.o
    0x0800161e   0x0800161e   0x00000002   PAD
    0x08001620   0x08001620   0x0000005c   Code   RO         3105    i.HAL_ETH_ReleaseTxPacket  stm32f4xx_hal_eth.o
    0x0800167c   0x0800167c   0x00000048   Code   RO          619    i.HAL_ETH_RxAllocateCallback  ethernetif.o
    0x080016c4   0x080016c4   0x0000000c   Code   RO          620    i.HAL_ETH_RxCpltCallback  ethernetif.o
    0x080016d0   0x080016d0   0x0000002a   Code   RO          621    i.HAL_ETH_RxLinkCallback  ethernetif.o
    0x080016fa   0x080016fa   0x00000002   PAD
    0x080016fc   0x080016fc   0x00000094   Code   RO         3118    i.HAL_ETH_Start_IT  stm32f4xx_hal_eth.o
    0x08001790   0x08001790   0x00000066   Code   RO         3122    i.HAL_ETH_Transmit_IT  stm32f4xx_hal_eth.o
    0x080017f6   0x080017f6   0x00000002   PAD
    0x080017f8   0x080017f8   0x0000000c   Code   RO          622    i.HAL_ETH_TxCpltCallback  ethernetif.o
    0x08001804   0x08001804   0x00000004   Code   RO          623    i.HAL_ETH_TxFreeCallback  ethernetif.o
    0x08001808   0x08001808   0x00000002   Code   RO         3128    i.HAL_ETH_WakeUpCallback  stm32f4xx_hal_eth.o
    0x0800180a   0x0800180a   0x00000002   PAD
    0x0800180c   0x0800180c   0x000001f0   Code   RO         2279    i.HAL_GPIO_Init     stm32f4xx_hal_gpio.o
    0x080019fc   0x080019fc   0x0000000c   Code   RO         2829    i.HAL_GetTick       stm32f4xx_hal.o
    0x08001a08   0x08001a08   0x00000010   Code   RO         2835    i.HAL_IncTick       stm32f4xx_hal.o
    0x08001a18   0x08001a18   0x00000034   Code   RO         2836    i.HAL_Init          stm32f4xx_hal.o
    0x08001a4c   0x08001a4c   0x00000098   Code   RO          579    i.HAL_InitTick      stm32f4xx_hal_timebase_tim.o
    0x08001ae4   0x08001ae4   0x00000038   Code   RO          545    i.HAL_MspInit       stm32f4xx_hal_msp.o
    0x08001b1c   0x08001b1c   0x0000001a   Code   RO         2671    i.HAL_NVIC_EnableIRQ  stm32f4xx_hal_cortex.o
    0x08001b36   0x08001b36   0x00000002   PAD
    0x08001b38   0x08001b38   0x00000040   Code   RO         2677    i.HAL_NVIC_SetPriority  stm32f4xx_hal_cortex.o
    0x08001b78   0x08001b78   0x00000024   Code   RO         2678    i.HAL_NVIC_SetPriorityGrouping  stm32f4xx_hal_cortex.o
    0x08001b9c   0x08001b9c   0x00000134   Code   RO         1925    i.HAL_RCC_ClockConfig  stm32f4xx_hal_rcc.o
    0x08001cd0   0x08001cd0   0x00000040   Code   RO         1929    i.HAL_RCC_GetClockConfig  stm32f4xx_hal_rcc.o
    0x08001d10   0x08001d10   0x00000020   Code   RO         1932    i.HAL_RCC_GetPCLK1Freq  stm32f4xx_hal_rcc.o
    0x08001d30   0x08001d30   0x00000020   Code   RO         1933    i.HAL_RCC_GetPCLK2Freq  stm32f4xx_hal_rcc.o
    0x08001d50   0x08001d50   0x00000060   Code   RO         1934    i.HAL_RCC_GetSysClockFreq  stm32f4xx_hal_rcc.o
    0x08001db0   0x08001db0   0x0000036c   Code   RO         1937    i.HAL_RCC_OscConfig  stm32f4xx_hal_rcc.o
    0x0800211c   0x0800211c   0x00000002   Code   RO         1657    i.HAL_TIMEx_BreakCallback  stm32f4xx_hal_tim_ex.o
    0x0800211e   0x0800211e   0x00000002   Code   RO         1658    i.HAL_TIMEx_CommutCallback  stm32f4xx_hal_tim_ex.o
    0x08002120   0x08002120   0x0000005a   Code   RO          953    i.HAL_TIM_Base_Init  stm32f4xx_hal_tim.o
    0x0800217a   0x0800217a   0x00000002   Code   RO          955    i.HAL_TIM_Base_MspInit  stm32f4xx_hal_tim.o
    0x0800217c   0x0800217c   0x00000080   Code   RO          958    i.HAL_TIM_Base_Start_IT  stm32f4xx_hal_tim.o
    0x080021fc   0x080021fc   0x00000002   Code   RO          987    i.HAL_TIM_IC_CaptureCallback  stm32f4xx_hal_tim.o
    0x080021fe   0x080021fe   0x00000130   Code   RO         1001    i.HAL_TIM_IRQHandler  stm32f4xx_hal_tim.o
    0x0800232e   0x0800232e   0x00000002   Code   RO         1004    i.HAL_TIM_OC_DelayElapsedCallback  stm32f4xx_hal_tim.o
    0x08002330   0x08002330   0x00000002   Code   RO         1031    i.HAL_TIM_PWM_PulseFinishedCallback  stm32f4xx_hal_tim.o
    0x08002332   0x08002332   0x00000002   PAD
    0x08002334   0x08002334   0x00000014   Code   RO           14    i.HAL_TIM_PeriodElapsedCallback  main.o
    0x08002348   0x08002348   0x00000002   Code   RO         1044    i.HAL_TIM_TriggerCallback  stm32f4xx_hal_tim.o
    0x0800234a   0x0800234a   0x00000002   Code   RO         3436    i.HAL_UARTEx_RxEventCallback  stm32f4xx_hal_uart.o
    0x0800234c   0x0800234c   0x00000002   Code   RO         3450    i.HAL_UART_ErrorCallback  stm32f4xx_hal_uart.o
    0x0800234e   0x0800234e   0x00000002   PAD
    0x08002350   0x08002350   0x00000280   Code   RO         3453    i.HAL_UART_IRQHandler  stm32f4xx_hal_uart.o
    0x080025d0   0x080025d0   0x00000064   Code   RO         3454    i.HAL_UART_Init     stm32f4xx_hal_uart.o
    0x08002634   0x08002634   0x0000007c   Code   RO          409    i.HAL_UART_MspInit  usart.o
    0x080026b0   0x080026b0   0x00000002   Code   RO         3460    i.HAL_UART_RxCpltCallback  stm32f4xx_hal_uart.o
    0x080026b2   0x080026b2   0x000000a0   Code   RO         3462    i.HAL_UART_Transmit  stm32f4xx_hal_uart.o
    0x08002752   0x08002752   0x00000002   Code   RO         3465    i.HAL_UART_TxCpltCallback  stm32f4xx_hal_uart.o
    0x08002754   0x08002754   0x00000002   Code   RO          470    i.HardFault_Handler  stm32f4xx_it.o
    0x08002756   0x08002756   0x00000002   PAD
    0x08002758   0x08002758   0x00000020   Code   RO          361    i.MX_FREERTOS_Init  freertos.o
    0x08002778   0x08002778   0x0000004c   Code   RO          337    i.MX_GPIO_Init      gpio.o
    0x080027c4   0x080027c4   0x00000090   Code   RO          754    i.MX_LWIP_Init      lwip.o
    0x08002854   0x08002854   0x00000038   Code   RO          410    i.MX_USART1_UART_Init  usart.o
    0x0800288c   0x0800288c   0x00000002   Code   RO          471    i.MemManage_Handler  stm32f4xx_it.o
    0x0800288e   0x0800288e   0x00000002   Code   RO          472    i.NMI_Handler       stm32f4xx_it.o
    0x08002890   0x08002890   0x00000430   Code   RO          362    i.StartDefaultTask  freertos.o
    0x08002cc0   0x08002cc0   0x0000001a   Code   RO         4935    i.SysTick_Handler   cmsis_os2.o
    0x08002cda   0x08002cda   0x00000002   PAD
    0x08002cdc   0x08002cdc   0x0000008c   Code   RO           15    i.SystemClock_Config  main.o
    0x08002d68   0x08002d68   0x00000010   Code   RO         3788    i.SystemInit        system_stm32f4xx.o
    0x08002d78   0x08002d78   0x0000000c   Code   RO          473    i.TIM6_DAC_IRQHandler  stm32f4xx_it.o
    0x08002d84   0x08002d84   0x000000d0   Code   RO         1046    i.TIM_Base_SetConfig  stm32f4xx_hal_tim.o
    0x08002e54   0x08002e54   0x0000000e   Code   RO         3467    i.UART_DMAAbortOnError  stm32f4xx_hal_uart.o
    0x08002e62   0x08002e62   0x0000004e   Code   RO         3477    i.UART_EndRxTransfer  stm32f4xx_hal_uart.o
    0x08002eb0   0x08002eb0   0x000000c2   Code   RO         3479    i.UART_Receive_IT   stm32f4xx_hal_uart.o
    0x08002f72   0x08002f72   0x00000002   PAD
    0x08002f74   0x08002f74   0x0000010c   Code   RO         3480    i.UART_SetConfig    stm32f4xx_hal_uart.o
    0x08003080   0x08003080   0x00000072   Code   RO         3483    i.UART_WaitOnFlagUntilTimeout  stm32f4xx_hal_uart.o
    0x080030f2   0x080030f2   0x00000002   PAD
    0x080030f4   0x080030f4   0x0000000c   Code   RO          474    i.USART1_IRQHandler  stm32f4xx_it.o
    0x08003100   0x08003100   0x00000002   Code   RO          475    i.UsageFault_Handler  stm32f4xx_it.o
    0x08003102   0x08003102   0x00000020   Code   RO         2684    i.__NVIC_SetPriority  stm32f4xx_hal_cortex.o
    0x08003122   0x08003122   0x0000000e   Code   RO        10518    i._is_digit         c_w.l(__printf_wp.o)
    0x08003130   0x08003130   0x00000002   Code   RO          411    i._sys_exit         usart.o
    0x08003132   0x08003132   0x00000002   PAD
    0x08003134   0x08003134   0x00000178   Code   RO         6744    i.accept_function   api_msg.o
    0x080032ac   0x080032ac   0x0000009c   Code   RO         9330    i.dhcp_arp_reply    dhcp.o
    0x08003348   0x08003348   0x00000188   Code   RO         9331    i.dhcp_bind         dhcp.o
    0x080034d0   0x080034d0   0x00000034   Code   RO         9332    i.dhcp_check        dhcp.o
    0x08003504   0x08003504   0x000000ac   Code   RO         9334    i.dhcp_coarse_tmr   dhcp.o
    0x080035b0   0x080035b0   0x000001e4   Code   RO         9335    i.dhcp_create_msg   dhcp.o
    0x08003794   0x08003794   0x000000b8   Code   RO         9336    i.dhcp_dec_pcb_refcount  dhcp.o
    0x0800384c   0x0800384c   0x0000009c   Code   RO         9337    i.dhcp_decline      dhcp.o
    0x080038e8   0x080038e8   0x000000e8   Code   RO         9338    i.dhcp_discover     dhcp.o
    0x080039d0   0x080039d0   0x00000034   Code   RO         9339    i.dhcp_fine_tmr     dhcp.o
    0x08003a04   0x08003a04   0x00000064   Code   RO         9340    i.dhcp_handle_ack   dhcp.o
    0x08003a68   0x08003a68   0x000000ec   Code   RO         9341    i.dhcp_inc_pcb_refcount  dhcp.o
    0x08003b54   0x08003b54   0x000000c8   Code   RO         9343    i.dhcp_network_changed  dhcp.o
    0x08003c1c   0x08003c1c   0x00000098   Code   RO         9344    i.dhcp_option       dhcp.o
    0x08003cb4   0x08003cb4   0x000000bc   Code   RO         9345    i.dhcp_option_byte  dhcp.o
    0x08003d70   0x08003d70   0x000000d8   Code   RO         9346    i.dhcp_option_long  dhcp.o
    0x08003e48   0x08003e48   0x000000c8   Code   RO         9347    i.dhcp_option_short  dhcp.o
    0x08003f10   0x08003f10   0x00000020   Code   RO         9348    i.dhcp_option_trailer  dhcp.o
    0x08003f30   0x08003f30   0x00000390   Code   RO         9349    i.dhcp_parse_reply  dhcp.o
    0x080042c0   0x080042c0   0x000000d8   Code   RO         9350    i.dhcp_rebind       dhcp.o
    0x08004398   0x08004398   0x00000100   Code   RO         9351    i.dhcp_reboot       dhcp.o
    0x08004498   0x08004498   0x00000120   Code   RO         9352    i.dhcp_recv         dhcp.o
    0x080045b8   0x080045b8   0x000000bc   Code   RO         9354    i.dhcp_release_and_stop  dhcp.o
    0x08004674   0x08004674   0x000000d8   Code   RO         9355    i.dhcp_renew        dhcp.o
    0x0800474c   0x0800474c   0x00000200   Code   RO         9356    i.dhcp_select       dhcp.o
    0x0800494c   0x0800494c   0x00000010   Code   RO         9357    i.dhcp_set_state    dhcp.o
    0x0800495c   0x0800495c   0x00000128   Code   RO         9359    i.dhcp_start        dhcp.o
    0x08004a84   0x08004a84   0x00000004   Code   RO         9360    i.dhcp_stop         dhcp.o
    0x08004a88   0x08004a88   0x0000001c   Code   RO         9361    i.dhcp_supplied_address  dhcp.o
    0x08004aa4   0x08004aa4   0x0000006c   Code   RO         9362    i.dhcp_timeout      dhcp.o
    0x08004b10   0x08004b10   0x00000034   Code   RO          882    i.dns_server_start  dns_server.o
    0x08004b44   0x08004b44   0x00000278   Code   RO          884    i.dns_server_task   dns_server.o
    0x08004dbc   0x08004dbc   0x000000a8   Code   RO         7925    i.do_memp_free_pool  memp.o
    0x08004e64   0x08004e64   0x000000b8   Code   RO         7926    i.do_memp_malloc_pool  memp.o
    0x08004f1c   0x08004f1c   0x000001c8   Code   RO         6745    i.err_tcp           api_msg.o
    0x080050e4   0x080050e4   0x00000260   Code   RO         9539    i.etharp_find_entry  etharp.o
    0x08005344   0x08005344   0x00000024   Code   RO         9540    i.etharp_free_entry  etharp.o
    0x08005368   0x08005368   0x00000118   Code   RO         9542    i.etharp_input      etharp.o
    0x08005480   0x08005480   0x000001b0   Code   RO         9543    i.etharp_output     etharp.o
    0x08005630   0x08005630   0x00000110   Code   RO         9544    i.etharp_output_to_arp_index  etharp.o
    0x08005740   0x08005740   0x000001e8   Code   RO         9545    i.etharp_query      etharp.o
    0x08005928   0x08005928   0x00000174   Code   RO         9546    i.etharp_raw        etharp.o
    0x08005a9c   0x08005a9c   0x0000000c   Code   RO         9547    i.etharp_request    etharp.o
    0x08005aa8   0x08005aa8   0x00000020   Code   RO         9548    i.etharp_request_dst  etharp.o
    0x08005ac8   0x08005ac8   0x00000060   Code   RO         9549    i.etharp_tmr        etharp.o
    0x08005b28   0x08005b28   0x0000011c   Code   RO         9550    i.etharp_update_arp_entry  etharp.o
    0x08005c44   0x08005c44   0x000000a4   Code   RO         6106    i.ethernet_input    ethernet.o
    0x08005ce8   0x08005ce8   0x0000006c   Code   RO          755    i.ethernet_link_status_updated  lwip.o
    0x08005d54   0x08005d54   0x00000140   Code   RO          624    i.ethernet_link_thread  ethernetif.o
    0x08005e94   0x08005e94   0x000000f8   Code   RO         6107    i.ethernet_output   ethernet.o
    0x08005f8c   0x08005f8c   0x00000090   Code   RO          625    i.ethernetif_init   ethernetif.o
    0x0800601c   0x0800601c   0x00000048   Code   RO          626    i.ethernetif_input  ethernetif.o
    0x08006064   0x08006064   0x00000018   Code   RO          412    i.fputc             usart.o
    0x0800607c   0x0800607c   0x00000034   Code   RO          885    i.http_server_start  dns_server.o
    0x080060b0   0x080060b0   0x00000174   Code   RO          887    i.http_server_task  dns_server.o
    0x08006224   0x08006224   0x00000008   Code   RO         9637    i.icmp_dest_unreach  icmp.o
    0x0800622c   0x0800622c   0x000001e8   Code   RO         9638    i.icmp_input        icmp.o
    0x08006414   0x08006414   0x00000110   Code   RO         9639    i.icmp_send_response  icmp.o
    0x08006524   0x08006524   0x00000008   Code   RO         9640    i.icmp_time_exceeded  icmp.o
    0x0800652c   0x0800652c   0x0000002e   Code   RO         9754    i.ip4_addr_isbroadcast_u32  ip4_addr.o
    0x0800655a   0x0800655a   0x00000002   PAD
    0x0800655c   0x0800655c   0x00000260   Code   RO         9823    i.ip4_frag          ip4_frag.o
    0x080067bc   0x080067bc   0x00000194   Code   RO         9699    i.ip4_input         ip4.o
    0x08006950   0x08006950   0x0000002c   Code   RO         9700    i.ip4_input_accept  ip4.o
    0x0800697c   0x0800697c   0x0000001e   Code   RO         9702    i.ip4_output_if     ip4.o
    0x0800699a   0x0800699a   0x00000002   PAD
    0x0800699c   0x0800699c   0x00000178   Code   RO         9703    i.ip4_output_if_src  ip4.o
    0x08006b14   0x08006b14   0x00000288   Code   RO         9824    i.ip4_reass         ip4_frag.o
    0x08006d9c   0x08006d9c   0x00000060   Code   RO         9704    i.ip4_route         ip4.o
    0x08006dfc   0x08006dfc   0x0000000c   Code   RO         9757    i.ip4addr_ntoa      ip4_addr.o
    0x08006e08   0x08006e08   0x00000078   Code   RO         9758    i.ip4addr_ntoa_r    ip4_addr.o
    0x08006e80   0x08006e80   0x00000090   Code   RO         9825    i.ip_frag_free_pbuf_custom_ref  ip4_frag.o
    0x08006f10   0x08006f10   0x00000248   Code   RO         9826    i.ip_reass_chain_frag_into_datagram_and_validate  ip4_frag.o
    0x08007158   0x08007158   0x000000bc   Code   RO         9827    i.ip_reass_dequeue_datagram  ip4_frag.o
    0x08007214   0x08007214   0x00000198   Code   RO         9828    i.ip_reass_free_complete_datagram  ip4_frag.o
    0x080073ac   0x080073ac   0x00000080   Code   RO         9829    i.ip_reass_remove_oldest_datagram  ip4_frag.o
    0x0800742c   0x0800742c   0x0000002c   Code   RO         9830    i.ip_reass_tmr      ip4_frag.o
    0x08007458   0x08007458   0x00000098   Code   RO         9831    i.ipfrag_free_pbuf_custom  ip4_frag.o
    0x080074f0   0x080074f0   0x00000144   Code   RO          627    i.low_level_init    ethernetif.o
    0x08007634   0x08007634   0x000000a8   Code   RO          628    i.low_level_output  ethernetif.o
    0x080076dc   0x080076dc   0x0000003c   Code   RO         9098    i.lwip_cyclic_timer  timeouts.o
    0x08007718   0x08007718   0x00000004   Code   RO         7636    i.lwip_htonl        def.o
    0x0800771c   0x0800771c   0x00000004   Code   RO         7637    i.lwip_htons        def.o
    0x08007720   0x08007720   0x00000022   Code   RO         7781    i.lwip_init         init.o
    0x08007742   0x08007742   0x00000036   Code   RO         6746    i.lwip_netconn_do_bind  api_msg.o
    0x08007778   0x08007778   0x00000138   Code   RO         6748    i.lwip_netconn_do_close  api_msg.o
    0x080078b0   0x080078b0   0x000002c0   Code   RO         6749    i.lwip_netconn_do_close_internal  api_msg.o
    0x08007b70   0x08007b70   0x00000160   Code   RO         6750    i.lwip_netconn_do_connect  api_msg.o
    0x08007cd0   0x08007cd0   0x0000017c   Code   RO         6751    i.lwip_netconn_do_connected  api_msg.o
    0x08007e4c   0x08007e4c   0x00000198   Code   RO         6752    i.lwip_netconn_do_delconn  api_msg.o
    0x08007fe4   0x08007fe4   0x000000bc   Code   RO         6755    i.lwip_netconn_do_listen  api_msg.o
    0x080080a0   0x080080a0   0x00000012   Code   RO         6756    i.lwip_netconn_do_newconn  api_msg.o
    0x080080b2   0x080080b2   0x00000042   Code   RO         6757    i.lwip_netconn_do_recv  api_msg.o
    0x080080f4   0x080080f4   0x00000042   Code   RO         6758    i.lwip_netconn_do_send  api_msg.o
    0x08008136   0x08008136   0x00000002   PAD
    0x08008138   0x08008138   0x0000014c   Code   RO         6759    i.lwip_netconn_do_write  api_msg.o
    0x08008284   0x08008284   0x00000384   Code   RO         6760    i.lwip_netconn_do_writemore  api_msg.o
    0x08008608   0x08008608   0x000000a8   Code   RO         6761    i.lwip_netconn_err_to_msg  api_msg.o
    0x080086b0   0x080086b0   0x000000ac   Code   RO         6762    i.lwip_netconn_is_err_msg  api_msg.o
    0x0800875c   0x0800875c   0x00000080   Code   RO           16    i.main              main.o
    0x080087dc   0x080087dc   0x000001c8   Code   RO         7849    i.mem_free          mem.o
    0x080089a4   0x080089a4   0x000000c8   Code   RO         7850    i.mem_init          mem.o
    0x08008a6c   0x08008a6c   0x0000024c   Code   RO         7851    i.mem_malloc        mem.o
    0x08008cb8   0x08008cb8   0x00000010   Code   RO         7852    i.mem_to_ptr        mem.o
    0x08008cc8   0x08008cc8   0x000001e4   Code   RO         7853    i.mem_trim          mem.o
    0x08008eac   0x08008eac   0x0000009c   Code   RO         7927    i.memp_free         memp.o
    0x08008f48   0x08008f48   0x00000088   Code   RO         7928    i.memp_free_pool    memp.o
    0x08008fd0   0x08008fd0   0x00000020   Code   RO         7929    i.memp_init         memp.o
    0x08008ff0   0x08008ff0   0x0000002a   Code   RO         7930    i.memp_init_pool    memp.o
    0x0800901a   0x0800901a   0x00000002   PAD
    0x0800901c   0x0800901c   0x000000a4   Code   RO         7931    i.memp_malloc       memp.o
    0x080090c0   0x080090c0   0x0000008c   Code   RO         7932    i.memp_malloc_pool  memp.o
    0x0800914c   0x0800914c   0x000000e8   Code   RO         7028    i.netbuf_alloc      netbuf.o
    0x08009234   0x08009234   0x000000fc   Code   RO         7030    i.netbuf_data       netbuf.o
    0x08009330   0x08009330   0x00000022   Code   RO         7031    i.netbuf_delete     netbuf.o
    0x08009352   0x08009352   0x00000018   Code   RO         7034    i.netbuf_new        netbuf.o
    0x0800936a   0x0800936a   0x00000002   PAD
    0x0800936c   0x0800936c   0x00000138   Code   RO         6528    i.netconn_accept    api_lib.o
    0x080094a4   0x080094a4   0x00000104   Code   RO         6763    i.netconn_alloc     api_msg.o
    0x080095a8   0x080095a8   0x00000016   Code   RO         6529    i.netconn_apimsg    api_lib.o
    0x080095be   0x080095be   0x00000002   PAD
    0x080095c0   0x080095c0   0x000000b8   Code   RO         6530    i.netconn_bind      api_lib.o
    0x08009678   0x08009678   0x00000006   Code   RO         6532    i.netconn_close     api_lib.o
    0x0800967e   0x0800967e   0x00000002   PAD
    0x08009680   0x08009680   0x000000b0   Code   RO         6533    i.netconn_close_shutdown  api_lib.o
    0x08009730   0x08009730   0x000000bc   Code   RO         6534    i.netconn_connect   api_lib.o
    0x080097ec   0x080097ec   0x0000001e   Code   RO         6535    i.netconn_delete    api_lib.o
    0x0800980a   0x0800980a   0x0000009c   Code   RO         6764    i.netconn_drain     api_msg.o
    0x080098a6   0x080098a6   0x0000001e   Code   RO         6537    i.netconn_err       api_lib.o
    0x080098c4   0x080098c4   0x0000016c   Code   RO         6765    i.netconn_free      api_msg.o
    0x08009a30   0x08009a30   0x000000a8   Code   RO         6539    i.netconn_listen_with_backlog  api_lib.o
    0x08009ad8   0x08009ad8   0x00000178   Code   RO         6540    i.netconn_new_with_proto_and_callback  api_lib.o
    0x08009c50   0x08009c50   0x00000020   Code   RO         6541    i.netconn_prepare_delete  api_lib.o
    0x08009c70   0x08009c70   0x0000013c   Code   RO         6542    i.netconn_recv      api_lib.o
    0x08009dac   0x08009dac   0x00000188   Code   RO         6543    i.netconn_recv_data  api_lib.o
    0x08009f34   0x08009f34   0x00000092   Code   RO         6544    i.netconn_recv_data_tcp  api_lib.o
    0x08009fc6   0x08009fc6   0x00000002   PAD
    0x08009fc8   0x08009fc8   0x000000a8   Code   RO         6549    i.netconn_send      api_lib.o
    0x0800a070   0x0800a070   0x000000b8   Code   RO         6553    i.netconn_tcp_recvd_msg  api_lib.o
    0x0800a128   0x0800a128   0x00000014   Code   RO         6554    i.netconn_write_partly  api_lib.o
    0x0800a13c   0x0800a13c   0x0000018c   Code   RO         6555    i.netconn_write_vectors_partly  api_lib.o
    0x0800a2c8   0x0800a2c8   0x000001dc   Code   RO         8071    i.netif_add         netif.o
    0x0800a4a4   0x0800a4a4   0x00000016   Code   RO         8073    i.netif_do_ip_addr_changed  netif.o
    0x0800a4ba   0x0800a4ba   0x00000016   Code   RO         8074    i.netif_do_set_gw   netif.o
    0x0800a4d0   0x0800a4d0   0x000000c4   Code   RO         8075    i.netif_do_set_ipaddr  netif.o
    0x0800a594   0x0800a594   0x00000016   Code   RO         8076    i.netif_do_set_netmask  netif.o
    0x0800a5aa   0x0800a5aa   0x00000002   PAD
    0x0800a5ac   0x0800a5ac   0x00000028   Code   RO         8078    i.netif_get_by_index  netif.o
    0x0800a5d4   0x0800a5d4   0x00000002   Code   RO         8080    i.netif_init        netif.o
    0x0800a5d6   0x0800a5d6   0x00000002   PAD
    0x0800a5d8   0x0800a5d8   0x000000c0   Code   RO         8082    i.netif_issue_reports  netif.o
    0x0800a698   0x0800a698   0x00000006   Code   RO         8084    i.netif_null_output_ip4  netif.o
    0x0800a69e   0x0800a69e   0x00000002   PAD
    0x0800a6a0   0x0800a6a0   0x00000060   Code   RO         8086    i.netif_set_addr    netif.o
    0x0800a700   0x0800a700   0x0000000c   Code   RO         8087    i.netif_set_default  netif.o
    0x0800a70c   0x0800a70c   0x00000008   Code   RO         8091    i.netif_set_link_callback  netif.o
    0x0800a714   0x0800a714   0x000000ac   Code   RO         8092    i.netif_set_link_down  netif.o
    0x0800a7c0   0x0800a7c0   0x000000c8   Code   RO         8093    i.netif_set_link_up  netif.o
    0x0800a888   0x0800a888   0x000000a0   Code   RO         8095    i.netif_set_up      netif.o
    0x0800a928   0x0800a928   0x0000001a   Code   RO         4937    i.osDelay           cmsis_os2.o
    0x0800a942   0x0800a942   0x0000000e   Code   RO         4949    i.osKernelGetTickCount  cmsis_os2.o
    0x0800a950   0x0800a950   0x00000024   Code   RO         4951    i.osKernelInitialize  cmsis_os2.o
    0x0800a974   0x0800a974   0x00000038   Code   RO         4954    i.osKernelStart     cmsis_os2.o
    0x0800a9ac   0x0800a9ac   0x0000002a   Code   RO         4965    i.osMessageQueueDelete  cmsis_os2.o
    0x0800a9d6   0x0800a9d6   0x00000002   PAD
    0x0800a9d8   0x0800a9d8   0x00000064   Code   RO         4966    i.osMessageQueueGet  cmsis_os2.o
    0x0800aa3c   0x0800aa3c   0x00000014   Code   RO         4968    i.osMessageQueueGetCount  cmsis_os2.o
    0x0800aa50   0x0800aa50   0x00000058   Code   RO         4971    i.osMessageQueueNew  cmsis_os2.o
    0x0800aaa8   0x0800aaa8   0x00000068   Code   RO         4972    i.osMessageQueuePut  cmsis_os2.o
    0x0800ab10   0x0800ab10   0x00000052   Code   RO         4974    i.osMutexAcquire    cmsis_os2.o
    0x0800ab62   0x0800ab62   0x00000068   Code   RO         4977    i.osMutexNew        cmsis_os2.o
    0x0800abca   0x0800abca   0x00000042   Code   RO         4978    i.osMutexRelease    cmsis_os2.o
    0x0800ac0c   0x0800ac0c   0x0000005c   Code   RO         4979    i.osSemaphoreAcquire  cmsis_os2.o
    0x0800ac68   0x0800ac68   0x0000002a   Code   RO         4980    i.osSemaphoreDelete  cmsis_os2.o
    0x0800ac92   0x0800ac92   0x00000098   Code   RO         4982    i.osSemaphoreNew    cmsis_os2.o
    0x0800ad2a   0x0800ad2a   0x00000002   PAD
    0x0800ad2c   0x0800ad2c   0x00000058   Code   RO         4983    i.osSemaphoreRelease  cmsis_os2.o
    0x0800ad84   0x0800ad84   0x0000008a   Code   RO         4996    i.osThreadNew       cmsis_os2.o
    0x0800ae0e   0x0800ae0e   0x00000006   Code   RO         8259    i.pbuf_add_header   pbuf.o
    0x0800ae14   0x0800ae14   0x000000c0   Code   RO         8261    i.pbuf_add_header_impl  pbuf.o
    0x0800aed4   0x0800aed4   0x0000025c   Code   RO         8262    i.pbuf_alloc        pbuf.o
    0x0800b130   0x0800b130   0x000000b0   Code   RO         8263    i.pbuf_alloc_reference  pbuf.o
    0x0800b1e0   0x0800b1e0   0x00000036   Code   RO         8264    i.pbuf_alloced_custom  pbuf.o
    0x0800b216   0x0800b216   0x00000002   PAD
    0x0800b218   0x0800b218   0x00000130   Code   RO         8265    i.pbuf_cat          pbuf.o
    0x0800b348   0x0800b348   0x00000012   Code   RO         8266    i.pbuf_chain        pbuf.o
    0x0800b35a   0x0800b35a   0x00000012   Code   RO         8267    i.pbuf_clen         pbuf.o
    0x0800b36c   0x0800b36c   0x0000009c   Code   RO         8268    i.pbuf_clone        pbuf.o
    0x0800b408   0x0800b408   0x000001e0   Code   RO         8270    i.pbuf_copy         pbuf.o
    0x0800b5e8   0x0800b5e8   0x00000118   Code   RO         8271    i.pbuf_copy_partial  pbuf.o
    0x0800b700   0x0800b700   0x00000164   Code   RO         8273    i.pbuf_free         pbuf.o
    0x0800b864   0x0800b864   0x0000002c   Code   RO          629    i.pbuf_free_custom  ethernetif.o
    0x0800b890   0x0800b890   0x00000034   Code   RO         8275    i.pbuf_free_ooseq_callback  pbuf.o
    0x0800b8c4   0x0800b8c4   0x00000006   Code   RO         8279    i.pbuf_header_force  pbuf.o
    0x0800b8ca   0x0800b8ca   0x0000000e   Code   RO         8280    i.pbuf_header_impl  pbuf.o
    0x0800b8d8   0x0800b8d8   0x0000001c   Code   RO         8281    i.pbuf_init_alloced_pbuf  pbuf.o
    0x0800b8f4   0x0800b8f4   0x00000134   Code   RO         8285    i.pbuf_realloc      pbuf.o
    0x0800ba28   0x0800ba28   0x0000009c   Code   RO         8286    i.pbuf_ref          pbuf.o
    0x0800bac4   0x0800bac4   0x000000d0   Code   RO         8287    i.pbuf_remove_header  pbuf.o
    0x0800bb94   0x0800bb94   0x000000f8   Code   RO         6766    i.pcb_new           api_msg.o
    0x0800bc8c   0x0800bc8c   0x000001a0   Code   RO         7854    i.plug_holes        mem.o
    0x0800be2c   0x0800be2c   0x000000dc   Code   RO         6767    i.poll_tcp          api_msg.o
    0x0800bf08   0x0800bf08   0x0000005c   Code   RO         4396    i.prvAddCurrentTaskToDelayedList  tasks.o
    0x0800bf64   0x0800bf64   0x000000d0   Code   RO         4397    i.prvAddNewTaskToReadyList  tasks.o
    0x0800c034   0x0800c034   0x00000058   Code   RO         4761    i.prvCheckForValidListAndQueue  timers.o
    0x0800c08c   0x0800c08c   0x00000026   Code   RO         3993    i.prvCopyDataFromQueue  queue.o
    0x0800c0b2   0x0800c0b2   0x0000006c   Code   RO         3994    i.prvCopyDataToQueue  queue.o
    0x0800c11e   0x0800c11e   0x00000034   Code   RO         4398    i.prvDeleteTCB      tasks.o
    0x0800c152   0x0800c152   0x00000002   PAD
    0x0800c154   0x0800c154   0x0000004c   Code   RO         5448    i.prvHeapInit       heap_4.o
    0x0800c1a0   0x0800c1a0   0x00000060   Code   RO         4399    i.prvIdleTask       tasks.o
    0x0800c200   0x0800c200   0x00000016   Code   RO         3995    i.prvInitialiseMutex  queue.o
    0x0800c216   0x0800c216   0x00000002   PAD
    0x0800c218   0x0800c218   0x00000022   Code   RO         3996    i.prvInitialiseNewQueue  queue.o
    0x0800c23a   0x0800c23a   0x00000002   PAD
    0x0800c23c   0x0800c23c   0x000000b0   Code   RO         4400    i.prvInitialiseNewTask  tasks.o
    0x0800c2ec   0x0800c2ec   0x0000004c   Code   RO         5449    i.prvInsertBlockIntoFreeList  heap_4.o
    0x0800c338   0x0800c338   0x00000038   Code   RO         4763    i.prvInsertTimerInActiveList  timers.o
    0x0800c370   0x0800c370   0x0000001c   Code   RO         3997    i.prvIsQueueEmpty   queue.o
    0x0800c38c   0x0800c38c   0x000000fc   Code   RO         4764    i.prvProcessReceivedCommands  timers.o
    0x0800c488   0x0800c488   0x000000c0   Code   RO         4765    i.prvProcessTimerOrBlockTask  timers.o
    0x0800c548   0x0800c548   0x00000020   Code   RO         4402    i.prvResetNextTaskUnblockTime  tasks.o
    0x0800c568   0x0800c568   0x00000028   Code   RO         4766    i.prvSampleTimeNow  timers.o
    0x0800c590   0x0800c590   0x0000006c   Code   RO         4767    i.prvSwitchTimerLists  timers.o
    0x0800c5fc   0x0800c5fc   0x00000028   Code   RO         5504    i.prvTaskExitError  port.o
    0x0800c624   0x0800c624   0x00000024   Code   RO         4768    i.prvTimerTask      timers.o
    0x0800c648   0x0800c648   0x0000006a   Code   RO         3998    i.prvUnlockQueue    queue.o
    0x0800c6b2   0x0800c6b2   0x00000002   PAD
    0x0800c6b4   0x0800c6b4   0x0000000c   Code   RO         7855    i.ptr_to_mem        mem.o
    0x0800c6c0   0x0800c6c0   0x000000dc   Code   RO         5450    i.pvPortMalloc      heap_4.o
    0x0800c79c   0x0800c79c   0x00000018   Code   RO         4405    i.pvTaskIncrementMutexHeldCount  tasks.o
    0x0800c7b4   0x0800c7b4   0x0000002c   Code   RO         5505    i.pxPortInitialiseStack  port.o
    0x0800c7e0   0x0800c7e0   0x00000184   Code   RO         6768    i.recv_tcp          api_msg.o
    0x0800c964   0x0800c964   0x00000164   Code   RO         6769    i.recv_udp          api_msg.o
    0x0800cac8   0x0800cac8   0x000000d0   Code   RO         6770    i.sent_tcp          api_msg.o
    0x0800cb98   0x0800cb98   0x00000044   Code   RO         6771    i.setup_tcp         api_msg.o
    0x0800cbdc   0x0800cbdc   0x0000003e   Code   RO        10077    i.sys_arch_mbox_fetch  sys_arch.o
    0x0800cc1a   0x0800cc1a   0x00000016   Code   RO        10078    i.sys_arch_mbox_tryfetch  sys_arch.o
    0x0800cc30   0x0800cc30   0x00000018   Code   RO        10079    i.sys_arch_protect  sys_arch.o
    0x0800cc48   0x0800cc48   0x00000038   Code   RO        10080    i.sys_arch_sem_wait  sys_arch.o
    0x0800cc80   0x0800cc80   0x0000000c   Code   RO        10081    i.sys_arch_unprotect  sys_arch.o
    0x0800cc8c   0x0800cc8c   0x00000044   Code   RO         9099    i.sys_check_timeouts  timeouts.o
    0x0800ccd0   0x0800ccd0   0x00000014   Code   RO        10082    i.sys_init          sys_arch.o
    0x0800cce4   0x0800cce4   0x00000014   Code   RO        10083    i.sys_mbox_free     sys_arch.o
    0x0800ccf8   0x0800ccf8   0x0000001e   Code   RO        10084    i.sys_mbox_new      sys_arch.o
    0x0800cd16   0x0800cd16   0x00000006   Code   RO        10086    i.sys_mbox_set_invalid  sys_arch.o
    0x0800cd1c   0x0800cd1c   0x00000018   Code   RO        10087    i.sys_mbox_trypost  sys_arch.o
    0x0800cd34   0x0800cd34   0x0000000a   Code   RO        10089    i.sys_mbox_valid    sys_arch.o
    0x0800cd3e   0x0800cd3e   0x0000000a   Code   RO        10091    i.sys_mutex_lock    sys_arch.o
    0x0800cd48   0x0800cd48   0x00000018   Code   RO        10092    i.sys_mutex_new     sys_arch.o
    0x0800cd60   0x0800cd60   0x00000006   Code   RO        10093    i.sys_mutex_unlock  sys_arch.o
    0x0800cd66   0x0800cd66   0x00000004   Code   RO          630    i.sys_now           ethernetif.o
    0x0800cd6a   0x0800cd6a   0x00000006   Code   RO        10094    i.sys_sem_free      sys_arch.o
    0x0800cd70   0x0800cd70   0x00000028   Code   RO        10095    i.sys_sem_new       sys_arch.o
    0x0800cd98   0x0800cd98   0x00000006   Code   RO        10096    i.sys_sem_set_invalid  sys_arch.o
    0x0800cd9e   0x0800cd9e   0x00000006   Code   RO        10097    i.sys_sem_signal    sys_arch.o
    0x0800cda4   0x0800cda4   0x0000000a   Code   RO        10098    i.sys_sem_valid     sys_arch.o
    0x0800cdae   0x0800cdae   0x0000002e   Code   RO        10099    i.sys_thread_new    sys_arch.o
    0x0800cddc   0x0800cddc   0x000000c4   Code   RO         9101    i.sys_timeout       timeouts.o
    0x0800cea0   0x0800cea0   0x000000f8   Code   RO         9102    i.sys_timeout_abs   timeouts.o
    0x0800cf98   0x0800cf98   0x00000028   Code   RO         9103    i.sys_timeouts_init  timeouts.o
    0x0800cfc0   0x0800cfc0   0x00000028   Code   RO         9104    i.sys_timeouts_sleeptime  timeouts.o
    0x0800cfe8   0x0800cfe8   0x000001ac   Code   RO         8543    i.tcp_abandon       tcp.o
    0x0800d194   0x0800d194   0x00000006   Code   RO         8544    i.tcp_abort         tcp.o
    0x0800d19a   0x0800d19a   0x0000000e   Code   RO         8545    i.tcp_accept        tcp.o
    0x0800d1a8   0x0800d1a8   0x00000098   Code   RO         8546    i.tcp_accept_null   tcp.o
    0x0800d240   0x0800d240   0x00000124   Code   RO         8547    i.tcp_alloc         tcp.o
    0x0800d364   0x0800d364   0x00000008   Code   RO         8548    i.tcp_arg           tcp.o
    0x0800d36c   0x0800d36c   0x0000014c   Code   RO         8549    i.tcp_bind          tcp.o
    0x0800d4b8   0x0800d4b8   0x000000a0   Code   RO         8551    i.tcp_close         tcp.o
    0x0800d558   0x0800d558   0x000001dc   Code   RO         8552    i.tcp_close_shutdown  tcp.o
    0x0800d734   0x0800d734   0x000000c4   Code   RO         8553    i.tcp_close_shutdown_fin  tcp.o
    0x0800d7f8   0x0800d7f8   0x000001e0   Code   RO         8554    i.tcp_connect       tcp.o
    0x0800d9d8   0x0800d9d8   0x00000180   Code   RO         8938    i.tcp_create_segment  tcp_out.o
    0x0800db58   0x0800db58   0x000000b8   Code   RO         8556    i.tcp_eff_send_mss_netif  tcp.o
    0x0800dc10   0x0800dc10   0x00000234   Code   RO         8939    i.tcp_enqueue_flags  tcp_out.o
    0x0800de44   0x0800de44   0x000000a4   Code   RO         8557    i.tcp_err           tcp.o
    0x0800dee8   0x0800dee8   0x0000006c   Code   RO         8558    i.tcp_fasttmr       tcp.o
    0x0800df54   0x0800df54   0x00000090   Code   RO         8559    i.tcp_free          tcp.o
    0x0800dfe4   0x0800dfe4   0x0000013c   Code   RO         8849    i.tcp_free_acked_segments  tcp_in.o
    0x0800e120   0x0800e120   0x00000014   Code   RO         8560    i.tcp_free_ooseq    tcp.o
    0x0800e134   0x0800e134   0x00000028   Code   RO         8850    i.tcp_get_next_optbyte  tcp_in.o
    0x0800e15c   0x0800e15c   0x00000018   Code   RO         8561    i.tcp_init          tcp.o
    0x0800e174   0x0800e174   0x00000650   Code   RO         8851    i.tcp_input         tcp_in.o
    0x0800e7c4   0x0800e7c4   0x000000d4   Code   RO         8852    i.tcp_input_delayed_close  tcp_in.o
    0x0800e898   0x0800e898   0x000000cc   Code   RO         8940    i.tcp_keepalive     tcp_out.o
    0x0800e964   0x0800e964   0x000000bc   Code   RO         8562    i.tcp_kill_state    tcp.o
    0x0800ea20   0x0800ea20   0x00000070   Code   RO         8563    i.tcp_listen_closed  tcp.o
    0x0800ea90   0x0800ea90   0x00000198   Code   RO         8853    i.tcp_listen_input  tcp_in.o
    0x0800ec28   0x0800ec28   0x00000180   Code   RO         8565    i.tcp_listen_with_backlog_and_err  tcp.o
    0x0800eda8   0x0800eda8   0x0000004c   Code   RO         8566    i.tcp_netif_ip_addr_changed  tcp.o
    0x0800edf4   0x0800edf4   0x000000c0   Code   RO         8567    i.tcp_netif_ip_addr_changed_pcblist  tcp.o
    0x0800eeb4   0x0800eeb4   0x00000006   Code   RO         8569    i.tcp_new_ip_type   tcp.o
    0x0800eeba   0x0800eeba   0x00000002   PAD
    0x0800eebc   0x0800eebc   0x00000060   Code   RO         8570    i.tcp_new_port      tcp.o
    0x0800ef1c   0x0800ef1c   0x00000098   Code   RO         8571    i.tcp_next_iss      tcp.o
    0x0800efb4   0x0800efb4   0x0000010c   Code   RO         8854    i.tcp_oos_insert_segment  tcp_in.o
    0x0800f0c0   0x0800f0c0   0x000002e0   Code   RO         8941    i.tcp_output        tcp_out.o
    0x0800f3a0   0x0800f3a0   0x000000cc   Code   RO         8942    i.tcp_output_alloc_header  tcp_out.o
    0x0800f46c   0x0800f46c   0x00000110   Code   RO         8943    i.tcp_output_alloc_header_common  tcp_out.o
    0x0800f57c   0x0800f57c   0x000000e0   Code   RO         8944    i.tcp_output_control_segment  tcp_out.o
    0x0800f65c   0x0800f65c   0x000000d8   Code   RO         8945    i.tcp_output_fill_options  tcp_out.o
    0x0800f734   0x0800f734   0x000001dc   Code   RO         8946    i.tcp_output_segment  tcp_out.o
    0x0800f910   0x0800f910   0x000000a8   Code   RO         8947    i.tcp_output_segment_busy  tcp_out.o
    0x0800f9b8   0x0800f9b8   0x000000fc   Code   RO         8855    i.tcp_parseopt      tcp_in.o
    0x0800fab4   0x0800fab4   0x00000150   Code   RO         8948    i.tcp_pbuf_prealloc  tcp_out.o
    0x0800fc04   0x0800fc04   0x000000cc   Code   RO         8572    i.tcp_pcb_purge     tcp.o
    0x0800fcd0   0x0800fcd0   0x00000190   Code   RO         8573    i.tcp_pcb_remove    tcp.o
    0x0800fe60   0x0800fe60   0x000000cc   Code   RO         8574    i.tcp_poll          tcp.o
    0x0800ff2c   0x0800ff2c   0x000004c2   Code   RO         8856    i.tcp_process       tcp_in.o
    0x080103ee   0x080103ee   0x00000002   PAD
    0x080103f0   0x080103f0   0x00000104   Code   RO         8575    i.tcp_process_refused_data  tcp.o
    0x080104f4   0x080104f4   0x00000904   Code   RO         8857    i.tcp_receive       tcp_in.o
    0x08010df8   0x08010df8   0x000000a4   Code   RO         8576    i.tcp_recv          tcp.o
    0x08010e9c   0x08010e9c   0x000000b0   Code   RO         8577    i.tcp_recv_null     tcp.o
    0x08010f4c   0x08010f4c   0x00000100   Code   RO         8578    i.tcp_recved        tcp.o
    0x0801104c   0x0801104c   0x00000058   Code   RO         8579    i.tcp_remove_listener  tcp.o
    0x080110a4   0x080110a4   0x000000ec   Code   RO         8949    i.tcp_rexmit        tcp_out.o
    0x08011190   0x08011190   0x000000e8   Code   RO         8950    i.tcp_rexmit_fast   tcp_out.o
    0x08011278   0x08011278   0x000000a4   Code   RO         8951    i.tcp_rexmit_rto    tcp_out.o
    0x0801131c   0x0801131c   0x000000ac   Code   RO         8952    i.tcp_rexmit_rto_commit  tcp_out.o
    0x080113c8   0x080113c8   0x000000f8   Code   RO         8953    i.tcp_rexmit_rto_prepare  tcp_out.o
    0x080114c0   0x080114c0   0x00000010   Code   RO         8954    i.tcp_route         tcp_out.o
    0x080114d0   0x080114d0   0x00000114   Code   RO         8955    i.tcp_rst           tcp_out.o
    0x080115e4   0x080115e4   0x000000ac   Code   RO         8580    i.tcp_seg_copy      tcp.o
    0x08011690   0x08011690   0x0000001c   Code   RO         8581    i.tcp_seg_free      tcp.o
    0x080116ac   0x080116ac   0x00000012   Code   RO         8582    i.tcp_segs_free     tcp.o
    0x080116be   0x080116be   0x00000002   PAD
    0x080116c0   0x080116c0   0x000000ec   Code   RO         8956    i.tcp_send_empty_ack  tcp_out.o
    0x080117ac   0x080117ac   0x000000cc   Code   RO         8957    i.tcp_send_fin      tcp_out.o
    0x08011878   0x08011878   0x000000a4   Code   RO         8583    i.tcp_sent          tcp.o
    0x0801191c   0x0801191c   0x000000dc   Code   RO         8585    i.tcp_shutdown      tcp.o
    0x080119f8   0x080119f8   0x000005d0   Code   RO         8586    i.tcp_slowtmr       tcp.o
    0x08011fc8   0x08011fc8   0x0000022c   Code   RO         8958    i.tcp_split_unsent_seg  tcp_out.o
    0x080121f4   0x080121f4   0x00000034   Code   RO         9106    i.tcp_timer_needed  timeouts.o
    0x08012228   0x08012228   0x00000100   Code   RO         8858    i.tcp_timewait_input  tcp_in.o
    0x08012328   0x08012328   0x00000020   Code   RO         8588    i.tcp_tmr           tcp.o
    0x08012348   0x08012348   0x00000010   Code   RO         8859    i.tcp_trigger_input_pcb_close  tcp_in.o
    0x08012358   0x08012358   0x000000f4   Code   RO         8590    i.tcp_update_rcv_ann_wnd  tcp.o
    0x0801244c   0x0801244c   0x000006b8   Code   RO         8959    i.tcp_write         tcp_out.o
    0x08012b04   0x08012b04   0x00000174   Code   RO         8960    i.tcp_write_checks  tcp_out.o
    0x08012c78   0x08012c78   0x00000140   Code   RO         8961    i.tcp_zero_window_probe  tcp_out.o
    0x08012db8   0x08012db8   0x00000110   Code   RO         7467    i.tcpip_init        tcpip.o
    0x08012ec8   0x08012ec8   0x000000c0   Code   RO         7468    i.tcpip_inpkt       tcpip.o
    0x08012f88   0x08012f88   0x0000001c   Code   RO         7469    i.tcpip_input       tcpip.o
    0x08012fa4   0x08012fa4   0x00000020   Code   RO         7470    i.tcpip_send_msg_wait_sem  tcpip.o
    0x08012fc4   0x08012fc4   0x00000038   Code   RO         9107    i.tcpip_tcp_timer   timeouts.o
    0x08012ffc   0x08012ffc   0x000000f8   Code   RO         7471    i.tcpip_thread      tcpip.o
    0x080130f4   0x080130f4   0x000000cc   Code   RO         7472    i.tcpip_thread_handle_msg  tcpip.o
    0x080131c0   0x080131c0   0x000000bc   Code   RO         7473    i.tcpip_try_callback  tcpip.o
    0x0801327c   0x0801327c   0x00000134   Code   RO         9187    i.udp_bind          udp.o
    0x080133b0   0x080133b0   0x00000100   Code   RO         9189    i.udp_connect       udp.o
    0x080134b0   0x080134b0   0x00000018   Code   RO         9191    i.udp_init          udp.o
    0x080134c8   0x080134c8   0x000001e8   Code   RO         9192    i.udp_input         udp.o
    0x080136b0   0x080136b0   0x0000010c   Code   RO         9193    i.udp_input_local_match  udp.o
    0x080137bc   0x080137bc   0x00000034   Code   RO         9194    i.udp_netif_ip_addr_changed  udp.o
    0x080137f0   0x080137f0   0x0000001a   Code   RO         9195    i.udp_new           udp.o
    0x0801380a   0x0801380a   0x00000004   Code   RO         9196    i.udp_new_ip_type   udp.o
    0x0801380e   0x0801380e   0x00000002   PAD
    0x08013810   0x08013810   0x00000088   Code   RO         9197    i.udp_recv          udp.o
    0x08013898   0x08013898   0x000000b0   Code   RO         9198    i.udp_remove        udp.o
    0x08013948   0x08013948   0x000000bc   Code   RO         9199    i.udp_send          udp.o
    0x08013a04   0x08013a04   0x00000114   Code   RO         9200    i.udp_sendto        udp.o
    0x08013b18   0x08013b18   0x00000140   Code   RO         9201    i.udp_sendto_if     udp.o
    0x08013c58   0x08013c58   0x00000248   Code   RO         9202    i.udp_sendto_if_src  udp.o
    0x08013ea0   0x08013ea0   0x00000026   Code   RO         3953    i.uxListRemove      list.o
    0x08013ec6   0x08013ec6   0x00000024   Code   RO         4001    i.uxQueueMessagesWaiting  queue.o
    0x08013eea   0x08013eea   0x00000016   Code   RO         4002    i.uxQueueMessagesWaitingFromISR  queue.o
    0x08013f00   0x08013f00   0x00000014   Code   RO         5008    i.vApplicationGetIdleTaskMemory  cmsis_os2.o
    0x08013f14   0x08013f14   0x00000018   Code   RO         5009    i.vApplicationGetTimerTaskMemory  cmsis_os2.o
    0x08013f2c   0x08013f2c   0x00000016   Code   RO         3954    i.vListInitialise   list.o
    0x08013f42   0x08013f42   0x00000006   Code   RO         3955    i.vListInitialiseItem  list.o
    0x08013f48   0x08013f48   0x00000030   Code   RO         3956    i.vListInsert       list.o
    0x08013f78   0x08013f78   0x00000018   Code   RO         3957    i.vListInsertEnd    list.o
    0x08013f90   0x08013f90   0x00000040   Code   RO         5507    i.vPortEnterCritical  port.o
    0x08013fd0   0x08013fd0   0x00000028   Code   RO         5508    i.vPortExitCritical  port.o
    0x08013ff8   0x08013ff8   0x00000064   Code   RO         5451    i.vPortFree         heap_4.o
    0x0801405c   0x0801405c   0x00000024   Code   RO         5509    i.vPortSetupTimerInterrupt  port.o
    0x08014080   0x08014080   0x00000054   Code   RO         5510    i.vPortValidateInterruptPriority  port.o
    0x080140d4   0x080140d4   0x00000028   Code   RO         4004    i.vQueueAddToRegistry  queue.o
    0x080140fc   0x080140fc   0x0000002e   Code   RO         4005    i.vQueueDelete      queue.o
    0x0801412a   0x0801412a   0x00000002   PAD
    0x0801412c   0x0801412c   0x00000028   Code   RO         4007    i.vQueueUnregisterQueue  queue.o
    0x08014154   0x08014154   0x00000044   Code   RO         4008    i.vQueueWaitForMessageRestricted  queue.o
    0x08014198   0x08014198   0x0000004c   Code   RO         4415    i.vTaskDelay        tasks.o
    0x080141e4   0x080141e4   0x00000090   Code   RO         4417    i.vTaskDelete       tasks.o
    0x08014274   0x08014274   0x00000010   Code   RO         4420    i.vTaskInternalSetTimeOutState  tasks.o
    0x08014284   0x08014284   0x0000000c   Code   RO         4421    i.vTaskMissedYield  tasks.o
    0x08014290   0x08014290   0x00000030   Code   RO         4423    i.vTaskPlaceOnEventList  tasks.o
    0x080142c0   0x080142c0   0x00000038   Code   RO         4424    i.vTaskPlaceOnEventListRestricted  tasks.o
    0x080142f8   0x080142f8   0x00000090   Code   RO         4426    i.vTaskPriorityDisinheritAfterTimeout  tasks.o
    0x08014388   0x08014388   0x00000088   Code   RO         4432    i.vTaskStartScheduler  tasks.o
    0x08014410   0x08014410   0x00000010   Code   RO         4434    i.vTaskSuspendAll   tasks.o
    0x08014420   0x08014420   0x00000064   Code   RO         4435    i.vTaskSwitchContext  tasks.o
    0x08014484   0x08014484   0x000000f4   Code   RO         5511    i.xPortStartScheduler  port.o
    0x08014578   0x08014578   0x0000002c   Code   RO         5512    i.xPortSysTickHandler  port.o
    0x080145a4   0x080145a4   0x0000003a   Code   RO         4009    i.xQueueCreateCountingSemaphore  queue.o
    0x080145de   0x080145de   0x00000040   Code   RO         4010    i.xQueueCreateCountingSemaphoreStatic  queue.o
    0x0801461e   0x0801461e   0x00000016   Code   RO         4011    i.xQueueCreateMutex  queue.o
    0x08014634   0x08014634   0x0000001a   Code   RO         4012    i.xQueueCreateMutexStatic  queue.o
    0x0801464e   0x0801464e   0x00000042   Code   RO         4013    i.xQueueGenericCreate  queue.o
    0x08014690   0x08014690   0x00000066   Code   RO         4014    i.xQueueGenericCreateStatic  queue.o
    0x080146f6   0x080146f6   0x00000002   PAD
    0x080146f8   0x080146f8   0x00000088   Code   RO         4015    i.xQueueGenericReset  queue.o
    0x08014780   0x08014780   0x00000160   Code   RO         4016    i.xQueueGenericSend  queue.o
    0x080148e0   0x080148e0   0x000000be   Code   RO         4017    i.xQueueGenericSendFromISR  queue.o
    0x0801499e   0x0801499e   0x0000009c   Code   RO         4020    i.xQueueGiveFromISR  queue.o
    0x08014a3a   0x08014a3a   0x0000003e   Code   RO         4021    i.xQueueGiveMutexRecursive  queue.o
    0x08014a78   0x08014a78   0x00000138   Code   RO         4026    i.xQueueReceive     queue.o
    0x08014bb0   0x08014bb0   0x0000009a   Code   RO         4027    i.xQueueReceiveFromISR  queue.o
    0x08014c4a   0x08014c4a   0x00000002   PAD
    0x08014c4c   0x08014c4c   0x00000178   Code   RO         4028    i.xQueueSemaphoreTake  queue.o
    0x08014dc4   0x08014dc4   0x00000040   Code   RO         4029    i.xQueueTakeMutexRecursive  queue.o
    0x08014e04   0x08014e04   0x00000074   Code   RO         4437    i.xTaskCheckForTimeOut  tasks.o
    0x08014e78   0x08014e78   0x0000005a   Code   RO         4438    i.xTaskCreate       tasks.o
    0x08014ed2   0x08014ed2   0x00000056   Code   RO         4439    i.xTaskCreateStatic  tasks.o
    0x08014f28   0x08014f28   0x0000000c   Code   RO         4442    i.xTaskGetCurrentTaskHandle  tasks.o
    0x08014f34   0x08014f34   0x0000001c   Code   RO         4443    i.xTaskGetSchedulerState  tasks.o
    0x08014f50   0x08014f50   0x0000000c   Code   RO         4444    i.xTaskGetTickCount  tasks.o
    0x08014f5c   0x08014f5c   0x00000010   Code   RO         4445    i.xTaskGetTickCountFromISR  tasks.o
    0x08014f6c   0x08014f6c   0x000000c8   Code   RO         4446    i.xTaskIncrementTick  tasks.o
    0x08015034   0x08015034   0x00000080   Code   RO         4449    i.xTaskPriorityDisinherit  tasks.o
    0x080150b4   0x080150b4   0x00000078   Code   RO         4450    i.xTaskPriorityInherit  tasks.o
    0x0801512c   0x0801512c   0x00000070   Code   RO         4451    i.xTaskRemoveFromEventList  tasks.o
    0x0801519c   0x0801519c   0x000000c4   Code   RO         4452    i.xTaskResumeAll    tasks.o
    0x08015260   0x08015260   0x00000060   Code   RO         4777    i.xTimerCreateTimerTask  timers.o
    0x080152c0   0x080152c0   0x00000068   Code   RO         4778    i.xTimerGenericCommand  timers.o
    0x08015328   0x08015328   0x0000000a   Code   RO        10673    x$fpl$fpinit        fz_wm.l(fpinit.o)
    0x08015332   0x08015332   0x00000002   PAD
    0x08015334   0x08015334   0x00000024   Data   RO          363    .constdata          freertos.o
    0x08015358   0x08015358   0x0000000c   Data   RO          633    .constdata          ethernetif.o
    0x08015364   0x08015364   0x00000124   Data   RO          888    .constdata          dns_server.o
    0x08015488   0x08015488   0x00000010   Data   RO         3789    .constdata          system_stm32f4xx.o
    0x08015498   0x08015498   0x00000008   Data   RO         3790    .constdata          system_stm32f4xx.o
    0x080154a0   0x080154a0   0x00000006   Data   RO         6108    .constdata          ethernet.o
    0x080154a6   0x080154a6   0x00000006   Data   RO         6109    .constdata          ethernet.o
    0x080154ac   0x080154ac   0x00000003   Data   RO         6772    .constdata          api_msg.o
    0x080154af   0x080154af   0x00000001   PAD
    0x080154b0   0x080154b0   0x0000000c   Data   RO         7946    .constdata          memp.o
    0x080154bc   0x080154bc   0x0000000c   Data   RO         7947    .constdata          memp.o
    0x080154c8   0x080154c8   0x0000000c   Data   RO         7948    .constdata          memp.o
    0x080154d4   0x080154d4   0x0000000c   Data   RO         7949    .constdata          memp.o
    0x080154e0   0x080154e0   0x0000000c   Data   RO         7950    .constdata          memp.o
    0x080154ec   0x080154ec   0x0000000c   Data   RO         7951    .constdata          memp.o
    0x080154f8   0x080154f8   0x0000000c   Data   RO         7952    .constdata          memp.o
    0x08015504   0x08015504   0x0000000c   Data   RO         7953    .constdata          memp.o
    0x08015510   0x08015510   0x0000000c   Data   RO         7954    .constdata          memp.o
    0x0801551c   0x0801551c   0x0000000c   Data   RO         7955    .constdata          memp.o
    0x08015528   0x08015528   0x0000000c   Data   RO         7956    .constdata          memp.o
    0x08015534   0x08015534   0x0000000c   Data   RO         7957    .constdata          memp.o
    0x08015540   0x08015540   0x0000000c   Data   RO         7958    .constdata          memp.o
    0x0801554c   0x0801554c   0x00000034   Data   RO         7959    .constdata          memp.o
    0x08015580   0x08015580   0x00000054   Data   RO         8591    .constdata          tcp.o
    0x080155d4   0x080155d4   0x00000028   Data   RO         9108    .constdata          timeouts.o
    0x080155fc   0x080155fc   0x00000004   Data   RO         9761    .constdata          ip4_addr.o
    0x08015600   0x08015600   0x00000004   Data   RO         9762    .constdata          ip4_addr.o
    0x08015604   0x08015604   0x00000028   Data   RO        10491    .constdata          c_w.l(_printf_hex_int.o)
    0x0801562c   0x0801562c   0x00000011   Data   RO        10526    .constdata          c_w.l(__printf_flags_ss_wp.o)
    0x0801563d   0x0801563d   0x00000003   PAD
    0x08015640   0x08015640   0x00000050   Data   RO          364    .conststring        freertos.o
    0x08015690   0x08015690   0x00000014   Data   RO          889    .conststring        dns_server.o
    0x080156a4   0x080156a4   0x00000075   Data   RO         8592    .conststring        tcp.o
    0x08015719   0x08015719   0x00000003   PAD
    0x0801571c   0x0801571c   0x00000055   Data   RO         8962    .conststring        tcp_out.o
    0x08015771   0x08015771   0x00000003   PAD
    0x08015774   0x08015774   0x00000042   Data   RO         9364    .conststring        dhcp.o
    0x080157b6   0x080157b6   0x00000002   PAD
    0x080157b8   0x080157b8   0x00000041   Data   RO         9552    .conststring        etharp.o
    0x080157f9   0x080157f9   0x00000003   PAD
    0x080157fc   0x080157fc   0x00000020   Data   RO        10766    Region$$Table       anon$$obj.o


    Execution Region RW_IRAM1 (Exec base: 0x20000000, Load base: 0x0801581c, Size: 0x00013458, Max: 0x0001c000, ABSOLUTE, COMPRESSED[0x0000001c])

    Exec Addr    Load Addr    Size         Type   Attr      Idx    E Section Name        Object

    0x20000000   COMPRESSED   0x00000008   Data   RW          365    .data               freertos.o
    0x20000008   COMPRESSED   0x00000004   Data   RW          414    .data               usart.o
    0x2000000c   COMPRESSED   0x0000000c   Data   RW          634    .data               ethernetif.o
    0x20000018   COMPRESSED   0x00000004   Data   RW          635    .data               ethernetif.o
    0x2000001c   COMPRESSED   0x0000000c   Data   RW          761    .data               lwip.o
    0x20000028   COMPRESSED   0x00000008   Data   RW          890    .data               dns_server.o
    0x20000030   COMPRESSED   0x0000000c   Data   RW         2843    .data               stm32f4xx_hal.o
    0x2000003c   COMPRESSED   0x00000004   Data   RW         3791    .data               system_stm32f4xx.o
    0x20000040   COMPRESSED   0x0000003c   Data   RW         4455    .data               tasks.o
    0x2000007c   COMPRESSED   0x00000014   Data   RW         4786    .data               timers.o
    0x20000090   COMPRESSED   0x00000004   Data   RW         5011    .data               cmsis_os2.o
    0x20000094   COMPRESSED   0x00000020   Data   RW         5457    .data               heap_4.o
    0x200000b4   COMPRESSED   0x0000000c   Data   RW         5513    .data               port.o
    0x200000c0   COMPRESSED   0x00000010   Data   RW         7474    .data               tcpip.o
    0x200000d0   COMPRESSED   0x00000010   Data   RW         7857    .data               mem.o
    0x200000e0   COMPRESSED   0x00000004   Data   RW         7960    .data               memp.o
    0x200000e4   COMPRESSED   0x00000004   Data   RW         7961    .data               memp.o
    0x200000e8   COMPRESSED   0x00000004   Data   RW         7962    .data               memp.o
    0x200000ec   COMPRESSED   0x00000004   Data   RW         7963    .data               memp.o
    0x200000f0   COMPRESSED   0x00000004   Data   RW         7964    .data               memp.o
    0x200000f4   COMPRESSED   0x00000004   Data   RW         7965    .data               memp.o
    0x200000f8   COMPRESSED   0x00000004   Data   RW         7966    .data               memp.o
    0x200000fc   COMPRESSED   0x00000004   Data   RW         7967    .data               memp.o
    0x20000100   COMPRESSED   0x00000004   Data   RW         7968    .data               memp.o
    0x20000104   COMPRESSED   0x00000004   Data   RW         7969    .data               memp.o
    0x20000108   COMPRESSED   0x00000004   Data   RW         7970    .data               memp.o
    0x2000010c   COMPRESSED   0x00000004   Data   RW         7971    .data               memp.o
    0x20000110   COMPRESSED   0x00000004   Data   RW         7972    .data               memp.o
    0x20000114   COMPRESSED   0x0000000c   Data   RW         8096    .data               netif.o
    0x20000120   COMPRESSED   0x00000001   Data   RW         8294    .data               pbuf.o
    0x20000121   COMPRESSED   0x00000003   PAD
    0x20000124   COMPRESSED   0x00000020   Data   RW         8593    .data               tcp.o
    0x20000144   COMPRESSED   0x00000024   Data   RW         8861    .data               tcp_in.o
    0x20000168   COMPRESSED   0x0000000c   Data   RW         9110    .data               timeouts.o
    0x20000174   COMPRESSED   0x00000008   Data   RW         9203    .data               udp.o
    0x2000017c   COMPRESSED   0x00000014   Data   RW         9365    .data               dhcp.o
    0x20000190   COMPRESSED   0x00000001   Data   RW         9553    .data               etharp.o
    0x20000191   COMPRESSED   0x00000001   PAD
    0x20000192   COMPRESSED   0x00000002   Data   RW         9705    .data               ip4.o
    0x20000194   COMPRESSED   0x00000008   Data   RW         9832    .data               ip4_frag.o
    0x2000019c   COMPRESSED   0x00000004   Data   RW        10101    .data               sys_arch.o
    0x200001a0        -       0x00000048   Zero   RW          413    .bss                usart.o
    0x200001e8        -       0x00000048   Zero   RW          582    .bss                stm32f4xx_hal_timebase_tim.o
    0x20000230        -       0x00004983   Zero   RW          631    .bss                ethernetif.o
    0x20004bb3   COMPRESSED   0x00000001   PAD
    0x20004bb4        -       0x00000228   Zero   RW          632    .bss                ethernetif.o
    0x20004ddc        -       0x0000005c   Zero   RW          760    .bss                lwip.o
    0x20004e38        -       0x00000040   Zero   RW         4030    .bss                queue.o
    0x20004e78        -       0x000004c4   Zero   RW         4454    .bss                tasks.o
    0x2000533c        -       0x00000118   Zero   RW         4785    .bss                timers.o
    0x20005454        -       0x000006b8   Zero   RW         5010    .bss                cmsis_os2.o
    0x20005b0c        -       0x00008000   Zero   RW         5456    .bss                heap_4.o
    0x2000db0c        -       0x00000018   Zero   RW         7824    .bss                ip.o
    0x2000db24        -       0x00002013   Zero   RW         7856    .bss                mem.o
    0x2000fb37        -       0x00000083   Zero   RW         7933    .bss                memp.o
    0x2000fbba        -       0x0000030f   Zero   RW         7934    .bss                memp.o
    0x2000fec9        -       0x000000e3   Zero   RW         7935    .bss                memp.o
    0x2000ffac        -       0x00000103   Zero   RW         7936    .bss                memp.o
    0x200100af        -       0x000000a3   Zero   RW         7937    .bss                memp.o
    0x20010152        -       0x0000016b   Zero   RW         7938    .bss                memp.o
    0x200102bd        -       0x00000023   Zero   RW         7939    .bss                memp.o
    0x200102e0        -       0x000000a3   Zero   RW         7940    .bss                memp.o
    0x20010383        -       0x00000083   Zero   RW         7941    .bss                memp.o
    0x20010406        -       0x00000083   Zero   RW         7942    .bss                memp.o
    0x20010489        -       0x00000053   Zero   RW         7943    .bss                memp.o
    0x200104dc        -       0x00000103   Zero   RW         7944    .bss                memp.o
    0x200105df        -       0x00002603   Zero   RW         7945    .bss                memp.o
    0x20012be2   COMPRESSED   0x00000002   PAD
    0x20012be4        -       0x00000010   Zero   RW         8860    .bss                tcp_in.o
    0x20012bf4        -       0x00000020   Zero   RW         9363    .bss                dhcp.o
    0x20012c14        -       0x000000f0   Zero   RW         9551    .bss                etharp.o
    0x20012d04        -       0x00000010   Zero   RW         9760    .bss                ip4_addr.o
    0x20012d14        -       0x000000e4   Zero   RW        10536    .bss                c_w.l(rand.o)
    0x20012df8        -       0x00000060   Zero   RW        10644    .bss                c_w.l(libspace.o)
    0x20012e58        -       0x00000200   Zero   RW            2    HEAP                startup_stm32f407xx.o
    0x20013058        -       0x00000400   Zero   RW            1    STACK               startup_stm32f407xx.o


    Execution Region RW_IRAM2 (Exec base: 0x2001c000, Load base: 0x08015838, Size: 0x00000000, Max: 0x00004000, ABSOLUTE)

    **** No section assigned to this execution region ****


==============================================================================

Image component sizes


      Code (inc. data)   RO Data    RW Data    ZI Data      Debug   Object Name

      3146       1688          0          0          0      36708   api_lib.o
      7220       3132          3          0          0      40556   api_msg.o
         0          0          0          0          0       2176   auth.o
         0          0          0          0          0       4123   bridgeif.o
      1320         40          0          4       1720      77196   cmsis_os2.o
         8          0          0          0          0       1090   def.o
      6244       2132         66         20         32      29016   dhcp.o
      1108        352        312          8          0      13974   dns_server.o
         0          0          0          0          0       1812   err.o
      2912       1184         65          1        240      12016   etharp.o
       412        154         12          0          0       2698   ethernet.o
      1246        404         12         16      19371      10704   ethernetif.o
         0          0          0          0          0      19420   event_groups.o
      1104        720        116          8          0       2302   freertos.o
         0          0          0          0          0        596   fs.o
        76          6          0          0          0        859   gpio.o
       472         24          0         32      32768       4831   heap_4.o
         0          0          0          0          0       1540   httpd.o
       776        350          0          0          0       4390   icmp.o
        34          0          0          0          0      10091   init.o
         0          0          0          0         24       3206   ip.o
       950        186          0          2          0       5780   ip4.o
       178          4          8          0         16      10510   ip4_addr.o
      2904       1164          0          8          0      11634   ip4_frag.o
       138          0          0          0          0       3510   list.o
       252         90          0         12         92       1433   lwip.o
       332        128          0          0          0     752929   main.o
      2172       1044          0         16       8211       8025   mem.o
      1022        720        208         52      12459      13615   memp.o
       542        336          0          0          0      12078   netbuf.o
      1626        872          0         12          0      15543   netif.o
      3416       1796          0          1          0      17206   pbuf.o
       786         82          0         12          0      11433   port.o
      2728         28          0          0         64      31741   queue.o
        64         26        392          0       1536        836   startup_stm32f407xx.o
       116         18          0         12          0       8674   stm32f4xx_hal.o
       158         14          0          0          0      32998   stm32f4xx_hal_cortex.o
       182          0          0          0          0       2079   stm32f4xx_hal_dma.o
      2518         50          0          0          0      22596   stm32f4xx_hal_eth.o
       496         46          0          0          0       1524   stm32f4xx_hal_gpio.o
       288         26          0          0          0       1732   stm32f4xx_hal_msp.o
      1408         82          0          0          0       5877   stm32f4xx_hal_rcc.o
       740         72          0          0          0       7444   stm32f4xx_hal_tim.o
         4          0          0          0          0       1617   stm32f4xx_hal_tim_ex.o
       152         20          0          0         72       1463   stm32f4xx_hal_timebase_tim.o
      1576         14          0          0          0      10448   stm32f4xx_hal_uart.o
        48         18          0          0          0       4136   stm32f4xx_it.o
         0          0          0          0          0        392   stream_buffer.o
       440         16          0          4          0      17960   sys_arch.o
        16          4         24          4          0       1111   system_stm32f4xx.o
      2544        216          0         60       1220      31362   tasks.o
      8512       4220        201         32          0      42858   tcp.o
         0          0          0          0          0       2944   tcp_echo.o
      6910       2036          0         36         16      22559   tcp_in.o
      8536       4058         85          0          0      34758   tcp_out.o
      1164        666          0         16          0       8294   tcpip.o
       760        374         40         12          0       7455   timeouts.o
       972         80          0         20        280      32027   timers.o
      3106       1684          0          8          0      13755   udp.o
       206         26          0          4         72       3966   usart.o

    ----------------------------------------------------------------------
     84122      30402       1588        416      78196    1495606   Object Totals
         0          0         32          0          0          0   (incl. Generated)
        82          0         12          4          3          0   (incl. Padding)

    ----------------------------------------------------------------------

      Code (inc. data)   RO Data    RW Data    ZI Data      Debug   Library Member Name

        90          0          0          0          0          0   __dczerorl2.o
         8          0          0          0          0         68   __main.o
       392          4         17          0          0         92   __printf_flags_ss_wp.o
        14          0          0          0          0         68   __printf_wp.o
         0          0          0          0          0          0   __rtentry.o
        12          0          0          0          0          0   __rtentry2.o
         6          0          0          0          0          0   __rtentry4.o
        52          8          0          0          0          0   __scatter.o
        28          0          0          0          0          0   __scatter_zi.o
        44          0          0          0          0        108   _printf_char.o
        48          6          0          0          0         96   _printf_char_common.o
        36          4          0          0          0         80   _printf_char_file.o
         6          0          0          0          0          0   _printf_d.o
       120         16          0          0          0         92   _printf_dec.o
        88          4         40          0          0         88   _printf_hex_int.o
       178          0          0          0          0         88   _printf_intcommon.o
        78          0          0          0          0        108   _printf_pad.o
         0          0          0          0          0          0   _printf_percent.o
         4          0          0          0          0          0   _printf_percent_end.o
         6          0          0          0          0          0   _printf_s.o
        82          0          0          0          0         80   _printf_str.o
         6          0          0          0          0          0   _printf_x.o
        16          0          0          0          0         68   aeabi_memset.o
        18          0          0          0          0         80   exit.o
         8          0          0          0          0         68   ferror.o
         6          0          0          0          0        152   heapauxi.o
         2          0          0          0          0          0   libinit.o
        10          0          0          0          0          0   libinit2.o
         2          0          0          0          0          0   libshutdown.o
         2          0          0          0          0          0   libshutdown2.o
         8          4          0          0         96         68   libspace.o
       238          0          0          0          0        100   lludivv7m.o
        88          0          0          0          0         76   memcmp.o
        24          4          0          0          0         84   noretval__2printf.o
       112         18          0          0        228        160   rand.o
        68          0          0          0          0         68   rt_memclr.o
        78          0          0          0          0         80   rt_memclr_w.o
       138          0          0          0          0         68   rt_memcpy_v6.o
       100          0          0          0          0         80   rt_memcpy_w.o
         2          0          0          0          0          0   rtexit.o
        10          0          0          0          0          0   rtexit2.o
        74          0          0          0          0         80   sys_stackheap_outer.o
         2          0          0          0          0         68   use_no_semi.o
         2          0          0          0          0         68   use_no_semi_2.o
        10          0          0          0          0        116   fpinit.o

    ----------------------------------------------------------------------
      2322         68         60          0        324       2452   Library Totals
         6          0          3          0          0          0   (incl. Padding)

    ----------------------------------------------------------------------

      Code (inc. data)   RO Data    RW Data    ZI Data      Debug   Library Name

      2306         68         57          0        324       2336   c_w.l
        10          0          0          0          0        116   fz_wm.l

    ----------------------------------------------------------------------
      2322         68         60          0        324       2452   Library Totals

    ----------------------------------------------------------------------

==============================================================================


      Code (inc. data)   RO Data    RW Data    ZI Data      Debug   

     86444      30470       1648        416      78520    1448510   Grand Totals
     86444      30470       1648         28      78520    1448510   ELF Image Totals (compressed)
     86444      30470       1648         28          0          0   ROM Totals

==============================================================================

    Total RO  Size (Code + RO Data)                88092 (  86.03kB)
    Total RW  Size (RW Data + ZI Data)             78936 (  77.09kB)
    Total ROM Size (Code + RO Data + RW Data)      88120 (  86.05kB)

==============================================================================

