<html>
<body>
<pre>
<h1>µVision Build Log</h1>
<h2>Tool Versions:</h2>
IDE-Version: ¦ÌVision V5.42.0.0
Copyright (C) 2025 ARM Ltd and ARM Germany GmbH. All rights reserved.
License Information: 1 1, 1, LIC=TIVNB-2AJ5P-VEFHA-1UMM7-8CHL7-P5JRG
 
Tool Versions:
Toolchain:       MDK-ARM Plus  Version: 5.42.0.0
Toolchain Path:  C:\Keil_v5\ARM\ARMCC\Bin
C Compiler:      Armcc.exe V5.06 update 7 (build 960)
Assembler:       Armasm.exe V5.06 update 7 (build 960)
Linker/Locator:  ArmLink.exe V5.06 update 7 (build 960)
Library Manager: ArmAr.exe V5.06 update 7 (build 960)
Hex Converter:   FromElf.exe V5.06 update 7 (build 960)
CPU DLL:         SARMCM3.DLL V5.42.0.0
Dialog DLL:      DCM.DLL V1.17.5.0
Target DLL:      STLink\ST-LINKIII-KEIL_SWO.dll V3.3.0.0
Dialog DLL:      TCM.DLL V1.56.6.0
 
<h2>Project:</h2>
C:\Users\Milet\Desktop\nth\eth\MDK-ARM\eth.uvprojx
Project File Date:  06/13/2026

<h2>Output:</h2>
*** Using Compiler 'V5.06 update 7 (build 960)', folder: 'C:\Keil_v5\ARM\ARMCC\Bin'
Build target 'eth'
Note: source file '..\Middlewares\mbedtls\library\ecp.c' - object file renamed from 'eth\ecp.o' to 'eth\ecp_1.o'.
compiling ssl_debug_helpers_generated.c...
..\Middlewares\mbedtls\library\common.h(107): warning:  #47-D: incompatible redefinition of macro "MBEDTLS_ALLOW_PRIVATE_ACCESS" 
  #define MBEDTLS_ALLOW_PRIVATE_ACCESS
..\Middlewares\mbedtls\library\ssl_debug_helpers_generated.c(48): warning:  #1-D: last line of file ends without a newline
  #endif /* MBEDTLS_DEBUG_C */
..\Middlewares\mbedtls\library\ssl_debug_helpers_generated.c: 2 warnings, 0 errors
compiling ssl_client.c...
..\Middlewares\mbedtls\library\common.h(107): warning:  #47-D: incompatible redefinition of macro "MBEDTLS_ALLOW_PRIVATE_ACCESS" 
  #define MBEDTLS_ALLOW_PRIVATE_ACCESS
..\Middlewares\mbedtls\library\ssl_client.c(34): warning:  #1-D: last line of file ends without a newline
  #endif /* MBEDTLS_SSL_TLS_C */
..\Middlewares\mbedtls\library\ssl_client.c: 2 warnings, 0 errors
linking...
Program Size: Code=88336 RO-data=3928 RW-data=428 ZI-data=80052  
FromELF: creating hex file...
"eth\eth.axf" - 0 Error(s), 4 Warning(s).

<h2>Software Packages used:</h2>

Package Vendor: ARM
                https://www.keil.com/pack/ARM.CMSIS.6.1.0.pack
                ARM::CMSIS@6.1.0
                CMSIS (Common Microcontroller Software Interface Standard)
   * Component: CORE Version: 6.1.0

Package Vendor: Keil
                https://www.keil.com/pack/Keil.STM32F4xx_DFP.3.1.0.pack
                Keil::STM32F4xx_DFP@3.1.0
                STMicroelectronics STM32F4 Series Device Support

<h2>Collection of Component include folders:</h2>
  ./RTE/_eth
  C:/Keil_v5/ARM/PACK/ARM/CMSIS/6.1.0/CMSIS/Core/Include

<h2>Collection of Component Files used:</h2>

   * Component: ARM::CMSIS:CORE@6.1.0
      Include file:  CMSIS/Core/Include/tz_context.h
Build Time Elapsed:  00:00:04
</pre>
</body>
</html>
