<html>
<body>
<pre>
<h1>µVision Build Log</h1>
<h2>Tool Versions:</h2>
IDE-Version: ¦ÌVision V5.42.0.0
Copyright (C) 2025 ARM Ltd and ARM Germany GmbH. All rights reserved.
License Information: 1 1, 1, LIC=TIVNB-2AJ5P-VEFHA-1UMM7-8CHL7-P5JRG
 
Tool Versions:
Toolchain:       MDK-ARM Plus  Version: 5.42.0.0
Toolchain Path:  C:\Keil_v5\ARM\ARMCC\Bin
C Compiler:      Armcc.exe V5.06 update 7 (build 960)
Assembler:       Armasm.exe V5.06 update 7 (build 960)
Linker/Locator:  ArmLink.exe V5.06 update 7 (build 960)
Library Manager: ArmAr.exe V5.06 update 7 (build 960)
Hex Converter:   FromElf.exe V5.06 update 7 (build 960)
CPU DLL:         SARMCM3.DLL V5.42.0.0
Dialog DLL:      DCM.DLL V1.17.5.0
Target DLL:      STLink\ST-LINKIII-KEIL_SWO.dll V3.3.0.0
Dialog DLL:      TCM.DLL V1.56.6.0
 
<h2>Project:</h2>
C:\Users\Milet\Desktop\nth\eth\MDK-ARM\eth.uvprojx
Project File Date:  06/08/2026

<h2>Output:</h2>
*** Using Compiler 'V5.06 update 7 (build 960)', folder: 'C:\Keil_v5\ARM\ARMCC\Bin'
Build target 'eth'
compiling demand.c...
compiling auth.c...
compiling eap.c...
compiling chap-md5.c...
compiling ccp.c...
compiling eui64.c...
compiling chap_ms.c...
compiling chap-new.c...
compiling ethernetif.c...
compiling main.c...
compiling freertos.c...
compiling lwip.c...
compiling lwip_echo.c...
compiling lcp.c...
compiling fsm.c...
compiling ipcp.c...
compiling mppe.c...
compiling ipv6cp.c...
compiling magic.c...
compiling pppcrypt.c...
compiling multilink.c...
compiling pppapi.c...
compiling ppp.c...
compiling pppos.c...
compiling pppol2tp.c...
compiling pppoe.c...
compiling lowpan6.c...
compiling vj.c...
compiling utils.c...
compiling ecp.c...
compiling lowpan6_common.c...
compiling upap.c...
compiling lowpan6_ble.c...
compiling zepif.c...
compiling ethernet.c...
compiling httpd.c...
compiling bridgeif_fdb.c...
compiling slipif.c...
compiling bridgeif.c...
compiling netifapi.c...
compiling fsdata.c...
../Middlewares/Third_Party/LwIP/src/apps/http/fsdata.c(34): warning:  #1-D: last line of file ends without a newline
  #define FS_NUMFILES 1
../Middlewares/Third_Party/LwIP/src/apps/http/fsdata.c(23): warning:  #177-D: variable "fsdata"  was declared but never referenced
  static const struct fsdata_file fsdata[] = {
../Middlewares/Third_Party/LwIP/src/apps/http/fsdata.c: 2 warnings, 0 errors
compiling altcp_alloc.c...
compiling fs.c...
../Middlewares/Third_Party/LwIP/src/apps/http/fsdata.c(34): warning:  #1-D: last line of file ends without a newline
  #define FS_NUMFILES 1
../Middlewares/Third_Party/LwIP/src/apps/http/fs.c: 1 warning, 0 errors
compiling netbuf.c...
compiling altcp.c...
compiling err.c...
compiling tcpip.c...
compiling netdb.c...
compiling if_api.c...
compiling api_lib.c...
compiling api_msg.c...
compiling sockets.c...
compiling altcp_tcp.c...
compiling def.c...
compiling inet_chksum.c...
compiling dns.c...
compiling ip.c...
compiling stats.c...
compiling raw.c...
compiling mem.c...
compiling sys.c...
compiling init.c...
compiling netif.c...
compiling pbuf.c...
compiling memp.c...
compiling tcp.c...
compiling autoip.c...
compiling igmp.c...
compiling tcp_in.c...
compiling udp.c...
compiling tcp_out.c...
compiling icmp.c...
compiling ip4_addr.c...
compiling etharp.c...
compiling ip4.c...
compiling dhcp.c...
compiling ip4_frag.c...
compiling timeouts.c...
compiling dhcp6.c...
compiling ethip6.c...
compiling mld6.c...
compiling nd6.c...
compiling ip6_addr.c...
compiling inet6.c...
compiling ip6.c...
compiling icmp6.c...
compiling ip6_frag.c...
compiling sys_arch.c...
compiling mqtt.c...
linking...
Program Size: Code=86424 RO-data=1440 RW-data=424 ZI-data=102184  
FromELF: creating hex file...
"eth\eth.axf" - 0 Error(s), 3 Warning(s).

<h2>Software Packages used:</h2>

Package Vendor: ARM
                https://www.keil.com/pack/ARM.CMSIS.6.1.0.pack
                ARM::CMSIS@6.1.0
                CMSIS (Common Microcontroller Software Interface Standard)
   * Component: CORE Version: 6.1.0

Package Vendor: Keil
                https://www.keil.com/pack/Keil.STM32F4xx_DFP.3.1.0.pack
                Keil::STM32F4xx_DFP@3.1.0
                STMicroelectronics STM32F4 Series Device Support

<h2>Collection of Component include folders:</h2>
  ./RTE/_eth
  C:/Keil_v5/ARM/PACK/ARM/CMSIS/6.1.0/CMSIS/Core/Include

<h2>Collection of Component Files used:</h2>

   * Component: ARM::CMSIS:CORE@6.1.0
      Include file:  CMSIS/Core/Include/tz_context.h
Build Time Elapsed:  00:01:27
</pre>
</body>
</html>
