Component: ARM Compiler 5.06 update 7 (build 960) Tool: armlink [4d3601]

==============================================================================

Section Cross References

    startup_stm32f407xx.o(STACK) refers (Special) to heapauxi.o(.text) for __use_two_region_memory
    startup_stm32f407xx.o(HEAP) refers (Special) to heapauxi.o(.text) for __use_two_region_memory
    startup_stm32f407xx.o(RESET) refers (Special) to heapauxi.o(.text) for __use_two_region_memory
    startup_stm32f407xx.o(RESET) refers to startup_stm32f407xx.o(STACK) for __initial_sp
    startup_stm32f407xx.o(RESET) refers to startup_stm32f407xx.o(.text) for Reset_Handler
    startup_stm32f407xx.o(RESET) refers to stm32f4xx_it.o(i.NMI_Handler) for NMI_Handler
    startup_stm32f407xx.o(RESET) refers to stm32f4xx_it.o(i.HardFault_Handler) for HardFault_Handler
    startup_stm32f407xx.o(RESET) refers to stm32f4xx_it.o(i.MemManage_Handler) for MemManage_Handler
    startup_stm32f407xx.o(RESET) refers to stm32f4xx_it.o(i.BusFault_Handler) for BusFault_Handler
    startup_stm32f407xx.o(RESET) refers to stm32f4xx_it.o(i.UsageFault_Handler) for UsageFault_Handler
    startup_stm32f407xx.o(RESET) refers to port.o(.emb_text) for SVC_Handler
    startup_stm32f407xx.o(RESET) refers to stm32f4xx_it.o(i.DebugMon_Handler) for DebugMon_Handler
    startup_stm32f407xx.o(RESET) refers to cmsis_os2.o(i.SysTick_Handler) for SysTick_Handler
    startup_stm32f407xx.o(RESET) refers to stm32f4xx_it.o(i.USART1_IRQHandler) for USART1_IRQHandler
    startup_stm32f407xx.o(RESET) refers to stm32f4xx_it.o(i.TIM6_DAC_IRQHandler) for TIM6_DAC_IRQHandler
    startup_stm32f407xx.o(RESET) refers to stm32f4xx_it.o(i.ETH_IRQHandler) for ETH_IRQHandler
    startup_stm32f407xx.o(.text) refers (Special) to heapauxi.o(.text) for __use_two_region_memory
    startup_stm32f407xx.o(.text) refers to system_stm32f4xx.o(i.SystemInit) for SystemInit
    startup_stm32f407xx.o(.text) refers to __main.o(!!!main) for __main
    startup_stm32f407xx.o(.text) refers to startup_stm32f407xx.o(HEAP) for Heap_Mem
    startup_stm32f407xx.o(.text) refers to startup_stm32f407xx.o(STACK) for Stack_Mem
    main.o(i.HAL_TIM_PeriodElapsedCallback) refers to stm32f4xx_hal.o(i.HAL_IncTick) for HAL_IncTick
    main.o(i.SystemClock_Config) refers to rt_memclr_w.o(.text) for __aeabi_memclr4
    main.o(i.SystemClock_Config) refers to stm32f4xx_hal_rcc.o(i.HAL_RCC_OscConfig) for HAL_RCC_OscConfig
    main.o(i.SystemClock_Config) refers to stm32f4xx_hal_rcc.o(i.HAL_RCC_ClockConfig) for HAL_RCC_ClockConfig
    main.o(i.main) refers to stm32f4xx_hal.o(i.HAL_Init) for HAL_Init
    main.o(i.main) refers to main.o(i.SystemClock_Config) for SystemClock_Config
    main.o(i.main) refers to gpio.o(i.MX_GPIO_Init) for MX_GPIO_Init
    main.o(i.main) refers to usart.o(i.MX_USART1_UART_Init) for MX_USART1_UART_Init
    main.o(i.main) refers to noretval__2printf.o(.text) for __2printf
    main.o(i.main) refers to cmsis_os2.o(i.osKernelInitialize) for osKernelInitialize
    main.o(i.main) refers to freertos.o(i.MX_FREERTOS_Init) for MX_FREERTOS_Init
    main.o(i.main) refers to cmsis_os2.o(i.osKernelStart) for osKernelStart
    freertos.o(i.MX_FREERTOS_Init) refers to cmsis_os2.o(i.osThreadNew) for osThreadNew
    freertos.o(i.MX_FREERTOS_Init) refers to freertos.o(.constdata) for .constdata
    freertos.o(i.MX_FREERTOS_Init) refers to freertos.o(i.StartDefaultTask) for StartDefaultTask
    freertos.o(i.MX_FREERTOS_Init) refers to freertos.o(.data) for .data
    freertos.o(i.StartDefaultTask) refers to _printf_percent.o(.ARM.Collect$$_printf_percent$$00000000) for _printf_percent
    freertos.o(i.StartDefaultTask) refers to _printf_s.o(.ARM.Collect$$_printf_percent$$00000014) for _printf_s
    freertos.o(i.StartDefaultTask) refers to _printf_str.o(.text) for _printf_str
    freertos.o(i.StartDefaultTask) refers to _printf_pad.o(.text) for _printf_pre_padding
    freertos.o(i.StartDefaultTask) refers to _printf_x.o(.ARM.Collect$$_printf_percent$$0000000C) for _printf_x
    freertos.o(i.StartDefaultTask) refers to _printf_hex_int.o(.text) for _printf_longlong_hex
    freertos.o(i.StartDefaultTask) refers to _printf_d.o(.ARM.Collect$$_printf_percent$$00000009) for _printf_d
    freertos.o(i.StartDefaultTask) refers to _printf_dec.o(.text) for _printf_int_dec
    freertos.o(i.StartDefaultTask) refers to lwip.o(i.MX_LWIP_Init) for MX_LWIP_Init
    freertos.o(i.StartDefaultTask) refers to rt_memclr_w.o(.text) for __aeabi_memclr4
    freertos.o(i.StartDefaultTask) refers to rt_memcpy_w.o(.text) for __aeabi_memcpy4
    freertos.o(i.StartDefaultTask) refers to cmsis_os2.o(i.osThreadNew) for osThreadNew
    freertos.o(i.StartDefaultTask) refers to noretval__2printf.o(.text) for __2printf
    freertos.o(i.StartDefaultTask) refers to dhcp.o(i.dhcp_supplied_address) for dhcp_supplied_address
    freertos.o(i.StartDefaultTask) refers to ip4_addr.o(i.ip4addr_ntoa) for ip4addr_ntoa
[...]
    xTimerCreateTimerTask                    0x0801524d   Thumb Code    78  timers.o(i.xTimerCreateTimerTask)
    xTimerGenericCommand                     0x080152ad   Thumb Code    98  timers.o(i.xTimerGenericCommand)
    _fp_init                                 0x08015315   Thumb Code    10  fpinit.o(x$fpl$fpinit)
    __fplib_config_fpu_vfp                   0x0801531d   Thumb Code     0  fpinit.o(x$fpl$fpinit)
    __fplib_config_pureend_doubles           0x0801531d   Thumb Code     0  fpinit.o(x$fpl$fpinit)
    defaultTask_attributes                   0x08015320   Data          36  freertos.o(.constdata)
    memp_RX_POOL                             0x08015368   Data          12  ethernetif.o(.constdata)
    AHBPrescTable                            0x08015374   Data          16  system_stm32f4xx.o(.constdata)
    APBPrescTable                            0x08015384   Data           8  system_stm32f4xx.o(.constdata)
    ethbroadcast                             0x0801538c   Data           6  ethernet.o(.constdata)
    ethzero                                  0x08015392   Data           6  ethernet.o(.constdata)
    netconn_aborted                          0x08015398   Data           1  api_msg.o(.constdata)
    netconn_reset                            0x08015399   Data           1  api_msg.o(.constdata)
    netconn_closed                           0x0801539a   Data           1  api_msg.o(.constdata)
    memp_UDP_PCB                             0x0801539c   Data          12  memp.o(.constdata)
    memp_TCP_PCB                             0x080153a8   Data          12  memp.o(.constdata)
    memp_TCP_PCB_LISTEN                      0x080153b4   Data          12  memp.o(.constdata)
    memp_TCP_SEG                             0x080153c0   Data          12  memp.o(.constdata)
    memp_REASSDATA                           0x080153cc   Data          12  memp.o(.constdata)
    memp_FRAG_PBUF                           0x080153d8   Data          12  memp.o(.constdata)
    memp_NETBUF                              0x080153e4   Data          12  memp.o(.constdata)
    memp_NETCONN                             0x080153f0   Data          12  memp.o(.constdata)
    memp_TCPIP_MSG_API                       0x080153fc   Data          12  memp.o(.constdata)
    memp_TCPIP_MSG_INPKT                     0x08015408   Data          12  memp.o(.constdata)
    memp_SYS_TIMEOUT                         0x08015414   Data          12  memp.o(.constdata)
    memp_NETDB                               0x08015420   Data          12  memp.o(.constdata)
    memp_PBUF                                0x0801542c   Data          12  memp.o(.constdata)
    memp_PBUF_POOL                           0x08015438   Data          12  memp.o(.constdata)
    memp_pools                               0x08015444   Data          56  memp.o(.constdata)
    tcp_pcb_lists                            0x080154c0   Data          16  tcp.o(.constdata)
    lwip_cyclic_timers                       0x080154d0   Data          48  timeouts.o(.constdata)
    ip_addr_any                              0x08015500   Data           4  ip4_addr.o(.constdata)
    ip_addr_broadcast                        0x08015504   Data           4  ip4_addr.o(.constdata)
    Region$$Table$$Base                      0x080156f8   Number         0  anon$$obj.o(Region$$Table)
    Region$$Table$$Limit                     0x08015738   Number         0  anon$$obj.o(Region$$Table)
    defaultTaskHandle                        0x20000000   Data           4  freertos.o(.data)
    __stdout                                 0x20000004   Data           4  usart.o(.data)
    RxPktSemaphore                           0x2000000c   Data           4  ethernetif.o(.data)
    TxPktSemaphore                           0x20000010   Data           4  ethernetif.o(.data)
    ipaddr                                   0x2000001c   Data           4  lwip.o(.data)
    netmask                                  0x20000020   Data           4  lwip.o(.data)
    gw                                       0x20000024   Data           4  lwip.o(.data)
    uwTickFreq                               0x20000028   Data           1  stm32f4xx_hal.o(.data)
    uwTickPrio                               0x2000002c   Data           4  stm32f4xx_hal.o(.data)
    uwTick                                   0x20000030   Data           4  stm32f4xx_hal.o(.data)
    SystemCoreClock                          0x20000034   Data           4  system_stm32f4xx.o(.data)
    tcp_active_pcbs_changed                  0x20000090   Data           1  tcp.o(.data)
    tcp_ticks                                0x2000009c   Data           4  tcp.o(.data)
    tcp_bound_pcbs                           0x200000a0   Data           4  tcp.o(.data)
    tcp_listen_pcbs                          0x200000a4   Data           4  tcp.o(.data)
    tcp_active_pcbs                          0x200000a8   Data           4  tcp.o(.data)
    tcp_tw_pcbs                              0x200000ac   Data           4  tcp.o(.data)
    lwip_sys_mutex                           0x200000cc   Data           4  sys_arch.o(.data)
    huart1                                   0x200000d0   Data          72  usart.o(.bss)
    memp_memory_RX_POOL_base                 0x20000118   Data       18819  ethernetif.o(.bss)
    DMARxDscrTab                             0x20004a9c   Data         160  ethernetif.o(.bss)
    DMATxDscrTab                             0x20004b3c   Data         160  ethernetif.o(.bss)
    heth                                     0x20004bdc   Data         176  ethernetif.o(.bss)
    TxConfig                                 0x20004c8c   Data          56  ethernetif.o(.bss)
    xQueueRegistry                           0x20004cc4   Data          64  queue.o(.bss)
    ram_heap                                 0x20009a18   Data       32019  mem.o(.bss)
    memp_memory_UDP_PCB_base                 0x2001172b   Data         131  memp.o(.bss)
    memp_memory_TCP_PCB_base                 0x200117ae   Data        1315  memp.o(.bss)
    memp_memory_TCP_SEG_base                 0x20011cd1   Data         515  memp.o(.bss)
    memp_memory_REASSDATA_base               0x20011ed4   Data         163  memp.o(.bss)
    memp_memory_FRAG_PBUF_base               0x20011f77   Data         363  memp.o(.bss)
    memp_memory_TCPIP_MSG_INPKT_base         0x200120e2   Data         131  memp.o(.bss)
    memp_memory_NETDB_base                   0x20012165   Data         311  memp.o(.bss)
    memp_memory_PBUF_POOL_base               0x2001229c   Data       24643  memp.o(.bss)
    dhcp_rx_options_val                      0x200182e0   Data          40  dhcp.o(.bss)
    dhcp_rx_options_given                    0x20018308   Data          10  dhcp.o(.bss)
    __libspace_start                         0x20018404   Data          96  libspace.o(.bss)
    __temporary_stack_top$libspace           0x20018464   Data           0  libspace.o(.bss)
    pxCurrentTCB                             0x2001c004   Data           4  tasks.o(.data)
    lock_tcpip_core                          0x2001c070   Data           4  tcpip.o(.data)
    netif_list                               0x2001c094   Data           4  netif.o(.data)
    netif_default                            0x2001c098   Data           4  netif.o(.data)
    pbuf_free_ooseq_pending                  0x2001c09c   Data           1  pbuf.o(.data)
    tcp_input_pcb                            0x2001c0c0   Data           4  tcp_in.o(.data)
    udp_pcbs                                 0x2001c0c8   Data           4  udp.o(.data)
    htim6                                    0x2001c0d8   Data          72  stm32f4xx_hal_timebase_tim.o(.bss)
    gnetif                                   0x2001c120   Data          56  lwip.o(.bss)
    attributes                               0x2001c158   Data          36  lwip.o(.bss)
    ip_data                                  0x2001c17c   Data          24  ip.o(.bss)
    memp_memory_TCP_PCB_LISTEN_base          0x2001c194   Data         283  memp.o(.bss)
    memp_memory_NETBUF_base                  0x2001c2af   Data          35  memp.o(.bss)
    memp_memory_NETCONN_base                 0x2001c2d2   Data         163  memp.o(.bss)
    memp_memory_TCPIP_MSG_API_base           0x2001c375   Data         131  memp.o(.bss)
    memp_memory_SYS_TIMEOUT_base             0x2001c3f8   Data          99  memp.o(.bss)
    memp_memory_PBUF_base                    0x2001c45b   Data         259  memp.o(.bss)
    _random_number_data                      0x2001c580   Data         228  rand.o(.bss)



==============================================================================

Memory Map of the image

  Image Entry point : 0x08000189

  Load Region LR_IROM1 (Base: 0x08000000, Size: 0x000158e0, Max: 0x00080000, ABSOLUTE)

    Execution Region ER_IROM1 (Exec base: 0x08000000, Load base: 0x08000000, Size: 0x00015738, Max: 0x00080000, ABSOLUTE)

    Exec Addr    Load Addr    Size         Type   Attr      Idx    E Section Name        Object

    0x08000000   0x08000000   0x00000188   Data   RO            3    RESET               startup_stm32f407xx.o
    0x08000188   0x08000188   0x00000008   Code   RO        10677  * !!!main             c_w.l(__main.o)
    0x08000190   0x08000190   0x00000034   Code   RO        10882    !!!scatter          c_w.l(__scatter.o)
    0x080001c4   0x080001c4   0x0000003a   Code   RO        10880    !!dczerorl          c_w.l(__dczerorl.o)
    0x080001fe   0x080001fe   0x00000002   PAD
    0x08000200   0x08000200   0x0000001a   Code   RO        10884    !!handler_copy      c_w.l(__scatter_copy.o)
    0x0800021a   0x0800021a   0x00000002   PAD
    0x0800021c   0x0800021c   0x0000001c   Code   RO        10886    !!handler_zi        c_w.l(__scatter_zi.o)
    0x08000238   0x08000238   0x00000000   Code   RO        10641    .ARM.Collect$$_printf_percent$$00000000  c_w.l(_printf_percent.o)
    0x08000238   0x08000238   0x00000006   Code   RO        10640    .ARM.Collect$$_printf_percent$$00000009  c_w.l(_printf_d.o)
    0x0800023e   0x0800023e   0x00000006   Code   RO        10639    .ARM.Collect$$_printf_percent$$0000000C  c_w.l(_printf_x.o)
    0x08000244   0x08000244   0x00000006   Code   RO        10638    .ARM.Collect$$_printf_percent$$00000014  c_w.l(_printf_s.o)
    0x0800024a   0x0800024a   0x00000004   Code   RO        10702    .ARM.Collect$$_printf_percent$$00000017  c_w.l(_printf_percent_end.o)
    0x0800024e   0x0800024e   0x00000002   Code   RO        10808    .ARM.Collect$$libinit$$00000000  c_w.l(libinit.o)
    0x08000250   0x08000250   0x00000004   Code   RO        10710    .ARM.Collect$$libinit$$00000001  c_w.l(libinit2.o)
    0x08000254   0x08000254   0x00000000   Code   RO        10713    .ARM.Collect$$libinit$$00000004  c_w.l(libinit2.o)
    0x08000254   0x08000254   0x00000000   Code   RO        10716    .ARM.Collect$$libinit$$0000000A  c_w.l(libinit2.o)
    0x08000254   0x08000254   0x00000000   Code   RO        10718    .ARM.Collect$$libinit$$0000000C  c_w.l(libinit2.o)
    0x08000254   0x08000254   0x00000004   Code   RO        10719    .ARM.Collect$$libinit$$0000000D  c_w.l(libinit2.o)
    0x08000258   0x08000258   0x00000000   Code   RO        10720    .ARM.Collect$$libinit$$0000000E  c_w.l(libinit2.o)
    0x08000258   0x08000258   0x00000000   Code   RO        10723    .ARM.Collect$$libinit$$00000011  c_w.l(libinit2.o)
    0x08000258   0x08000258   0x00000000   Code   RO        10725    .ARM.Collect$$libinit$$00000013  c_w.l(libinit2.o)
    0x08000258   0x08000258   0x00000000   Code   RO        10727    .ARM.Collect$$libinit$$00000015  c_w.l(libinit2.o)
    0x08000258   0x08000258   0x00000000   Code   RO        10729    .ARM.Collect$$libinit$$00000017  c_w.l(libinit2.o)
    0x08000258   0x08000258   0x00000000   Code   RO        10731    .ARM.Collect$$libinit$$00000019  c_w.l(libinit2.o)
    0x08000258   0x08000258   0x00000000   Code   RO        10733    .ARM.Collect$$libinit$$0000001B  c_w.l(libinit2.o)
    0x08000258   0x08000258   0x00000000   Code   RO        10735    .ARM.Collect$$libinit$$0000001D  c_w.l(libinit2.o)
    0x08000258   0x08000258   0x00000000   Code   RO        10737    .ARM.Collect$$libinit$$0000001F  c_w.l(libinit2.o)
    0x08000258   0x08000258   0x00000000   Code   RO        10739    .ARM.Collect$$libinit$$00000021  c_w.l(libinit2.o)
    0x08000258   0x08000258   0x00000000   Code   RO        10741    .ARM.Collect$$libinit$$00000023  c_w.l(libinit2.o)
    0x08000258   0x08000258   0x00000000   Code   RO        10743    .ARM.Collect$$libinit$$00000025  c_w.l(libinit2.o)
    0x08000258   0x08000258   0x00000000   Code   RO        10747    .ARM.Collect$$libinit$$0000002C  c_w.l(libinit2.o)
    0x08000258   0x08000258   0x00000000   Code   RO        10749    .ARM.Collect$$libinit$$0000002E  c_w.l(libinit2.o)
    0x08000258   0x08000258   0x00000000   Code   RO        10751    .ARM.Collect$$libinit$$00000030  c_w.l(libinit2.o)
    0x08000258   0x08000258   0x00000000   Code   RO        10753    .ARM.Collect$$libinit$$00000032  c_w.l(libinit2.o)
    0x08000258   0x08000258   0x00000002   Code   RO        10754    .ARM.Collect$$libinit$$00000033  c_w.l(libinit2.o)
    0x0800025a   0x0800025a   0x00000002   Code   RO        10845    .ARM.Collect$$libshutdown$$00000000  c_w.l(libshutdown.o)
    0x0800025c   0x0800025c   0x00000000   Code   RO        10861    .ARM.Collect$$libshutdown$$00000002  c_w.l(libshutdown2.o)
    0x0800025c   0x0800025c   0x00000000   Code   RO        10863    .ARM.Collect$$libshutdown$$00000004  c_w.l(libshutdown2.o)
    0x0800025c   0x0800025c   0x00000000   Code   RO        10865    .ARM.Collect$$libshutdown$$00000006  c_w.l(libshutdown2.o)
    0x0800025c   0x0800025c   0x00000000   Code   RO        10868    .ARM.Collect$$libshutdown$$00000009  c_w.l(libshutdown2.o)
    0x0800025c   0x0800025c   0x00000000   Code   RO        10871    .ARM.Collect$$libshutdown$$0000000C  c_w.l(libshutdown2.o)
    0x0800025c   0x0800025c   0x00000000   Code   RO        10873    .ARM.Collect$$libshutdown$$0000000E  c_w.l(libshutdown2.o)
    0x0800025c   0x0800025c   0x00000000   Code   RO        10876    .ARM.Collect$$libshutdown$$00000011  c_w.l(libshutdown2.o)
    0x0800025c   0x0800025c   0x00000002   Code   RO        10877    .ARM.Collect$$libshutdown$$00000012  c_w.l(libshutdown2.o)
    0x0800025e   0x0800025e   0x00000000   Code   RO        10681    .ARM.Collect$$rtentry$$00000000  c_w.l(__rtentry.o)
    0x0800025e   0x0800025e   0x00000000   Code   RO        10759    .ARM.Collect$$rtentry$$00000002  c_w.l(__rtentry2.o)
    0x0800025e   0x0800025e   0x00000006   Code   RO        10771    .ARM.Collect$$rtentry$$00000004  c_w.l(__rtentry4.o)
    0x08000264   0x08000264   0x00000000   Code   RO        10761    .ARM.Collect$$rtentry$$00000009  c_w.l(__rtentry2.o)
    0x08000264   0x08000264   0x00000004   Code   RO        10762    .ARM.Collect$$rtentry$$0000000A  c_w.l(__rtentry2.o)
    0x08000268   0x08000268   0x00000000   Code   RO        10764    .ARM.Collect$$rtentry$$0000000C  c_w.l(__rtentry2.o)
    0x08000268   0x08000268   0x00000008   Code   RO        10765    .ARM.Collect$$rtentry$$0000000D  c_w.l(__rtentry2.o)
    0x08000270   0x08000270   0x00000002   Code   RO        10811    .ARM.Collect$$rtexit$$00000000  c_w.l(rtexit.o)
    0x08000272   0x08000272   0x00000000   Code   RO        10827    .ARM.Collect$$rtexit$$00000002  c_w.l(rtexit2.o)
    0x08000272   0x08000272   0x00000004   Code   RO        10828    .ARM.Collect$$rtexit$$00000003  c_w.l(rtexit2.o)
    0x08000276   0x08000276   0x00000006   Code   RO        10829    .ARM.Collect$$rtexit$$00000004  c_w.l(rtexit2.o)
    0x0800027c   0x0800027c   0x000000be   Code   RO         5460    .emb_text           port.o
    0x0800033a   0x0800033a   0x00000002   PAD
    0x0800033c   0x0800033c   0x00000034   Code   RO        10644    .emb_text           c_w.l(rand.o)
    0x08000370   0x08000370   0x00000040   Code   RO            4    .text               startup_stm32f407xx.o
    0x080003b0   0x080003b0   0x00000002   Code   RO        10576    .text               c_w.l(use_no_semi_2.o)
    0x080003b2   0x080003b2   0x000000ee   Code   RO        10580    .text               c_w.l(lludivv7m.o)
    0x080004a0   0x080004a0   0x00000018   Code   RO        10586    .text               c_w.l(noretval__2printf.o)
    0x080004b8   0x080004b8   0x0000004e   Code   RO        10590    .text               c_w.l(_printf_pad.o)
    0x08000506   0x08000506   0x00000052   Code   RO        10592    .text               c_w.l(_printf_str.o)
    0x08000558   0x08000558   0x00000078   Code   RO        10594    .text               c_w.l(_printf_dec.o)
    0x080005d0   0x080005d0   0x00000058   Code   RO        10599    .text               c_w.l(_printf_hex_int.o)
    0x08000628   0x08000628   0x00000138   Code   RO        10629    .text               c_w.l(__printf_flags_wp.o)
    0x08000760   0x08000760   0x0000003c   Code   RO        10645    .text               c_w.l(rand.o)
    0x0800079c   0x0800079c   0x00000058   Code   RO        10651    .text               c_w.l(memcmp.o)
    0x080007f4   0x080007f4   0x0000003e   Code   RO        10653    .text               c_w.l(strlen.o)
    0x08000832   0x08000832   0x0000008a   Code   RO        10657    .text               c_w.l(rt_memcpy_v6.o)
    0x080008bc   0x080008bc   0x00000064   Code   RO        10661    .text               c_w.l(rt_memcpy_w.o)
    0x08000920   0x08000920   0x00000010   Code   RO        10665    .text               c_w.l(aeabi_memset.o)
    0x08000930   0x08000930   0x00000044   Code   RO        10667    .text               c_w.l(rt_memclr.o)
    0x08000974   0x08000974   0x0000004e   Code   RO        10669    .text               c_w.l(rt_memclr_w.o)
    0x080009c2   0x080009c2   0x00000006   Code   RO        10675    .text               c_w.l(heapauxi.o)
    0x080009c8   0x080009c8   0x00000002   Code   RO        10679    .text               c_w.l(use_no_semi.o)
    0x080009ca   0x080009ca   0x000000b2   Code   RO        10696    .text               c_w.l(_printf_intcommon.o)
    0x08000a7c   0x08000a7c   0x0000002c   Code   RO        10698    .text               c_w.l(_printf_char.o)
    0x08000aa8   0x08000aa8   0x00000024   Code   RO        10700    .text               c_w.l(_printf_char_file.o)
    0x08000acc   0x08000acc   0x00000008   Code   RO        10755    .text               c_w.l(libspace.o)
    0x08000ad4   0x08000ad4   0x00000030   Code   RO        10775    .text               c_w.l(_printf_char_common.o)
    0x08000b04   0x08000b04   0x00000008   Code   RO        10779    .text               c_w.l(ferror.o)
    0x08000b0c   0x08000b0c   0x0000004a   Code   RO        10787    .text               c_w.l(sys_stackheap_outer.o)
    0x08000b56   0x08000b56   0x00000012   Code   RO        10793    .text               c_w.l(exit.o)
    0x08000b68   0x08000b68   0x00000002   Code   RO          525    i.BusFault_Handler  stm32f4xx_it.o
    0x08000b6a   0x08000b6a   0x00000002   Code   RO          526    i.DebugMon_Handler  stm32f4xx_it.o
    0x08000b6c   0x08000b6c   0x0000006a   Code   RO         3031    i.ETH_DMARxDescListInit  stm32f4xx_hal_eth.o
    0x08000bd6   0x08000bd6   0x0000002e   Code   RO         3032    i.ETH_FlushTransmitFIFO  stm32f4xx_hal_eth.o
    0x08000c04   0x08000c04   0x0000000c   Code   RO          527    i.ETH_IRQHandler    stm32f4xx_it.o
    0x08000c10   0x08000c10   0x0000009e   Code   RO         3033    i.ETH_MACDMAConfig  stm32f4xx_hal_eth.o
    0x08000cae   0x08000cae   0x00000002   PAD
    0x08000cb0   0x08000cb0   0x0000017c   Code   RO         3034    i.ETH_Prepare_Tx_Descriptors  stm32f4xx_hal_eth.o
    0x08000e2c   0x08000e2c   0x000000c0   Code   RO         3035    i.ETH_SetDMAConfig  stm32f4xx_hal_eth.o
    0x08000eec   0x08000eec   0x00000100   Code   RO         3036    i.ETH_SetMACConfig  stm32f4xx_hal_eth.o
    0x08000fec   0x08000fec   0x0000009c   Code   RO         3037    i.ETH_UpdateDescriptor  stm32f4xx_hal_eth.o
    0x08001088   0x08001088   0x00000004   Code   RO           13    i.Error_Handler     main.o
    0x0800108c   0x0800108c   0x00000092   Code   RO         2343    i.HAL_DMA_Abort     stm32f4xx_hal_dma.o
    0x0800111e   0x0800111e   0x00000024   Code   RO         2344    i.HAL_DMA_Abort_IT  stm32f4xx_hal_dma.o
    0x08001142   0x08001142   0x00000002   PAD
    0x08001144   0x08001144   0x00000024   Code   RO         2780    i.HAL_Delay         stm32f4xx_hal.o
    0x08001168   0x08001168   0x0000001c   Code   RO          664    i.HAL_ETH_ErrorCallback  ethernetif.o
    0x08001184   0x08001184   0x00000006   Code   RO         3043    i.HAL_ETH_GetDMAError  stm32f4xx_hal_eth.o
    0x0800118a   0x0800118a   0x00000006   Code   RO         3044    i.HAL_ETH_GetError  stm32f4xx_hal_eth.o
    0x08001190   0x08001190   0x000000ea   Code   RO         3045    i.HAL_ETH_GetMACConfig  stm32f4xx_hal_eth.o
    0x0800127a   0x0800127a   0x00000002   PAD
    0x0800127c   0x0800127c   0x000000d8   Code   RO         3052    i.HAL_ETH_IRQHandler  stm32f4xx_hal_eth.o
    0x08001354   0x08001354   0x00000144   Code   RO         3053    i.HAL_ETH_Init      stm32f4xx_hal_eth.o
    0x08001498   0x08001498   0x00000108   Code   RO          666    i.HAL_ETH_MspInit   ethernetif.o
    0x080015a0   0x080015a0   0x00000002   Code   RO         3056    i.HAL_ETH_PMTCallback  stm32f4xx_hal_eth.o
    0x080015a2   0x080015a2   0x000000e4   Code   RO         3057    i.HAL_ETH_ReadData  stm32f4xx_hal_eth.o
    0x08001686   0x08001686   0x00000002   PAD
    0x08001688   0x08001688   0x00000062   Code   RO         3058    i.HAL_ETH_ReadPHYRegister  stm32f4xx_hal_eth.o
    0x080016ea   0x080016ea   0x00000002   PAD
    0x080016ec   0x080016ec   0x0000005c   Code   RO         3062    i.HAL_ETH_ReleaseTxPacket  stm32f4xx_hal_eth.o
    0x08001748   0x08001748   0x00000048   Code   RO          667    i.HAL_ETH_RxAllocateCallback  ethernetif.o
    0x08001790   0x08001790   0x0000000c   Code   RO          668    i.HAL_ETH_RxCpltCallback  ethernetif.o
    0x0800179c   0x0800179c   0x0000002a   Code   RO          669    i.HAL_ETH_RxLinkCallback  ethernetif.o
    0x080017c6   0x080017c6   0x00000018   Code   RO         3068    i.HAL_ETH_SetMACConfig  stm32f4xx_hal_eth.o
    0x080017de   0x080017de   0x00000002   PAD
    0x080017e0   0x080017e0   0x00000094   Code   RO         3075    i.HAL_ETH_Start_IT  stm32f4xx_hal_eth.o
    0x08001874   0x08001874   0x000000a0   Code   RO         3077    i.HAL_ETH_Stop_IT   stm32f4xx_hal_eth.o
    0x08001914   0x08001914   0x00000066   Code   RO         3079    i.HAL_ETH_Transmit_IT  stm32f4xx_hal_eth.o
    0x0800197a   0x0800197a   0x00000002   PAD
    0x0800197c   0x0800197c   0x0000000c   Code   RO          670    i.HAL_ETH_TxCpltCallback  ethernetif.o
    0x08001988   0x08001988   0x00000004   Code   RO          671    i.HAL_ETH_TxFreeCallback  ethernetif.o
    0x0800198c   0x0800198c   0x00000002   Code   RO         3085    i.HAL_ETH_WakeUpCallback  stm32f4xx_hal_eth.o
    0x0800198e   0x0800198e   0x00000002   PAD
    0x08001990   0x08001990   0x000001f0   Code   RO         2236    i.HAL_GPIO_Init     stm32f4xx_hal_gpio.o
    0x08001b80   0x08001b80   0x0000000c   Code   RO         2786    i.HAL_GetTick       stm32f4xx_hal.o
    0x08001b8c   0x08001b8c   0x00000010   Code   RO         2792    i.HAL_IncTick       stm32f4xx_hal.o
    0x08001b9c   0x08001b9c   0x00000034   Code   RO         2793    i.HAL_Init          stm32f4xx_hal.o
    0x08001bd0   0x08001bd0   0x00000098   Code   RO          625    i.HAL_InitTick      stm32f4xx_hal_timebase_tim.o
    0x08001c68   0x08001c68   0x00000038   Code   RO          601    i.HAL_MspInit       stm32f4xx_hal_msp.o
    0x08001ca0   0x08001ca0   0x0000001a   Code   RO         2628    i.HAL_NVIC_EnableIRQ  stm32f4xx_hal_cortex.o
    0x08001cba   0x08001cba   0x00000002   PAD
    0x08001cbc   0x08001cbc   0x00000040   Code   RO         2634    i.HAL_NVIC_SetPriority  stm32f4xx_hal_cortex.o
    0x08001cfc   0x08001cfc   0x00000024   Code   RO         2635    i.HAL_NVIC_SetPriorityGrouping  stm32f4xx_hal_cortex.o
    0x08001d20   0x08001d20   0x00000134   Code   RO         1882    i.HAL_RCC_ClockConfig  stm32f4xx_hal_rcc.o
    0x08001e54   0x08001e54   0x00000040   Code   RO         1886    i.HAL_RCC_GetClockConfig  stm32f4xx_hal_rcc.o
    0x08001e94   0x08001e94   0x00000020   Code   RO         1889    i.HAL_RCC_GetPCLK1Freq  stm32f4xx_hal_rcc.o
    0x08001eb4   0x08001eb4   0x00000020   Code   RO         1890    i.HAL_RCC_GetPCLK2Freq  stm32f4xx_hal_rcc.o
    0x08001ed4   0x08001ed4   0x00000060   Code   RO         1891    i.HAL_RCC_GetSysClockFreq  stm32f4xx_hal_rcc.o
    0x08001f34   0x08001f34   0x0000036c   Code   RO         1894    i.HAL_RCC_OscConfig  stm32f4xx_hal_rcc.o
    0x080022a0   0x080022a0   0x00000002   Code   RO         1614    i.HAL_TIMEx_BreakCallback  stm32f4xx_hal_tim_ex.o
    0x080022a2   0x080022a2   0x00000002   Code   RO         1615    i.HAL_TIMEx_CommutCallback  stm32f4xx_hal_tim_ex.o
    0x080022a4   0x080022a4   0x0000005a   Code   RO          910    i.HAL_TIM_Base_Init  stm32f4xx_hal_tim.o
    0x080022fe   0x080022fe   0x00000002   Code   RO          912    i.HAL_TIM_Base_MspInit  stm32f4xx_hal_tim.o
    0x08002300   0x08002300   0x00000080   Code   RO          915    i.HAL_TIM_Base_Start_IT  stm32f4xx_hal_tim.o
    0x08002380   0x08002380   0x00000002   Code   RO          944    i.HAL_TIM_IC_CaptureCallback  stm32f4xx_hal_tim.o
    0x08002382   0x08002382   0x00000130   Code   RO          958    i.HAL_TIM_IRQHandler  stm32f4xx_hal_tim.o
    0x080024b2   0x080024b2   0x00000002   Code   RO          961    i.HAL_TIM_OC_DelayElapsedCallback  stm32f4xx_hal_tim.o
    0x080024b4   0x080024b4   0x00000002   Code   RO          988    i.HAL_TIM_PWM_PulseFinishedCallback  stm32f4xx_hal_tim.o
    0x080024b6   0x080024b6   0x00000002   PAD
    0x080024b8   0x080024b8   0x00000014   Code   RO           14    i.HAL_TIM_PeriodElapsedCallback  main.o
    0x080024cc   0x080024cc   0x00000002   Code   RO         1001    i.HAL_TIM_TriggerCallback  stm32f4xx_hal_tim.o
    0x080024ce   0x080024ce   0x00000002   Code   RO         3393    i.HAL_UARTEx_RxEventCallback  stm32f4xx_hal_uart.o
    0x080024d0   0x080024d0   0x00000002   Code   RO         3407    i.HAL_UART_ErrorCallback  stm32f4xx_hal_uart.o
    0x080024d2   0x080024d2   0x00000002   PAD
    0x080024d4   0x080024d4   0x00000280   Code   RO         3410    i.HAL_UART_IRQHandler  stm32f4xx_hal_uart.o
    0x08002754   0x08002754   0x00000064   Code   RO         3411    i.HAL_UART_Init     stm32f4xx_hal_uart.o
    0x080027b8   0x080027b8   0x0000007c   Code   RO          467    i.HAL_UART_MspInit  usart.o
    0x08002834   0x08002834   0x00000002   Code   RO         3417    i.HAL_UART_RxCpltCallback  stm32f4xx_hal_uart.o
    0x08002836   0x08002836   0x000000a0   Code   RO         3419    i.HAL_UART_Transmit  stm32f4xx_hal_uart.o
    0x080028d6   0x080028d6   0x00000002   Code   RO         3422    i.HAL_UART_TxCpltCallback  stm32f4xx_hal_uart.o
    0x080028d8   0x080028d8   0x00000002   Code   RO          528    i.HardFault_Handler  stm32f4xx_it.o
    0x080028da   0x080028da   0x00000002   PAD
    0x080028dc   0x080028dc   0x00000020   Code   RO          361    i.MX_FREERTOS_Init  freertos.o
    0x080028fc   0x080028fc   0x0000004c   Code   RO          337    i.MX_GPIO_Init      gpio.o
    0x08002948   0x08002948   0x0000009c   Code   RO          793    i.MX_LWIP_Init      lwip.o
    0x080029e4   0x080029e4   0x00000038   Code   RO          468    i.MX_USART1_UART_Init  usart.o
    0x08002a1c   0x08002a1c   0x00000002   Code   RO          529    i.MemManage_Handler  stm32f4xx_it.o
    0x08002a1e   0x08002a1e   0x00000002   Code   RO          530    i.NMI_Handler       stm32f4xx_it.o
    0x08002a20   0x08002a20   0x00000288   Code   RO          362    i.StartDefaultTask  freertos.o
    0x08002ca8   0x08002ca8   0x0000001a   Code   RO         4892    i.SysTick_Handler   cmsis_os2.o
    0x08002cc2   0x08002cc2   0x00000002   PAD
    0x08002cc4   0x08002cc4   0x00000098   Code   RO           15    i.SystemClock_Config  main.o
    0x08002d5c   0x08002d5c   0x00000010   Code   RO         3745    i.SystemInit        system_stm32f4xx.o
    0x08002d6c   0x08002d6c   0x0000000c   Code   RO          531    i.TIM6_DAC_IRQHandler  stm32f4xx_it.o
    0x08002d78   0x08002d78   0x000000d0   Code   RO         1003    i.TIM_Base_SetConfig  stm32f4xx_hal_tim.o
    0x08002e48   0x08002e48   0x0000000e   Code   RO         3424    i.UART_DMAAbortOnError  stm32f4xx_hal_uart.o
    0x08002e56   0x08002e56   0x0000004e   Code   RO         3434    i.UART_EndRxTransfer  stm32f4xx_hal_uart.o
    0x08002ea4   0x08002ea4   0x000000c2   Code   RO         3436    i.UART_Receive_IT   stm32f4xx_hal_uart.o
    0x08002f66   0x08002f66   0x00000002   PAD
    0x08002f68   0x08002f68   0x0000010c   Code   RO         3437    i.UART_SetConfig    stm32f4xx_hal_uart.o
    0x08003074   0x08003074   0x00000072   Code   RO         3440    i.UART_WaitOnFlagUntilTimeout  stm32f4xx_hal_uart.o
    0x080030e6   0x080030e6   0x00000002   PAD
    0x080030e8   0x080030e8   0x0000000c   Code   RO          532    i.USART1_IRQHandler  stm32f4xx_it.o
    0x080030f4   0x080030f4   0x00000002   Code   RO          533    i.UsageFault_Handler  stm32f4xx_it.o
    0x080030f6   0x080030f6   0x00000020   Code   RO         2641    i.__NVIC_SetPriority  stm32f4xx_hal_cortex.o
    0x08003116   0x08003116   0x0000000e   Code   RO        10627    i._is_digit         c_w.l(__printf_wp.o)
    0x08003124   0x08003124   0x00000002   Code   RO          469    i._sys_exit         usart.o
    0x08003126   0x08003126   0x00000002   PAD
    0x08003128   0x08003128   0x00000178   Code   RO         6714    i.accept_function   api_msg.o
    0x080032a0   0x080032a0   0x0000009c   Code   RO         9437    i.dhcp_arp_reply    dhcp.o
    0x0800333c   0x0800333c   0x00000188   Code   RO         9438    i.dhcp_bind         dhcp.o
    0x080034c4   0x080034c4   0x00000034   Code   RO         9439    i.dhcp_check        dhcp.o
    0x080034f8   0x080034f8   0x000000ac   Code   RO         9441    i.dhcp_coarse_tmr   dhcp.o
    0x080035a4   0x080035a4   0x000001e4   Code   RO         9442    i.dhcp_create_msg   dhcp.o
    0x08003788   0x08003788   0x000000b8   Code   RO         9443    i.dhcp_dec_pcb_refcount  dhcp.o
    0x08003840   0x08003840   0x0000009c   Code   RO         9444    i.dhcp_decline      dhcp.o
    0x080038dc   0x080038dc   0x000000e8   Code   RO         9445    i.dhcp_discover     dhcp.o
    0x080039c4   0x080039c4   0x00000034   Code   RO         9446    i.dhcp_fine_tmr     dhcp.o
    0x080039f8   0x080039f8   0x00000088   Code   RO         9447    i.dhcp_handle_ack   dhcp.o
    0x08003a80   0x08003a80   0x000000ec   Code   RO         9448    i.dhcp_inc_pcb_refcount  dhcp.o
    0x08003b6c   0x08003b6c   0x000000c8   Code   RO         9450    i.dhcp_network_changed  dhcp.o
    0x08003c34   0x08003c34   0x00000098   Code   RO         9451    i.dhcp_option       dhcp.o
    0x08003ccc   0x08003ccc   0x000000bc   Code   RO         9452    i.dhcp_option_byte  dhcp.o
    0x08003d88   0x08003d88   0x000000d8   Code   RO         9453    i.dhcp_option_long  dhcp.o
    0x08003e60   0x08003e60   0x000000c8   Code   RO         9454    i.dhcp_option_short  dhcp.o
    0x08003f28   0x08003f28   0x00000020   Code   RO         9455    i.dhcp_option_trailer  dhcp.o
    0x08003f48   0x08003f48   0x000003d8   Code   RO         9456    i.dhcp_parse_reply  dhcp.o
    0x08004320   0x08004320   0x000000d8   Code   RO         9457    i.dhcp_rebind       dhcp.o
    0x080043f8   0x080043f8   0x00000100   Code   RO         9458    i.dhcp_reboot       dhcp.o
    0x080044f8   0x080044f8   0x00000120   Code   RO         9459    i.dhcp_recv         dhcp.o
    0x08004618   0x08004618   0x000000bc   Code   RO         9461    i.dhcp_release_and_stop  dhcp.o
    0x080046d4   0x080046d4   0x000000d8   Code   RO         9462    i.dhcp_renew        dhcp.o
    0x080047ac   0x080047ac   0x00000200   Code   RO         9463    i.dhcp_select       dhcp.o
    0x080049ac   0x080049ac   0x00000010   Code   RO         9464    i.dhcp_set_state    dhcp.o
    0x080049bc   0x080049bc   0x00000128   Code   RO         9466    i.dhcp_start        dhcp.o
    0x08004ae4   0x08004ae4   0x0000001c   Code   RO         9468    i.dhcp_supplied_address  dhcp.o
    0x08004b00   0x08004b00   0x0000006c   Code   RO         9469    i.dhcp_timeout      dhcp.o
    0x08004b6c   0x08004b6c   0x00000024   Code   RO         7711    i.dns_backupserver_available  dns.o
    0x08004b90   0x08004b90   0x00000098   Code   RO         7712    i.dns_call_found    dns.o
    0x08004c28   0x08004c28   0x00000168   Code   RO         7713    i.dns_check_entry   dns.o
    0x08004d90   0x08004d90   0x00000002   Code   RO         7719    i.dns_init          dns.o
    0x08004d92   0x08004d92   0x00000002   PAD
    0x08004d94   0x08004d94   0x000001a8   Code   RO         7721    i.dns_send          dns.o
    0x08004f3c   0x08004f3c   0x00000020   Code   RO         7722    i.dns_setserver     dns.o
    0x08004f5c   0x08004f5c   0x00000014   Code   RO         7723    i.dns_tmr           dns.o
    0x08004f70   0x08004f70   0x000000a8   Code   RO         8036    i.do_memp_free_pool  memp.o
    0x08005018   0x08005018   0x000000b8   Code   RO         8037    i.do_memp_malloc_pool  memp.o
    0x080050d0   0x080050d0   0x000001c8   Code   RO         6715    i.err_tcp           api_msg.o
    0x08005298   0x08005298   0x0000002c   Code   RO         9644    i.etharp_cleanup_netif  etharp.o
    0x080052c4   0x080052c4   0x00000260   Code   RO         9646    i.etharp_find_entry  etharp.o
    0x08005524   0x08005524   0x00000024   Code   RO         9647    i.etharp_free_entry  etharp.o
    0x08005548   0x08005548   0x00000118   Code   RO         9649    i.etharp_input      etharp.o
    0x08005660   0x08005660   0x000001b0   Code   RO         9650    i.etharp_output     etharp.o
    0x08005810   0x08005810   0x00000110   Code   RO         9651    i.etharp_output_to_arp_index  etharp.o
    0x08005920   0x08005920   0x000001e8   Code   RO         9652    i.etharp_query      etharp.o
    0x08005b08   0x08005b08   0x00000174   Code   RO         9653    i.etharp_raw        etharp.o
    0x08005c7c   0x08005c7c   0x0000000c   Code   RO         9654    i.etharp_request    etharp.o
    0x08005c88   0x08005c88   0x00000020   Code   RO         9655    i.etharp_request_dst  etharp.o
    0x08005ca8   0x08005ca8   0x00000060   Code   RO         9656    i.etharp_tmr        etharp.o
    0x08005d08   0x08005d08   0x0000011c   Code   RO         9657    i.etharp_update_arp_entry  etharp.o
    0x08005e24   0x08005e24   0x000000a4   Code   RO         6063    i.ethernet_input    ethernet.o
    0x08005ec8   0x08005ec8   0x00000002   Code   RO          794    i.ethernet_link_status_updated  lwip.o
    0x08005eca   0x08005eca   0x00000002   PAD
    0x08005ecc   0x08005ecc   0x00000234   Code   RO          672    i.ethernet_link_thread  ethernetif.o
    0x08006100   0x08006100   0x000000f8   Code   RO         6064    i.ethernet_output   ethernet.o
    0x080061f8   0x080061f8   0x00000090   Code   RO          673    i.ethernetif_init   ethernetif.o
    0x08006288   0x08006288   0x00000064   Code   RO          674    i.ethernetif_input  ethernetif.o
    0x080062ec   0x080062ec   0x00000018   Code   RO          470    i.fputc             usart.o
    0x08006304   0x08006304   0x00000008   Code   RO         9744    i.icmp_dest_unreach  icmp.o
    0x0800630c   0x0800630c   0x00000214   Code   RO         9745    i.icmp_input        icmp.o
    0x08006520   0x08006520   0x0000011c   Code   RO         9746    i.icmp_send_response  icmp.o
    0x0800663c   0x0800663c   0x00000008   Code   RO         9747    i.icmp_time_exceeded  icmp.o
    0x08006644   0x08006644   0x0000000c   Code   RO         7819    i.inet_chksum       inet_chksum.o
    0x08006650   0x08006650   0x0000004a   Code   RO         7820    i.inet_chksum_pbuf  inet_chksum.o
    0x0800669a   0x0800669a   0x00000028   Code   RO         7821    i.inet_chksum_pseudo  inet_chksum.o
    0x080066c2   0x080066c2   0x0000006e   Code   RO         7823    i.inet_cksum_pseudo_base  inet_chksum.o
    0x08006730   0x08006730   0x0000002e   Code   RO         9861    i.ip4_addr_isbroadcast_u32  ip4_addr.o
    0x0800675e   0x0800675e   0x00000002   PAD
    0x08006760   0x08006760   0x0000026c   Code   RO         9930    i.ip4_frag          ip4_frag.o
    0x080069cc   0x080069cc   0x000001a0   Code   RO         9806    i.ip4_input         ip4.o
    0x08006b6c   0x08006b6c   0x0000002c   Code   RO         9807    i.ip4_input_accept  ip4.o
    0x08006b98   0x08006b98   0x0000001e   Code   RO         9809    i.ip4_output_if     ip4.o
    0x08006bb6   0x08006bb6   0x00000002   PAD
    0x08006bb8   0x08006bb8   0x000001ac   Code   RO         9810    i.ip4_output_if_src  ip4.o
    0x08006d64   0x08006d64   0x00000290   Code   RO         9931    i.ip4_reass         ip4_frag.o
    0x08006ff4   0x08006ff4   0x00000060   Code   RO         9811    i.ip4_route         ip4.o
    0x08007054   0x08007054   0x0000000c   Code   RO         9864    i.ip4addr_ntoa      ip4_addr.o
    0x08007060   0x08007060   0x00000078   Code   RO         9865    i.ip4addr_ntoa_r    ip4_addr.o
    0x080070d8   0x080070d8   0x0000000c   Code   RO         7825    i.ip_chksum_pseudo  inet_chksum.o
    0x080070e4   0x080070e4   0x00000090   Code   RO         9932    i.ip_frag_free_pbuf_custom_ref  ip4_frag.o
    0x08007174   0x08007174   0x00000248   Code   RO         9933    i.ip_reass_chain_frag_into_datagram_and_validate  ip4_frag.o
    0x080073bc   0x080073bc   0x000000bc   Code   RO         9934    i.ip_reass_dequeue_datagram  ip4_frag.o
    0x08007478   0x08007478   0x00000198   Code   RO         9935    i.ip_reass_free_complete_datagram  ip4_frag.o
    0x08007610   0x08007610   0x00000080   Code   RO         9936    i.ip_reass_remove_oldest_datagram  ip4_frag.o
    0x08007690   0x08007690   0x0000002c   Code   RO         9937    i.ip_reass_tmr      ip4_frag.o
    0x080076bc   0x080076bc   0x00000098   Code   RO         9938    i.ipfrag_free_pbuf_custom  ip4_frag.o
    0x08007754   0x08007754   0x00000108   Code   RO          675    i.low_level_init    ethernetif.o
    0x0800785c   0x0800785c   0x000000c0   Code   RO          676    i.low_level_output  ethernetif.o
    0x0800791c   0x0800791c   0x0000003c   Code   RO         9205    i.lwip_cyclic_timer  timeouts.o
    0x08007958   0x08007958   0x000001c0   Code   RO          857    i.lwip_echo_task    lwip_echo.o
    0x08007b18   0x08007b18   0x00000004   Code   RO         7656    i.lwip_htonl        def.o
    0x08007b1c   0x08007b1c   0x00000004   Code   RO         7657    i.lwip_htons        def.o
    0x08007b20   0x08007b20   0x00000026   Code   RO         7892    i.lwip_init         init.o
    0x08007b46   0x08007b46   0x00000036   Code   RO         6716    i.lwip_netconn_do_bind  api_msg.o
    0x08007b7c   0x08007b7c   0x00000138   Code   RO         6718    i.lwip_netconn_do_close  api_msg.o
    0x08007cb4   0x08007cb4   0x000002c0   Code   RO         6719    i.lwip_netconn_do_close_internal  api_msg.o
    0x08007f74   0x08007f74   0x00000198   Code   RO         6722    i.lwip_netconn_do_delconn  api_msg.o
    0x0800810c   0x0800810c   0x000000bc   Code   RO         6727    i.lwip_netconn_do_listen  api_msg.o
    0x080081c8   0x080081c8   0x00000012   Code   RO         6728    i.lwip_netconn_do_newconn  api_msg.o
    0x080081da   0x080081da   0x00000042   Code   RO         6729    i.lwip_netconn_do_recv  api_msg.o
    0x0800821c   0x0800821c   0x0000014c   Code   RO         6731    i.lwip_netconn_do_write  api_msg.o
    0x08008368   0x08008368   0x00000384   Code   RO         6732    i.lwip_netconn_do_writemore  api_msg.o
    0x080086ec   0x080086ec   0x000000a8   Code   RO         6733    i.lwip_netconn_err_to_msg  api_msg.o
    0x08008794   0x08008794   0x000000ac   Code   RO         6734    i.lwip_netconn_is_err_msg  api_msg.o
    0x08008840   0x08008840   0x00000058   Code   RO         7827    i.lwip_standard_chksum  inet_chksum.o
    0x08008898   0x08008898   0x00000054   Code   RO           16    i.main              main.o
    0x080088ec   0x080088ec   0x000001c8   Code   RO         7960    i.mem_free          mem.o
    0x08008ab4   0x08008ab4   0x000000c8   Code   RO         7961    i.mem_init          mem.o
    0x08008b7c   0x08008b7c   0x0000024c   Code   RO         7962    i.mem_malloc        mem.o
    0x08008dc8   0x08008dc8   0x00000010   Code   RO         7963    i.mem_to_ptr        mem.o
    0x08008dd8   0x08008dd8   0x000001e4   Code   RO         7964    i.mem_trim          mem.o
    0x08008fbc   0x08008fbc   0x0000009c   Code   RO         8038    i.memp_free         memp.o
    0x08009058   0x08009058   0x00000088   Code   RO         8039    i.memp_free_pool    memp.o
    0x080090e0   0x080090e0   0x00000020   Code   RO         8040    i.memp_init         memp.o
    0x08009100   0x08009100   0x0000002a   Code   RO         8041    i.memp_init_pool    memp.o
    0x0800912a   0x0800912a   0x00000002   PAD
    0x0800912c   0x0800912c   0x000000a4   Code   RO         8042    i.memp_malloc       memp.o
    0x080091d0   0x080091d0   0x0000008c   Code   RO         8043    i.memp_malloc_pool  memp.o
    0x0800925c   0x0800925c   0x000000fc   Code   RO         7012    i.netbuf_data       netbuf.o
    0x08009358   0x08009358   0x00000022   Code   RO         7013    i.netbuf_delete     netbuf.o
    0x0800937a   0x0800937a   0x00000002   PAD
    0x0800937c   0x0800937c   0x00000138   Code   RO         6489    i.netconn_accept    api_lib.o
    0x080094b4   0x080094b4   0x00000104   Code   RO         6735    i.netconn_alloc     api_msg.o
    0x080095b8   0x080095b8   0x00000016   Code   RO         6490    i.netconn_apimsg    api_lib.o
    0x080095ce   0x080095ce   0x00000002   PAD
    0x080095d0   0x080095d0   0x000000b8   Code   RO         6491    i.netconn_bind      api_lib.o
    0x08009688   0x08009688   0x00000006   Code   RO         6493    i.netconn_close     api_lib.o
    0x0800968e   0x0800968e   0x00000002   PAD
    0x08009690   0x08009690   0x000000b0   Code   RO         6494    i.netconn_close_shutdown  api_lib.o
    0x08009740   0x08009740   0x0000001e   Code   RO         6496    i.netconn_delete    api_lib.o
    0x0800975e   0x0800975e   0x0000009c   Code   RO         6736    i.netconn_drain     api_msg.o
    0x080097fa   0x080097fa   0x0000001e   Code   RO         6498    i.netconn_err       api_lib.o
    0x08009818   0x08009818   0x0000016c   Code   RO         6737    i.netconn_free      api_msg.o
    0x08009984   0x08009984   0x000000a8   Code   RO         6501    i.netconn_listen_with_backlog  api_lib.o
    0x08009a2c   0x08009a2c   0x00000178   Code   RO         6502    i.netconn_new_with_proto_and_callback  api_lib.o
    0x08009ba4   0x08009ba4   0x00000020   Code   RO         6503    i.netconn_prepare_delete  api_lib.o
    0x08009bc4   0x08009bc4   0x0000013c   Code   RO         6504    i.netconn_recv      api_lib.o
    0x08009d00   0x08009d00   0x00000188   Code   RO         6505    i.netconn_recv_data  api_lib.o
    0x08009e88   0x08009e88   0x00000092   Code   RO         6506    i.netconn_recv_data_tcp  api_lib.o
    0x08009f1a   0x08009f1a   0x00000002   PAD
    0x08009f1c   0x08009f1c   0x000000b8   Code   RO         6515    i.netconn_tcp_recvd_msg  api_lib.o
    0x08009fd4   0x08009fd4   0x00000014   Code   RO         6516    i.netconn_write_partly  api_lib.o
    0x08009fe8   0x08009fe8   0x0000018c   Code   RO         6517    i.netconn_write_vectors_partly  api_lib.o
    0x0800a174   0x0800a174   0x000001dc   Code   RO         8182    i.netif_add         netif.o
    0x0800a350   0x0800a350   0x00000016   Code   RO         8184    i.netif_do_ip_addr_changed  netif.o
    0x0800a366   0x0800a366   0x00000016   Code   RO         8185    i.netif_do_set_gw   netif.o
    0x0800a37c   0x0800a37c   0x000000c4   Code   RO         8186    i.netif_do_set_ipaddr  netif.o
    0x0800a440   0x0800a440   0x00000016   Code   RO         8187    i.netif_do_set_netmask  netif.o
    0x0800a456   0x0800a456   0x00000002   PAD
    0x0800a458   0x0800a458   0x00000028   Code   RO         8189    i.netif_get_by_index  netif.o
    0x0800a480   0x0800a480   0x00000002   Code   RO         8191    i.netif_init        netif.o
    0x0800a482   0x0800a482   0x00000002   PAD
    0x0800a484   0x0800a484   0x000000c0   Code   RO         8193    i.netif_issue_reports  netif.o
    0x0800a544   0x0800a544   0x00000006   Code   RO         8195    i.netif_null_output_ip4  netif.o
    0x0800a54a   0x0800a54a   0x00000002   PAD
    0x0800a54c   0x0800a54c   0x00000060   Code   RO         8197    i.netif_set_addr    netif.o
    0x0800a5ac   0x0800a5ac   0x0000000c   Code   RO         8198    i.netif_set_default  netif.o
    0x0800a5b8   0x0800a5b8   0x000000a8   Code   RO         8199    i.netif_set_down    netif.o
    0x0800a660   0x0800a660   0x00000008   Code   RO         8202    i.netif_set_link_callback  netif.o
    0x0800a668   0x0800a668   0x000000ac   Code   RO         8203    i.netif_set_link_down  netif.o
    0x0800a714   0x0800a714   0x000000c8   Code   RO         8204    i.netif_set_link_up  netif.o
    0x0800a7dc   0x0800a7dc   0x000000a0   Code   RO         8206    i.netif_set_up      netif.o
    0x0800a87c   0x0800a87c   0x0000001a   Code   RO         4894    i.osDelay           cmsis_os2.o
    0x0800a896   0x0800a896   0x0000000e   Code   RO         4906    i.osKernelGetTickCount  cmsis_os2.o
    0x0800a8a4   0x0800a8a4   0x00000024   Code   RO         4908    i.osKernelInitialize  cmsis_os2.o
    0x0800a8c8   0x0800a8c8   0x00000038   Code   RO         4911    i.osKernelStart     cmsis_os2.o
    0x0800a900   0x0800a900   0x0000002a   Code   RO         4922    i.osMessageQueueDelete  cmsis_os2.o
    0x0800a92a   0x0800a92a   0x00000002   PAD
    0x0800a92c   0x0800a92c   0x00000064   Code   RO         4923    i.osMessageQueueGet  cmsis_os2.o
    0x0800a990   0x0800a990   0x00000014   Code   RO         4925    i.osMessageQueueGetCount  cmsis_os2.o
    0x0800a9a4   0x0800a9a4   0x00000058   Code   RO         4928    i.osMessageQueueNew  cmsis_os2.o
    0x0800a9fc   0x0800a9fc   0x00000068   Code   RO         4929    i.osMessageQueuePut  cmsis_os2.o
    0x0800aa64   0x0800aa64   0x00000052   Code   RO         4931    i.osMutexAcquire    cmsis_os2.o
    0x0800aab6   0x0800aab6   0x00000068   Code   RO         4934    i.osMutexNew        cmsis_os2.o
    0x0800ab1e   0x0800ab1e   0x00000042   Code   RO         4935    i.osMutexRelease    cmsis_os2.o
    0x0800ab60   0x0800ab60   0x0000005c   Code   RO         4936    i.osSemaphoreAcquire  cmsis_os2.o
    0x0800abbc   0x0800abbc   0x0000002a   Code   RO         4937    i.osSemaphoreDelete  cmsis_os2.o
    0x0800abe6   0x0800abe6   0x00000098   Code   RO         4939    i.osSemaphoreNew    cmsis_os2.o
    0x0800ac7e   0x0800ac7e   0x00000002   PAD
    0x0800ac80   0x0800ac80   0x00000058   Code   RO         4940    i.osSemaphoreRelease  cmsis_os2.o
    0x0800acd8   0x0800acd8   0x0000008a   Code   RO         4953    i.osThreadNew       cmsis_os2.o
    0x0800ad62   0x0800ad62   0x00000006   Code   RO         8366    i.pbuf_add_header   pbuf.o
    0x0800ad68   0x0800ad68   0x000000c0   Code   RO         8368    i.pbuf_add_header_impl  pbuf.o
    0x0800ae28   0x0800ae28   0x00000264   Code   RO         8369    i.pbuf_alloc        pbuf.o
    0x0800b08c   0x0800b08c   0x000000b0   Code   RO         8370    i.pbuf_alloc_reference  pbuf.o
    0x0800b13c   0x0800b13c   0x00000036   Code   RO         8371    i.pbuf_alloced_custom  pbuf.o
    0x0800b172   0x0800b172   0x00000002   PAD
    0x0800b174   0x0800b174   0x00000130   Code   RO         8372    i.pbuf_cat          pbuf.o
    0x0800b2a4   0x0800b2a4   0x00000012   Code   RO         8373    i.pbuf_chain        pbuf.o
    0x0800b2b6   0x0800b2b6   0x00000012   Code   RO         8374    i.pbuf_clen         pbuf.o
    0x0800b2c8   0x0800b2c8   0x0000009c   Code   RO         8375    i.pbuf_clone        pbuf.o
    0x0800b364   0x0800b364   0x000001e0   Code   RO         8377    i.pbuf_copy         pbuf.o
    0x0800b544   0x0800b544   0x00000118   Code   RO         8378    i.pbuf_copy_partial  pbuf.o
    0x0800b65c   0x0800b65c   0x00000164   Code   RO         8380    i.pbuf_free         pbuf.o
    0x0800b7c0   0x0800b7c0   0x0000002c   Code   RO          677    i.pbuf_free_custom  ethernetif.o
    0x0800b7ec   0x0800b7ec   0x00000034   Code   RO         8382    i.pbuf_free_ooseq_callback  pbuf.o
    0x0800b820   0x0800b820   0x00000006   Code   RO         8386    i.pbuf_header_force  pbuf.o
    0x0800b826   0x0800b826   0x0000000e   Code   RO         8387    i.pbuf_header_impl  pbuf.o
    0x0800b834   0x0800b834   0x0000001c   Code   RO         8388    i.pbuf_init_alloced_pbuf  pbuf.o
    0x0800b850   0x0800b850   0x0000001e   Code   RO         8391    i.pbuf_put_at       pbuf.o
    0x0800b86e   0x0800b86e   0x00000002   PAD
    0x0800b870   0x0800b870   0x00000134   Code   RO         8392    i.pbuf_realloc      pbuf.o
    0x0800b9a4   0x0800b9a4   0x0000009c   Code   RO         8393    i.pbuf_ref          pbuf.o
    0x0800ba40   0x0800ba40   0x000000d0   Code   RO         8394    i.pbuf_remove_header  pbuf.o
    0x0800bb10   0x0800bb10   0x00000004   Code   RO         8395    i.pbuf_skip         pbuf.o
    0x0800bb14   0x0800bb14   0x00000018   Code   RO         8396    i.pbuf_skip_const   pbuf.o
    0x0800bb2c   0x0800bb2c   0x00000178   Code   RO         8398    i.pbuf_take         pbuf.o
    0x0800bca4   0x0800bca4   0x000000e0   Code   RO         8399    i.pbuf_take_at      pbuf.o
    0x0800bd84   0x0800bd84   0x000000f8   Code   RO         6738    i.pcb_new           api_msg.o
    0x0800be7c   0x0800be7c   0x000001a0   Code   RO         7965    i.plug_holes        mem.o
    0x0800c01c   0x0800c01c   0x000000e0   Code   RO         6739    i.poll_tcp          api_msg.o
    0x0800c0fc   0x0800c0fc   0x0000005c   Code   RO         4353    i.prvAddCurrentTaskToDelayedList  tasks.o
    0x0800c158   0x0800c158   0x000000d0   Code   RO         4354    i.prvAddNewTaskToReadyList  tasks.o
    0x0800c228   0x0800c228   0x00000058   Code   RO         4718    i.prvCheckForValidListAndQueue  timers.o
    0x0800c280   0x0800c280   0x00000026   Code   RO         3950    i.prvCopyDataFromQueue  queue.o
    0x0800c2a6   0x0800c2a6   0x0000006c   Code   RO         3951    i.prvCopyDataToQueue  queue.o
    0x0800c312   0x0800c312   0x00000034   Code   RO         4355    i.prvDeleteTCB      tasks.o
    0x0800c346   0x0800c346   0x00000002   PAD
    0x0800c348   0x0800c348   0x0000004c   Code   RO         5405    i.prvHeapInit       heap_4.o
    0x0800c394   0x0800c394   0x00000060   Code   RO         4356    i.prvIdleTask       tasks.o
    0x0800c3f4   0x0800c3f4   0x00000016   Code   RO         3952    i.prvInitialiseMutex  queue.o
    0x0800c40a   0x0800c40a   0x00000002   PAD
    0x0800c40c   0x0800c40c   0x00000022   Code   RO         3953    i.prvInitialiseNewQueue  queue.o
    0x0800c42e   0x0800c42e   0x00000002   PAD
    0x0800c430   0x0800c430   0x000000b0   Code   RO         4357    i.prvInitialiseNewTask  tasks.o
    0x0800c4e0   0x0800c4e0   0x0000004c   Code   RO         5406    i.prvInsertBlockIntoFreeList  heap_4.o
    0x0800c52c   0x0800c52c   0x00000038   Code   RO         4720    i.prvInsertTimerInActiveList  timers.o
    0x0800c564   0x0800c564   0x0000001c   Code   RO         3954    i.prvIsQueueEmpty   queue.o
    0x0800c580   0x0800c580   0x000000fc   Code   RO         4721    i.prvProcessReceivedCommands  timers.o
    0x0800c67c   0x0800c67c   0x000000c0   Code   RO         4722    i.prvProcessTimerOrBlockTask  timers.o
    0x0800c73c   0x0800c73c   0x00000020   Code   RO         4359    i.prvResetNextTaskUnblockTime  tasks.o
    0x0800c75c   0x0800c75c   0x00000028   Code   RO         4723    i.prvSampleTimeNow  timers.o
    0x0800c784   0x0800c784   0x0000006c   Code   RO         4724    i.prvSwitchTimerLists  timers.o
    0x0800c7f0   0x0800c7f0   0x00000028   Code   RO         5461    i.prvTaskExitError  port.o
    0x0800c818   0x0800c818   0x00000024   Code   RO         4725    i.prvTimerTask      timers.o
    0x0800c83c   0x0800c83c   0x0000006a   Code   RO         3955    i.prvUnlockQueue    queue.o
    0x0800c8a6   0x0800c8a6   0x00000002   PAD
    0x0800c8a8   0x0800c8a8   0x0000000c   Code   RO         7966    i.ptr_to_mem        mem.o
    0x0800c8b4   0x0800c8b4   0x000000dc   Code   RO         5407    i.pvPortMalloc      heap_4.o
    0x0800c990   0x0800c990   0x00000018   Code   RO         4362    i.pvTaskIncrementMutexHeldCount  tasks.o
    0x0800c9a8   0x0800c9a8   0x0000002c   Code   RO         5462    i.pxPortInitialiseStack  port.o
    0x0800c9d4   0x0800c9d4   0x00000184   Code   RO         6740    i.recv_tcp          api_msg.o
    0x0800cb58   0x0800cb58   0x00000164   Code   RO         6741    i.recv_udp          api_msg.o
    0x0800ccbc   0x0800ccbc   0x000000d4   Code   RO         6742    i.sent_tcp          api_msg.o
    0x0800cd90   0x0800cd90   0x00000044   Code   RO         6743    i.setup_tcp         api_msg.o
    0x0800cdd4   0x0800cdd4   0x0000003e   Code   RO        10184    i.sys_arch_mbox_fetch  sys_arch.o
    0x0800ce12   0x0800ce12   0x00000016   Code   RO        10185    i.sys_arch_mbox_tryfetch  sys_arch.o
    0x0800ce28   0x0800ce28   0x00000018   Code   RO        10186    i.sys_arch_protect  sys_arch.o
    0x0800ce40   0x0800ce40   0x00000038   Code   RO        10187    i.sys_arch_sem_wait  sys_arch.o
    0x0800ce78   0x0800ce78   0x0000000c   Code   RO        10188    i.sys_arch_unprotect  sys_arch.o
    0x0800ce84   0x0800ce84   0x00000044   Code   RO         9206    i.sys_check_timeouts  timeouts.o
    0x0800cec8   0x0800cec8   0x00000014   Code   RO        10189    i.sys_init          sys_arch.o
    0x0800cedc   0x0800cedc   0x00000014   Code   RO        10190    i.sys_mbox_free     sys_arch.o
    0x0800cef0   0x0800cef0   0x0000001e   Code   RO        10191    i.sys_mbox_new      sys_arch.o
    0x0800cf0e   0x0800cf0e   0x00000006   Code   RO        10193    i.sys_mbox_set_invalid  sys_arch.o
    0x0800cf14   0x0800cf14   0x00000018   Code   RO        10194    i.sys_mbox_trypost  sys_arch.o
    0x0800cf2c   0x0800cf2c   0x0000000a   Code   RO        10196    i.sys_mbox_valid    sys_arch.o
    0x0800cf36   0x0800cf36   0x0000000a   Code   RO        10198    i.sys_mutex_lock    sys_arch.o
    0x0800cf40   0x0800cf40   0x00000018   Code   RO        10199    i.sys_mutex_new     sys_arch.o
    0x0800cf58   0x0800cf58   0x00000006   Code   RO        10200    i.sys_mutex_unlock  sys_arch.o
    0x0800cf5e   0x0800cf5e   0x00000004   Code   RO          678    i.sys_now           ethernetif.o
    0x0800cf62   0x0800cf62   0x00000006   Code   RO        10201    i.sys_sem_free      sys_arch.o
    0x0800cf68   0x0800cf68   0x00000028   Code   RO        10202    i.sys_sem_new       sys_arch.o
    0x0800cf90   0x0800cf90   0x00000006   Code   RO        10203    i.sys_sem_set_invalid  sys_arch.o
    0x0800cf96   0x0800cf96   0x00000006   Code   RO        10204    i.sys_sem_signal    sys_arch.o
    0x0800cf9c   0x0800cf9c   0x0000000a   Code   RO        10205    i.sys_sem_valid     sys_arch.o
    0x0800cfa6   0x0800cfa6   0x0000002e   Code   RO        10206    i.sys_thread_new    sys_arch.o
    0x0800cfd4   0x0800cfd4   0x000000c4   Code   RO         9208    i.sys_timeout       timeouts.o
    0x0800d098   0x0800d098   0x000000f8   Code   RO         9209    i.sys_timeout_abs   timeouts.o
    0x0800d190   0x0800d190   0x00000028   Code   RO         9210    i.sys_timeouts_init  timeouts.o
    0x0800d1b8   0x0800d1b8   0x00000028   Code   RO         9211    i.sys_timeouts_sleeptime  timeouts.o
    0x0800d1e0   0x0800d1e0   0x000001ac   Code   RO         8650    i.tcp_abandon       tcp.o
    0x0800d38c   0x0800d38c   0x00000006   Code   RO         8651    i.tcp_abort         tcp.o
    0x0800d392   0x0800d392   0x0000000e   Code   RO         8652    i.tcp_accept        tcp.o
    0x0800d3a0   0x0800d3a0   0x00000098   Code   RO         8653    i.tcp_accept_null   tcp.o
    0x0800d438   0x0800d438   0x00000134   Code   RO         8654    i.tcp_alloc         tcp.o
    0x0800d56c   0x0800d56c   0x00000008   Code   RO         8655    i.tcp_arg           tcp.o
    0x0800d574   0x0800d574   0x0000014c   Code   RO         8656    i.tcp_bind          tcp.o
    0x0800d6c0   0x0800d6c0   0x000000a0   Code   RO         8658    i.tcp_close         tcp.o
    0x0800d760   0x0800d760   0x000001dc   Code   RO         8659    i.tcp_close_shutdown  tcp.o
    0x0800d93c   0x0800d93c   0x000000c4   Code   RO         8660    i.tcp_close_shutdown_fin  tcp.o
    0x0800da00   0x0800da00   0x00000180   Code   RO         9045    i.tcp_create_segment  tcp_out.o
    0x0800db80   0x0800db80   0x000000b8   Code   RO         8663    i.tcp_eff_send_mss_netif  tcp.o
    0x0800dc38   0x0800dc38   0x00000234   Code   RO         9046    i.tcp_enqueue_flags  tcp_out.o
    0x0800de6c   0x0800de6c   0x000000a4   Code   RO         8664    i.tcp_err           tcp.o
    0x0800df10   0x0800df10   0x0000006c   Code   RO         8665    i.tcp_fasttmr       tcp.o
    0x0800df7c   0x0800df7c   0x00000090   Code   RO         8666    i.tcp_free          tcp.o
    0x0800e00c   0x0800e00c   0x0000013c   Code   RO         8956    i.tcp_free_acked_segments  tcp_in.o
    0x0800e148   0x0800e148   0x00000014   Code   RO         8667    i.tcp_free_ooseq    tcp.o
    0x0800e15c   0x0800e15c   0x00000028   Code   RO         8957    i.tcp_get_next_optbyte  tcp_in.o
    0x0800e184   0x0800e184   0x00000018   Code   RO         8668    i.tcp_init          tcp.o
    0x0800e19c   0x0800e19c   0x00000668   Code   RO         8958    i.tcp_input         tcp_in.o
    0x0800e804   0x0800e804   0x000000d4   Code   RO         8959    i.tcp_input_delayed_close  tcp_in.o
    0x0800e8d8   0x0800e8d8   0x000000cc   Code   RO         9047    i.tcp_keepalive     tcp_out.o
    0x0800e9a4   0x0800e9a4   0x000000bc   Code   RO         8669    i.tcp_kill_state    tcp.o
    0x0800ea60   0x0800ea60   0x00000070   Code   RO         8670    i.tcp_listen_closed  tcp.o
    0x0800ead0   0x0800ead0   0x00000198   Code   RO         8960    i.tcp_listen_input  tcp_in.o
    0x0800ec68   0x0800ec68   0x00000180   Code   RO         8672    i.tcp_listen_with_backlog_and_err  tcp.o
    0x0800ede8   0x0800ede8   0x0000004c   Code   RO         8673    i.tcp_netif_ip_addr_changed  tcp.o
    0x0800ee34   0x0800ee34   0x000000c0   Code   RO         8674    i.tcp_netif_ip_addr_changed_pcblist  tcp.o
    0x0800eef4   0x0800eef4   0x00000006   Code   RO         8676    i.tcp_new_ip_type   tcp.o
    0x0800eefa   0x0800eefa   0x00000002   PAD
    0x0800eefc   0x0800eefc   0x00000060   Code   RO         8677    i.tcp_new_port      tcp.o
    0x0800ef5c   0x0800ef5c   0x00000098   Code   RO         8678    i.tcp_next_iss      tcp.o
    0x0800eff4   0x0800eff4   0x0000010c   Code   RO         8961    i.tcp_oos_insert_segment  tcp_in.o
    0x0800f100   0x0800f100   0x000002e0   Code   RO         9048    i.tcp_output        tcp_out.o
    0x0800f3e0   0x0800f3e0   0x000000cc   Code   RO         9049    i.tcp_output_alloc_header  tcp_out.o
    0x0800f4ac   0x0800f4ac   0x00000110   Code   RO         9050    i.tcp_output_alloc_header_common  tcp_out.o
    0x0800f5bc   0x0800f5bc   0x000000f8   Code   RO         9051    i.tcp_output_control_segment  tcp_out.o
    0x0800f6b4   0x0800f6b4   0x000000d8   Code   RO         9052    i.tcp_output_fill_options  tcp_out.o
    0x0800f78c   0x0800f78c   0x000001f0   Code   RO         9053    i.tcp_output_segment  tcp_out.o
    0x0800f97c   0x0800f97c   0x000000a8   Code   RO         9054    i.tcp_output_segment_busy  tcp_out.o
    0x0800fa24   0x0800fa24   0x000000fc   Code   RO         8962    i.tcp_parseopt      tcp_in.o
    0x0800fb20   0x0800fb20   0x00000150   Code   RO         9055    i.tcp_pbuf_prealloc  tcp_out.o
    0x0800fc70   0x0800fc70   0x000000cc   Code   RO         8679    i.tcp_pcb_purge     tcp.o
    0x0800fd3c   0x0800fd3c   0x00000190   Code   RO         8680    i.tcp_pcb_remove    tcp.o
    0x0800fecc   0x0800fecc   0x000000cc   Code   RO         8681    i.tcp_poll          tcp.o
    0x0800ff98   0x0800ff98   0x000004c2   Code   RO         8963    i.tcp_process       tcp_in.o
    0x0801045a   0x0801045a   0x00000002   PAD
    0x0801045c   0x0801045c   0x00000108   Code   RO         8682    i.tcp_process_refused_data  tcp.o
    0x08010564   0x08010564   0x00000904   Code   RO         8964    i.tcp_receive       tcp_in.o
    0x08010e68   0x08010e68   0x000000a4   Code   RO         8683    i.tcp_recv          tcp.o
    0x08010f0c   0x08010f0c   0x000000b0   Code   RO         8684    i.tcp_recv_null     tcp.o
    0x08010fbc   0x08010fbc   0x00000104   Code   RO         8685    i.tcp_recved        tcp.o
    0x080110c0   0x080110c0   0x00000058   Code   RO         8686    i.tcp_remove_listener  tcp.o
    0x08011118   0x08011118   0x000000ec   Code   RO         9056    i.tcp_rexmit        tcp_out.o
    0x08011204   0x08011204   0x000000e8   Code   RO         9057    i.tcp_rexmit_fast   tcp_out.o
    0x080112ec   0x080112ec   0x000000a4   Code   RO         9058    i.tcp_rexmit_rto    tcp_out.o
    0x08011390   0x08011390   0x000000ac   Code   RO         9059    i.tcp_rexmit_rto_commit  tcp_out.o
    0x0801143c   0x0801143c   0x000000f8   Code   RO         9060    i.tcp_rexmit_rto_prepare  tcp_out.o
    0x08011534   0x08011534   0x00000010   Code   RO         9061    i.tcp_route         tcp_out.o
    0x08011544   0x08011544   0x00000114   Code   RO         9062    i.tcp_rst           tcp_out.o
    0x08011658   0x08011658   0x000000ac   Code   RO         8687    i.tcp_seg_copy      tcp.o
    0x08011704   0x08011704   0x0000001c   Code   RO         8688    i.tcp_seg_free      tcp.o
    0x08011720   0x08011720   0x00000012   Code   RO         8689    i.tcp_segs_free     tcp.o
    0x08011732   0x08011732   0x00000002   PAD
    0x08011734   0x08011734   0x000000ec   Code   RO         9063    i.tcp_send_empty_ack  tcp_out.o
    0x08011820   0x08011820   0x000000cc   Code   RO         9064    i.tcp_send_fin      tcp_out.o
    0x080118ec   0x080118ec   0x000000a4   Code   RO         8690    i.tcp_sent          tcp.o
    0x08011990   0x08011990   0x000000dc   Code   RO         8692    i.tcp_shutdown      tcp.o
    0x08011a6c   0x08011a6c   0x000005c8   Code   RO         8693    i.tcp_slowtmr       tcp.o
    0x08012034   0x08012034   0x0000022c   Code   RO         9065    i.tcp_split_unsent_seg  tcp_out.o
    0x08012260   0x08012260   0x00000034   Code   RO         9213    i.tcp_timer_needed  timeouts.o
    0x08012294   0x08012294   0x00000100   Code   RO         8965    i.tcp_timewait_input  tcp_in.o
    0x08012394   0x08012394   0x00000020   Code   RO         8695    i.tcp_tmr           tcp.o
    0x080123b4   0x080123b4   0x00000010   Code   RO         8966    i.tcp_trigger_input_pcb_close  tcp_in.o
    0x080123c4   0x080123c4   0x000000f4   Code   RO         8697    i.tcp_update_rcv_ann_wnd  tcp.o
    0x080124b8   0x080124b8   0x000006b8   Code   RO         9066    i.tcp_write         tcp_out.o
    0x08012b70   0x08012b70   0x00000174   Code   RO         9067    i.tcp_write_checks  tcp_out.o
    0x08012ce4   0x08012ce4   0x00000140   Code   RO         9068    i.tcp_zero_window_probe  tcp_out.o
    0x08012e24   0x08012e24   0x00000110   Code   RO         7487    i.tcpip_init        tcpip.o
    0x08012f34   0x08012f34   0x000000c0   Code   RO         7488    i.tcpip_inpkt       tcpip.o
    0x08012ff4   0x08012ff4   0x0000001c   Code   RO         7489    i.tcpip_input       tcpip.o
    0x08013010   0x08013010   0x00000020   Code   RO         7490    i.tcpip_send_msg_wait_sem  tcpip.o
    0x08013030   0x08013030   0x00000038   Code   RO         9214    i.tcpip_tcp_timer   timeouts.o
    0x08013068   0x08013068   0x000000f8   Code   RO         7491    i.tcpip_thread      tcpip.o
    0x08013160   0x08013160   0x000000cc   Code   RO         7492    i.tcpip_thread_handle_msg  tcpip.o
    0x0801322c   0x0801322c   0x000000bc   Code   RO         7493    i.tcpip_try_callback  tcpip.o
    0x080132e8   0x080132e8   0x00000134   Code   RO         9294    i.udp_bind          udp.o
    0x0801341c   0x0801341c   0x00000100   Code   RO         9296    i.udp_connect       udp.o
    0x0801351c   0x0801351c   0x00000018   Code   RO         9298    i.udp_init          udp.o
    0x08013534   0x08013534   0x00000208   Code   RO         9299    i.udp_input         udp.o
    0x0801373c   0x0801373c   0x0000010c   Code   RO         9300    i.udp_input_local_match  udp.o
    0x08013848   0x08013848   0x00000034   Code   RO         9301    i.udp_netif_ip_addr_changed  udp.o
    0x0801387c   0x0801387c   0x0000001a   Code   RO         9302    i.udp_new           udp.o
    0x08013896   0x08013896   0x00000004   Code   RO         9303    i.udp_new_ip_type   udp.o
    0x0801389a   0x0801389a   0x00000002   PAD
    0x0801389c   0x0801389c   0x00000088   Code   RO         9304    i.udp_recv          udp.o
    0x08013924   0x08013924   0x000000b0   Code   RO         9305    i.udp_remove        udp.o
    0x080139d4   0x080139d4   0x00000114   Code   RO         9307    i.udp_sendto        udp.o
    0x08013ae8   0x08013ae8   0x00000140   Code   RO         9308    i.udp_sendto_if     udp.o
    0x08013c28   0x08013c28   0x00000264   Code   RO         9309    i.udp_sendto_if_src  udp.o
    0x08013e8c   0x08013e8c   0x00000026   Code   RO         3910    i.uxListRemove      list.o
    0x08013eb2   0x08013eb2   0x00000024   Code   RO         3958    i.uxQueueMessagesWaiting  queue.o
    0x08013ed6   0x08013ed6   0x00000016   Code   RO         3959    i.uxQueueMessagesWaitingFromISR  queue.o
    0x08013eec   0x08013eec   0x00000014   Code   RO         4965    i.vApplicationGetIdleTaskMemory  cmsis_os2.o
    0x08013f00   0x08013f00   0x00000018   Code   RO         4966    i.vApplicationGetTimerTaskMemory  cmsis_os2.o
    0x08013f18   0x08013f18   0x00000016   Code   RO         3911    i.vListInitialise   list.o
    0x08013f2e   0x08013f2e   0x00000006   Code   RO         3912    i.vListInitialiseItem  list.o
    0x08013f34   0x08013f34   0x00000030   Code   RO         3913    i.vListInsert       list.o
    0x08013f64   0x08013f64   0x00000018   Code   RO         3914    i.vListInsertEnd    list.o
    0x08013f7c   0x08013f7c   0x00000040   Code   RO         5464    i.vPortEnterCritical  port.o
    0x08013fbc   0x08013fbc   0x00000028   Code   RO         5465    i.vPortExitCritical  port.o
    0x08013fe4   0x08013fe4   0x00000064   Code   RO         5408    i.vPortFree         heap_4.o
    0x08014048   0x08014048   0x00000024   Code   RO         5466    i.vPortSetupTimerInterrupt  port.o
    0x0801406c   0x0801406c   0x00000054   Code   RO         5467    i.vPortValidateInterruptPriority  port.o
    0x080140c0   0x080140c0   0x00000028   Code   RO         3961    i.vQueueAddToRegistry  queue.o
    0x080140e8   0x080140e8   0x0000002e   Code   RO         3962    i.vQueueDelete      queue.o
    0x08014116   0x08014116   0x00000002   PAD
    0x08014118   0x08014118   0x00000028   Code   RO         3964    i.vQueueUnregisterQueue  queue.o
    0x08014140   0x08014140   0x00000044   Code   RO         3965    i.vQueueWaitForMessageRestricted  queue.o
    0x08014184   0x08014184   0x0000004c   Code   RO         4372    i.vTaskDelay        tasks.o
    0x080141d0   0x080141d0   0x00000090   Code   RO         4374    i.vTaskDelete       tasks.o
    0x08014260   0x08014260   0x00000010   Code   RO         4377    i.vTaskInternalSetTimeOutState  tasks.o
    0x08014270   0x08014270   0x0000000c   Code   RO         4378    i.vTaskMissedYield  tasks.o
    0x0801427c   0x0801427c   0x00000030   Code   RO         4380    i.vTaskPlaceOnEventList  tasks.o
    0x080142ac   0x080142ac   0x00000038   Code   RO         4381    i.vTaskPlaceOnEventListRestricted  tasks.o
    0x080142e4   0x080142e4   0x00000090   Code   RO         4383    i.vTaskPriorityDisinheritAfterTimeout  tasks.o
    0x08014374   0x08014374   0x00000088   Code   RO         4389    i.vTaskStartScheduler  tasks.o
    0x080143fc   0x080143fc   0x00000010   Code   RO         4391    i.vTaskSuspendAll   tasks.o
    0x0801440c   0x0801440c   0x00000064   Code   RO         4392    i.vTaskSwitchContext  tasks.o
    0x08014470   0x08014470   0x000000f4   Code   RO         5468    i.xPortStartScheduler  port.o
    0x08014564   0x08014564   0x0000002c   Code   RO         5469    i.xPortSysTickHandler  port.o
    0x08014590   0x08014590   0x0000003a   Code   RO         3966    i.xQueueCreateCountingSemaphore  queue.o
    0x080145ca   0x080145ca   0x00000040   Code   RO         3967    i.xQueueCreateCountingSemaphoreStatic  queue.o
    0x0801460a   0x0801460a   0x00000016   Code   RO         3968    i.xQueueCreateMutex  queue.o
    0x08014620   0x08014620   0x0000001a   Code   RO         3969    i.xQueueCreateMutexStatic  queue.o
    0x0801463a   0x0801463a   0x00000042   Code   RO         3970    i.xQueueGenericCreate  queue.o
    0x0801467c   0x0801467c   0x00000066   Code   RO         3971    i.xQueueGenericCreateStatic  queue.o
    0x080146e2   0x080146e2   0x00000002   PAD
    0x080146e4   0x080146e4   0x00000088   Code   RO         3972    i.xQueueGenericReset  queue.o
    0x0801476c   0x0801476c   0x00000160   Code   RO         3973    i.xQueueGenericSend  queue.o
    0x080148cc   0x080148cc   0x000000be   Code   RO         3974    i.xQueueGenericSendFromISR  queue.o
    0x0801498a   0x0801498a   0x0000009c   Code   RO         3977    i.xQueueGiveFromISR  queue.o
    0x08014a26   0x08014a26   0x0000003e   Code   RO         3978    i.xQueueGiveMutexRecursive  queue.o
    0x08014a64   0x08014a64   0x00000138   Code   RO         3983    i.xQueueReceive     queue.o
    0x08014b9c   0x08014b9c   0x0000009a   Code   RO         3984    i.xQueueReceiveFromISR  queue.o
    0x08014c36   0x08014c36   0x00000002   PAD
    0x08014c38   0x08014c38   0x00000178   Code   RO         3985    i.xQueueSemaphoreTake  queue.o
    0x08014db0   0x08014db0   0x00000040   Code   RO         3986    i.xQueueTakeMutexRecursive  queue.o
    0x08014df0   0x08014df0   0x00000074   Code   RO         4394    i.xTaskCheckForTimeOut  tasks.o
    0x08014e64   0x08014e64   0x0000005a   Code   RO         4395    i.xTaskCreate       tasks.o
    0x08014ebe   0x08014ebe   0x00000056   Code   RO         4396    i.xTaskCreateStatic  tasks.o
    0x08014f14   0x08014f14   0x0000000c   Code   RO         4399    i.xTaskGetCurrentTaskHandle  tasks.o
    0x08014f20   0x08014f20   0x0000001c   Code   RO         4400    i.xTaskGetSchedulerState  tasks.o
    0x08014f3c   0x08014f3c   0x0000000c   Code   RO         4401    i.xTaskGetTickCount  tasks.o
    0x08014f48   0x08014f48   0x00000010   Code   RO         4402    i.xTaskGetTickCountFromISR  tasks.o
    0x08014f58   0x08014f58   0x000000c8   Code   RO         4403    i.xTaskIncrementTick  tasks.o
    0x08015020   0x08015020   0x00000080   Code   RO         4406    i.xTaskPriorityDisinherit  tasks.o
    0x080150a0   0x080150a0   0x00000078   Code   RO         4407    i.xTaskPriorityInherit  tasks.o
    0x08015118   0x08015118   0x00000070   Code   RO         4408    i.xTaskRemoveFromEventList  tasks.o
    0x08015188   0x08015188   0x000000c4   Code   RO         4409    i.xTaskResumeAll    tasks.o
    0x0801524c   0x0801524c   0x00000060   Code   RO         4734    i.xTimerCreateTimerTask  timers.o
    0x080152ac   0x080152ac   0x00000068   Code   RO         4735    i.xTimerGenericCommand  timers.o
    0x08015314   0x08015314   0x0000000a   Code   RO        10785    x$fpl$fpinit        fz_wm.l(fpinit.o)
    0x0801531e   0x0801531e   0x00000002   PAD
    0x08015320   0x08015320   0x00000048   Data   RO          363    .constdata          freertos.o
    0x08015368   0x08015368   0x0000000c   Data   RO          681    .constdata          ethernetif.o
    0x08015374   0x08015374   0x00000010   Data   RO         3746    .constdata          system_stm32f4xx.o
    0x08015384   0x08015384   0x00000008   Data   RO         3747    .constdata          system_stm32f4xx.o
    0x0801538c   0x0801538c   0x00000006   Data   RO         6065    .constdata          ethernet.o
    0x08015392   0x08015392   0x00000006   Data   RO         6066    .constdata          ethernet.o
    0x08015398   0x08015398   0x00000003   Data   RO         6744    .constdata          api_msg.o
    0x0801539b   0x0801539b   0x00000001   PAD
    0x0801539c   0x0801539c   0x0000000c   Data   RO         8058    .constdata          memp.o
    0x080153a8   0x080153a8   0x0000000c   Data   RO         8059    .constdata          memp.o
    0x080153b4   0x080153b4   0x0000000c   Data   RO         8060    .constdata          memp.o
    0x080153c0   0x080153c0   0x0000000c   Data   RO         8061    .constdata          memp.o
    0x080153cc   0x080153cc   0x0000000c   Data   RO         8062    .constdata          memp.o
    0x080153d8   0x080153d8   0x0000000c   Data   RO         8063    .constdata          memp.o
    0x080153e4   0x080153e4   0x0000000c   Data   RO         8064    .constdata          memp.o
    0x080153f0   0x080153f0   0x0000000c   Data   RO         8065    .constdata          memp.o
    0x080153fc   0x080153fc   0x0000000c   Data   RO         8066    .constdata          memp.o
    0x08015408   0x08015408   0x0000000c   Data   RO         8067    .constdata          memp.o
    0x08015414   0x08015414   0x0000000c   Data   RO         8068    .constdata          memp.o
    0x08015420   0x08015420   0x0000000c   Data   RO         8069    .constdata          memp.o
    0x0801542c   0x0801542c   0x0000000c   Data   RO         8070    .constdata          memp.o
    0x08015438   0x08015438   0x0000000c   Data   RO         8071    .constdata          memp.o
    0x08015444   0x08015444   0x00000038   Data   RO         8072    .constdata          memp.o
    0x0801547c   0x0801547c   0x00000054   Data   RO         8698    .constdata          tcp.o
    0x080154d0   0x080154d0   0x00000030   Data   RO         9215    .constdata          timeouts.o
    0x08015500   0x08015500   0x00000004   Data   RO         9868    .constdata          ip4_addr.o
    0x08015504   0x08015504   0x00000004   Data   RO         9869    .constdata          ip4_addr.o
    0x08015508   0x08015508   0x00000028   Data   RO        10600    .constdata          c_w.l(_printf_hex_int.o)
    0x08015530   0x08015530   0x00000011   Data   RO        10630    .constdata          c_w.l(__printf_flags_wp.o)
    0x08015541   0x08015541   0x00000003   PAD
    0x08015544   0x08015544   0x0000005c   Data   RO          364    .conststring        freertos.o
    0x080155a0   0x080155a0   0x00000075   Data   RO         8699    .conststring        tcp.o
    0x08015615   0x08015615   0x00000003   PAD
    0x08015618   0x08015618   0x00000055   Data   RO         9069    .conststring        tcp_out.o
    0x0801566d   0x0801566d   0x00000003   PAD
    0x08015670   0x08015670   0x00000042   Data   RO         9471    .conststring        dhcp.o
    0x080156b2   0x080156b2   0x00000002   PAD
    0x080156b4   0x080156b4   0x00000041   Data   RO         9659    .conststring        etharp.o
    0x080156f5   0x080156f5   0x00000003   PAD
    0x080156f8   0x080156f8   0x00000040   Data   RO        10878    Region$$Table       anon$$obj.o


    Execution Region RW_IRAM1 (Exec base: 0x20000000, Load base: 0x08015738, Size: 0x00018868, Max: 0x0001c000, ABSOLUTE)

    Exec Addr    Load Addr    Size         Type   Attr      Idx    E Section Name        Object

    0x20000000   0x08015738   0x00000004   Data   RW          365    .data               freertos.o
    0x20000004   0x0801573c   0x00000004   Data   RW          472    .data               usart.o
    0x20000008   0x08015740   0x00000012   Data   RW          682    .data               ethernetif.o
    0x2000001a   0x08015752   0x00000002   PAD
    0x2000001c   0x08015754   0x0000000c   Data   RW          800    .data               lwip.o
    0x20000028   0x08015760   0x0000000c   Data   RW         2800    .data               stm32f4xx_hal.o
    0x20000034   0x0801576c   0x00000004   Data   RW         3748    .data               system_stm32f4xx.o
    0x20000038   0x08015770   0x00000020   Data   RW         5414    .data               heap_4.o
    0x20000058   0x08015790   0x0000000c   Data   RW         7726    .data               dns.o
    0x20000064   0x0801579c   0x00000010   Data   RW         7968    .data               mem.o
    0x20000074   0x080157ac   0x00000004   Data   RW         8073    .data               memp.o
    0x20000078   0x080157b0   0x00000004   Data   RW         8075    .data               memp.o
    0x2000007c   0x080157b4   0x00000004   Data   RW         8077    .data               memp.o
    0x20000080   0x080157b8   0x00000004   Data   RW         8079    .data               memp.o
    0x20000084   0x080157bc   0x00000004   Data   RW         8081    .data               memp.o
    0x20000088   0x080157c0   0x00000004   Data   RW         8083    .data               memp.o
    0x2000008c   0x080157c4   0x00000004   Data   RW         8085    .data               memp.o
    0x20000090   0x080157c8   0x00000020   Data   RW         8700    .data               tcp.o
    0x200000b0   0x080157e8   0x0000000c   Data   RW         9217    .data               timeouts.o
    0x200000bc   0x080157f4   0x00000010   Data   RW         9472    .data               dhcp.o
    0x200000cc   0x08015804   0x00000004   Data   RW        10208    .data               sys_arch.o
    0x200000d0        -       0x00000048   Zero   RW          471    .bss                usart.o
    0x20000118        -       0x00004983   Zero   RW          679    .bss                ethernetif.o
    0x20004a9b   0x08015808   0x00000001   PAD
    0x20004a9c        -       0x00000228   Zero   RW          680    .bss                ethernetif.o
    0x20004cc4        -       0x00000040   Zero   RW         3987    .bss                queue.o
    0x20004d04        -       0x000004c4   Zero   RW         4411    .bss                tasks.o
    0x200051c8        -       0x00000118   Zero   RW         4742    .bss                timers.o
    0x200052e0        -       0x000006b8   Zero   RW         4967    .bss                cmsis_os2.o
    0x20005998        -       0x00003c00   Zero   RW         5413    .bss                heap_4.o
    0x20009598        -       0x00000480   Zero   RW         7724    .bss                dns.o
    0x20009a18        -       0x00007d13   Zero   RW         7967    .bss                mem.o
    0x2001172b        -       0x00000083   Zero   RW         8044    .bss                memp.o
    0x200117ae        -       0x00000523   Zero   RW         8045    .bss                memp.o
    0x20011cd1        -       0x00000203   Zero   RW         8047    .bss                memp.o
    0x20011ed4        -       0x000000a3   Zero   RW         8048    .bss                memp.o
    0x20011f77        -       0x0000016b   Zero   RW         8049    .bss                memp.o
    0x200120e2        -       0x00000083   Zero   RW         8053    .bss                memp.o
    0x20012165        -       0x00000137   Zero   RW         8055    .bss                memp.o
    0x2001229c        -       0x00006043   Zero   RW         8057    .bss                memp.o
    0x200182df   0x08015808   0x00000001   PAD
    0x200182e0        -       0x00000032   Zero   RW         9470    .bss                dhcp.o
    0x20018312   0x08015808   0x00000002   PAD
    0x20018314        -       0x000000f0   Zero   RW         9658    .bss                etharp.o
    0x20018404        -       0x00000060   Zero   RW        10756    .bss                c_w.l(libspace.o)
    0x20018464   0x08015808   0x00000004   PAD
    0x20018468        -       0x00000400   Zero   RW            1    STACK               startup_stm32f407xx.o


    Execution Region RW_IRAM2 (Exec base: 0x2001c000, Load base: 0x08015808, Size: 0x00000868, Max: 0x00004000, ABSOLUTE)

    Exec Addr    Load Addr    Size         Type   Attr      Idx    E Section Name        Object

    0x2001c000   0x08015808   0x00000004   Data   RW          683    .data               ethernetif.o
    0x2001c004   0x0801580c   0x0000003c   Data   RW         4412    .data               tasks.o
    0x2001c040   0x08015848   0x00000014   Data   RW         4743    .data               timers.o
    0x2001c054   0x0801585c   0x00000004   Data   RW         4968    .data               cmsis_os2.o
    0x2001c058   0x08015860   0x0000000c   Data   RW         5470    .data               port.o
    0x2001c064   0x0801586c   0x00000010   Data   RW         7494    .data               tcpip.o
    0x2001c074   0x0801587c   0x00000004   Data   RW         8074    .data               memp.o
    0x2001c078   0x08015880   0x00000004   Data   RW         8076    .data               memp.o
    0x2001c07c   0x08015884   0x00000004   Data   RW         8078    .data               memp.o
    0x2001c080   0x08015888   0x00000004   Data   RW         8080    .data               memp.o
    0x2001c084   0x0801588c   0x00000004   Data   RW         8082    .data               memp.o
    0x2001c088   0x08015890   0x00000004   Data   RW         8084    .data               memp.o
    0x2001c08c   0x08015894   0x00000004   Data   RW         8086    .data               memp.o
    0x2001c090   0x08015898   0x0000000c   Data   RW         8207    .data               netif.o
    0x2001c09c   0x080158a4   0x00000001   Data   RW         8401    .data               pbuf.o
    0x2001c09d   0x080158a5   0x00000003   PAD
    0x2001c0a0   0x080158a8   0x00000024   Data   RW         8968    .data               tcp_in.o
    0x2001c0c4   0x080158cc   0x00000008   Data   RW         9310    .data               udp.o
    0x2001c0cc   0x080158d4   0x00000001   Data   RW         9660    .data               etharp.o
    0x2001c0cd   0x080158d5   0x00000001   PAD
    0x2001c0ce   0x080158d6   0x00000002   Data   RW         9812    .data               ip4.o
    0x2001c0d0   0x080158d8   0x00000008   Data   RW         9939    .data               ip4_frag.o
    0x2001c0d8        -       0x00000048   Zero   RW          628    .bss                stm32f4xx_hal_timebase_tim.o
    0x2001c120        -       0x0000005c   Zero   RW          799    .bss                lwip.o
    0x2001c17c        -       0x00000018   Zero   RW         7935    .bss                ip.o
    0x2001c194        -       0x0000011b   Zero   RW         8046    .bss                memp.o
    0x2001c2af        -       0x00000023   Zero   RW         8050    .bss                memp.o
    0x2001c2d2        -       0x000000a3   Zero   RW         8051    .bss                memp.o
    0x2001c375        -       0x00000083   Zero   RW         8052    .bss                memp.o
    0x2001c3f8        -       0x00000063   Zero   RW         8054    .bss                memp.o
    0x2001c45b        -       0x00000103   Zero   RW         8056    .bss                memp.o
    0x2001c55e   0x080158e0   0x00000002   PAD
    0x2001c560        -       0x00000010   Zero   RW         8967    .bss                tcp_in.o
    0x2001c570        -       0x00000010   Zero   RW         9867    .bss                ip4_addr.o
    0x2001c580        -       0x000000e4   Zero   RW        10646    .bss                c_w.l(rand.o)
    0x2001c664   0x080158e0   0x00000004   PAD
    0x2001c668        -       0x00000200   Zero   RW            2    HEAP                startup_stm32f407xx.o


==============================================================================

Image component sizes


      Code (inc. data)   RO Data    RW Data    ZI Data      Debug   Object Name

      2790       1428          0          0          0      36447   api_lib.o
      6430       2782          3          0          0      38399   api_msg.o
         0          0          0          0          0       2176   auth.o
         0          0          0          0          0       4123   bridgeif.o
      1320         40          0          4       1720      77196   cmsis_os2.o
         8          0          0          0          0       1090   def.o
      6348       2138         66         16         50      28700   dhcp.o
      1026        298          0         12       1152      11421   dns.o
         0          0          0          0          0       1812   err.o
      2956       1188         65          1        240      12723   etharp.o
       412        154         12          0          0       2698   ethernet.o
      1746        516         12         22      19371      11170   ethernetif.o
         0          0          0          0          0      19420   event_groups.o
       680        444        164          4          0      11871   freertos.o
         0          0          0          0          0        596   fs.o
        76          6          0          0          0        859   gpio.o
       472         24          0         32      15360       4827   heap_4.o
         0          0          0          0          0       5647   httpd.o
       832        352          0          0          0       4466   icmp.o
       336          0          0          0          0       5336   inet_chksum.o
        38          0          0          0          0      10135   init.o
         0          0          0          0         24       3206   ip.o
      1014        184          0          2          0       5840   ip4.o
       178          4          8          0         16      10510   ip4_addr.o
      2924       1162          0          8          0      11650   ip4_frag.o
       138          0          0          0          0       3510   list.o
       158         34          0         12         92       1289   lwip.o
       448        256          0          0          0       6944   lwip_echo.o
       260         64          0          0          0     752913   main.o
      2172       1044          0         16      32019       8029   mem.o
      1022        720        224         56      28542      12386   memp.o
       286        180          0          0          0      10754   netbuf.o
      1794        998          0         12          0      16116   netif.o
      4082       2132          0          1          0      21179   pbuf.o
       786         82          0         12          0      11433   port.o
      2728         28          0          0         64      31741   queue.o
        64         26        392          0       1536        836   startup_stm32f407xx.o
       116         18          0         12          0       8674   stm32f4xx_hal.o
       158         14          0          0          0      32998   stm32f4xx_hal_cortex.o
       182          0          0          0          0       2079   stm32f4xx_hal_dma.o
      2936         56          0          0          0      24920   stm32f4xx_hal_eth.o
       496         46          0          0          0       1524   stm32f4xx_hal_gpio.o
        56          4          0          0          0        854   stm32f4xx_hal_msp.o
      1408         82          0          0          0       5877   stm32f4xx_hal_rcc.o
       740         72          0          0          0       7444   stm32f4xx_hal_tim.o
         4          0          0          0          0       1617   stm32f4xx_hal_tim_ex.o
       152         20          0          0         72       1463   stm32f4xx_hal_timebase_tim.o
      1576         14          0          0          0      10448   stm32f4xx_hal_uart.o
        48         18          0          0          0       4136   stm32f4xx_it.o
         0          0          0          0          0        392   stream_buffer.o
       440         16          0          4          0      17960   sys_arch.o
        16          4         24          4          0       1111   system_stm32f4xx.o
      2544        216          0         60       1220      31362   tasks.o
      8048       4026        201         32          0      41624   tcp.o
      6934       2032          0         36         16      22651   tcp_in.o
      8580       4058         85          0          0      34874   tcp_out.o
      1164        666          0         16          0       8294   tcpip.o
       760        374         48         12          0       7455   timeouts.o
       972         80          0         20        280      32027   timers.o
      2978       1542          0          8          0      13176   udp.o
       206         26          0          4         72       3966   usart.o

    ----------------------------------------------------------------------
     84126      29668       1380        424     101852    1516374   Object Totals
         0          0         64          0          0          0   (incl. Generated)
        88          0         12          6          6          0   (incl. Padding)

    ----------------------------------------------------------------------

      Code (inc. data)   RO Data    RW Data    ZI Data      Debug   Library Member Name

        58          0          0          0          0          0   __dczerorl.o
         8          0          0          0          0         68   __main.o
       312          4         17          0          0         92   __printf_flags_wp.o
        14          0          0          0          0         68   __printf_wp.o
         0          0          0          0          0          0   __rtentry.o
        12          0          0          0          0          0   __rtentry2.o
         6          0          0          0          0          0   __rtentry4.o
        52          8          0          0          0          0   __scatter.o
        26          0          0          0          0          0   __scatter_copy.o
        28          0          0          0          0          0   __scatter_zi.o
        44          0          0          0          0        108   _printf_char.o
        48          6          0          0          0         96   _printf_char_common.o
        36          4          0          0          0         80   _printf_char_file.o
         6          0          0          0          0          0   _printf_d.o
       120         16          0          0          0         92   _printf_dec.o
        88          4         40          0          0         88   _printf_hex_int.o
       178          0          0          0          0         88   _printf_intcommon.o
        78          0          0          0          0        108   _printf_pad.o
         0          0          0          0          0          0   _printf_percent.o
         4          0          0          0          0          0   _printf_percent_end.o
         6          0          0          0          0          0   _printf_s.o
        82          0          0          0          0         80   _printf_str.o
         6          0          0          0          0          0   _printf_x.o
        16          0          0          0          0         68   aeabi_memset.o
        18          0          0          0          0         80   exit.o
         8          0          0          0          0         68   ferror.o
         6          0          0          0          0        152   heapauxi.o
         2          0          0          0          0          0   libinit.o
        10          0          0          0          0          0   libinit2.o
         2          0          0          0          0          0   libshutdown.o
         2          0          0          0          0          0   libshutdown2.o
         8          4          0          0         96         68   libspace.o
       238          0          0          0          0        100   lludivv7m.o
        88          0          0          0          0         76   memcmp.o
        24          4          0          0          0         84   noretval__2printf.o
       112         18          0          0        228        160   rand.o
        68          0          0          0          0         68   rt_memclr.o
        78          0          0          0          0         80   rt_memclr_w.o
       138          0          0          0          0         68   rt_memcpy_v6.o
       100          0          0          0          0         80   rt_memcpy_w.o
         2          0          0          0          0          0   rtexit.o
        10          0          0          0          0          0   rtexit2.o
        62          0          0          0          0         76   strlen.o
        74          0          0          0          0         80   sys_stackheap_outer.o
         2          0          0          0          0         68   use_no_semi.o
         2          0          0          0          0         68   use_no_semi_2.o
        10          0          0          0          0        116   fpinit.o

    ----------------------------------------------------------------------
      2298         68         60          0        332       2528   Library Totals
         6          0          3          0          8          0   (incl. Padding)

    ----------------------------------------------------------------------

      Code (inc. data)   RO Data    RW Data    ZI Data      Debug   Library Name

      2282         68         57          0        324       2412   c_w.l
        10          0          0          0          0        116   fz_wm.l

    ----------------------------------------------------------------------
      2298         68         60          0        332       2528   Library Totals

    ----------------------------------------------------------------------

==============================================================================


      Code (inc. data)   RO Data    RW Data    ZI Data      Debug   

     86424      29736       1440        424     102184    1468370   Grand Totals
     86424      29736       1440        424     102184    1468370   ELF Image Totals
     86424      29736       1440        424          0          0   ROM Totals

==============================================================================

    Total RO  Size (Code + RO Data)                87864 (  85.80kB)
    Total RW  Size (RW Data + ZI Data)            102608 ( 100.20kB)
    Total ROM Size (Code + RO Data + RW Data)      88288 (  86.22kB)

==============================================================================

